Archive member included to satisfy reference by file (symbol)

C:/ST/STM32CubeIDE_1.12.0/STM32CubeIDE/plugins/com.st.stm32cube.ide.mcu.externaltools.gnu-tools-for-stm32.13.3.rel1.win32_1.0.0.202411081344/tools/bin/../lib/gcc/arm-none-eabi/13.3.1/../../../../arm-none-eabi/lib/thumb/v7e-m+fp/hard\libc_nano.a(libc_a-atof.o)
                              ./Core/Inc/neo6m.o (atof)
C:/ST/STM32CubeIDE_1.12.0/STM32CubeIDE/plugins/com.st.stm32cube.ide.mcu.externaltools.gnu-tools-for-stm32.13.3.rel1.win32_1.0.0.202411081344/tools/bin/../lib/gcc/arm-none-eabi/13.3.1/../../../../arm-none-eabi/lib/thumb/v7e-m+fp/hard\libc_nano.a(libc_a-atoi.o)
                              ./Core/Inc/neo6m.o (atoi)
C:/ST/STM32CubeIDE_1.12.0/STM32CubeIDE/plugins/com.st.stm32cube.ide.mcu.externaltools.gnu-tools-for-stm32.13.3.rel1.win32_1.0.0.202411081344/tools/bin/../lib/gcc/arm-none-eabi/13.3.1/../../../../arm-none-eabi/lib/thumb/v7e-m+fp/hard\libc_nano.a(libc_a-exit.o)
                              C:/ST/STM32CubeIDE_1.12.0/STM32CubeIDE/plugins/com.st.stm32cube.ide.mcu.externaltools.gnu-tools-for-stm32.13.3.rel1.win32_1.0.0.202411081344/tools/bin/../lib/gcc/arm-none-eabi/13.3.1/../../../../arm-none-eabi/lib/thumb/v7e-m+fp/hard/crt0.o (exit)
C:/ST/STM32CubeIDE_1.12.0/STM32CubeIDE/plugins/com.st.stm32cube.ide.mcu.externaltools.gnu-tools-for-stm32.13.3.rel1.win32_1.0.0.202411081344/tools/bin/../lib/gcc/arm-none-eabi/13.3.1/../../../../arm-none-eabi/lib/thumb/v7e-m+fp/hard\libc_nano.a(libc_a-strtod.o)
                              C:/ST/STM32CubeIDE_1.12.0/STM32CubeIDE/plugins/com.st.stm32cube.ide.mcu.externaltools.gnu-tools-for-stm32.13.3.rel1.win32_1.0.0.202411081344/tools/bin/../lib/gcc/arm-none-eabi/13.3.1/../../../../arm-none-eabi/lib/thumb/v7e-m+fp/hard\libc_nano.a(libc_a-atof.o) (strtod)
C:/ST/STM32CubeIDE_1.12.0/STM32CubeIDE/plugins/com.st.stm32cube.ide.mcu.externaltools.gnu-tools-for-stm32.13.3.rel1.win32_1.0.0.202411081344/tools/bin/../lib/gcc/arm-none-eabi/13.3.1/../../../../arm-none-eabi/lib/thumb/v7e-m+fp/hard\libc_nano.a(libc_a-strtol.o)
                              C:/ST/STM32CubeIDE_1.12.0/STM32CubeIDE/plugins/com.st.stm32cube.ide.mcu.externaltools.gnu-tools-for-stm32.13.3.rel1.win32_1.0.0.202411081344/tools/bin/../lib/gcc/arm-none-eabi/13.3.1/../../../../arm-none-eabi/lib/thumb/v7e-m+fp/hard\libc_nano.a(libc_a-atoi.o) (_strtol_r)
C:/ST/STM32CubeIDE_1.12.0/STM32CubeIDE/plugins/com.st.stm32cube.ide.mcu.externaltools.gnu-tools-for-stm32.13.3.rel1.win32_1.0.0.202411081344/tools/bin/../lib/gcc/arm-none-eabi/13.3.1/../../../../arm-none-eabi/lib/thumb/v7e-m+fp/hard\libc_nano.a(libc_a-ctype_.o)
                              C:/ST/STM32CubeIDE_1.12.0/STM32CubeIDE/plugins/com.st.stm32cube.ide.mcu.externaltools.gnu-tools-for-stm32.13.3.rel1.win32_1.0.0.202411081344/tools/bin/../lib/gcc/arm-none-eabi/13.3.1/../../../../arm-none-eabi/lib/thumb/v7e-m+fp/hard\libc_nano.a(libc_a-strtol.o) (_ctype_)
C:/ST/STM32CubeIDE_1.12.0/STM32CubeIDE/plugins/com.st.stm32cube.ide.mcu.externaltools.gnu-tools-for-stm32.13.3.rel1.win32_1.0.0.202411081344/tools/bin/../lib/gcc/arm-none-eabi/13.3.1/../../../../arm-none-eabi/lib/thumb/v7e-m+fp/hard\libc_nano.a(libc_a-findfp.o)
                              C:/ST/STM32CubeIDE_1.12.0/STM32CubeIDE/plugins/com.st.stm32cube.ide.mcu.externaltools.gnu-tools-for-stm32.13.3.rel1.win32_1.0.0.202411081344/tools/bin/../lib/gcc/arm-none-eabi/13.3.1/../../../../arm-none-eabi/lib/thumb/v7e-m+fp/hard\libc_nano.a(libc_a-exit.o) (__stdio_exit_handler)
C:/ST/STM32CubeIDE_1.12.0/STM32CubeIDE/plugins/com.st.stm32cube.ide.mcu.externaltools.gnu-tools-for-stm32.13.3.rel1.win32_1.0.0.202411081344/tools/bin/../lib/gcc/arm-none-eabi/13.3.1/../../../../arm-none-eabi/lib/thumb/v7e-m+fp/hard\libc_nano.a(libc_a-fwalk.o)
                              C:/ST/STM32CubeIDE_1.12.0/STM32CubeIDE/plugins/com.st.stm32cube.ide.mcu.externaltools.gnu-tools-for-stm32.13.3.rel1.win32_1.0.0.202411081344/tools/bin/../lib/gcc/arm-none-eabi/13.3.1/../../../../arm-none-eabi/lib/thumb/v7e-m+fp/hard\libc_nano.a(libc_a-findfp.o) (_fwalk_sglue)
C:/ST/STM32CubeIDE_1.12.0/STM32CubeIDE/plugins/com.st.stm32cube.ide.mcu.externaltools.gnu-tools-for-stm32.13.3.rel1.win32_1.0.0.202411081344/tools/bin/../lib/gcc/arm-none-eabi/13.3.1/../../../../arm-none-eabi/lib/thumb/v7e-m+fp/hard\libc_nano.a(libc_a-stdio.o)
                              C:/ST/STM32CubeIDE_1.12.0/STM32CubeIDE/plugins/com.st.stm32cube.ide.mcu.externaltools.gnu-tools-for-stm32.13.3.rel1.win32_1.0.0.202411081344/tools/bin/../lib/gcc/arm-none-eabi/13.3.1/../../../../arm-none-eabi/lib/thumb/v7e-m+fp/hard\libc_nano.a(libc_a-findfp.o) (__sread)
C:/ST/STM32CubeIDE_1.12.0/STM32CubeIDE/plugins/com.st.stm32cube.ide.mcu.externaltools.gnu-tools-for-stm32.13.3.rel1.win32_1.0.0.202411081344/tools/bin/../lib/gcc/arm-none-eabi/13.3.1/../../../../arm-none-eabi/lib/thumb/v7e-m+fp/hard\libc_nano.a(libc_a-memmove.o)
                              ./Core/Src/crsf_serial.o (memmove)
[...]
Memory Configuration

Name             Origin             Length             Attributes
RAM              0x20000000         0x00020000         xrw
FLASH            0x08000000         0x00080000         xr
*default*        0x00000000         0xffffffff

Linker script and memory map

LOAD C:/ST/STM32CubeIDE_1.12.0/STM32CubeIDE/plugins/com.st.stm32cube.ide.mcu.externaltools.gnu-tools-for-stm32.13.3.rel1.win32_1.0.0.202411081344/tools/bin/../lib/gcc/arm-none-eabi/13.3.1/thumb/v7e-m+fp/hard/crti.o
LOAD C:/ST/STM32CubeIDE_1.12.0/STM32CubeIDE/plugins/com.st.stm32cube.ide.mcu.externaltools.gnu-tools-for-stm32.13.3.rel1.win32_1.0.0.202411081344/tools/bin/../lib/gcc/arm-none-eabi/13.3.1/thumb/v7e-m+fp/hard/crtbegin.o
LOAD C:/ST/STM32CubeIDE_1.12.0/STM32CubeIDE/plugins/com.st.stm32cube.ide.mcu.externaltools.gnu-tools-for-stm32.13.3.rel1.win32_1.0.0.202411081344/tools/bin/../lib/gcc/arm-none-eabi/13.3.1/../../../../arm-none-eabi/lib/thumb/v7e-m+fp/hard/crt0.o
LOAD ./Core/Inc/neo6m.o
LOAD ./Core/Src/adc.o
LOAD ./Core/Src/crc8.o
LOAD ./Core/Src/crsf_serial.o
LOAD ./Core/Src/dma.o
LOAD ./Core/Src/gpio.o
LOAD ./Core/Src/i2c.o
LOAD ./Core/Src/main.o
LOAD ./Core/Src/mpu9250.o
LOAD ./Core/Src/servo_control.o
LOAD ./Core/Src/stm32f4xx_hal_msp.o
LOAD ./Core/Src/stm32f4xx_it.o
LOAD ./Core/Src/syscalls.o
LOAD ./Core/Src/sysmem.o
LOAD ./Core/Src/system_stm32f4xx.o
LOAD ./Core/Src/tim.o
LOAD ./Core/Src/usart.o
LOAD ./Core/Startup/startup_stm32f411ceux.o
LOAD ./Drivers/STM32F4xx_HAL_Driver/Src/stm32f4xx_hal.o
LOAD ./Drivers/STM32F4xx_HAL_Driver/Src/stm32f4xx_hal_adc.o
LOAD ./Drivers/STM32F4xx_HAL_Driver/Src/stm32f4xx_hal_adc_ex.o
LOAD ./Drivers/STM32F4xx_HAL_Driver/Src/stm32f4xx_hal_cortex.o
LOAD ./Drivers/STM32F4xx_HAL_Driver/Src/stm32f4xx_hal_dma.o
LOAD ./Drivers/STM32F4xx_HAL_Driver/Src/stm32f4xx_hal_dma_ex.o
LOAD ./Drivers/STM32F4xx_HAL_Driver/Src/stm32f4xx_hal_exti.o
LOAD ./Drivers/STM32F4xx_HAL_Driver/Src/stm32f4xx_hal_flash.o
LOAD ./Drivers/STM32F4xx_HAL_Driver/Src/stm32f4xx_hal_flash_ex.o
LOAD ./Drivers/STM32F4xx_HAL_Driver/Src/stm32f4xx_hal_flash_ramfunc.o
LOAD ./Drivers/STM32F4xx_HAL_Driver/Src/stm32f4xx_hal_gpio.o
LOAD ./Drivers/STM32F4xx_HAL_Driver/Src/stm32f4xx_hal_i2c.o
LOAD ./Drivers/STM32F4xx_HAL_Driver/Src/stm32f4xx_hal_i2c_ex.o
LOAD ./Drivers/STM32F4xx_HAL_Driver/Src/stm32f4xx_hal_pwr.o
LOAD ./Drivers/STM32F4xx_HAL_Driver/Src/stm32f4xx_hal_pwr_ex.o
LOAD ./Drivers/STM32F4xx_HAL_Driver/Src/stm32f4xx_hal_rcc.o
LOAD ./Drivers/STM32F4xx_HAL_Driver/Src/stm32f4xx_hal_rcc_ex.o
LOAD ./Drivers/STM32F4xx_HAL_Driver/Src/stm32f4xx_hal_tim.o
LOAD ./Drivers/STM32F4xx_HAL_Driver/Src/stm32f4xx_hal_tim_ex.o
LOAD ./Drivers/STM32F4xx_HAL_Driver/Src/stm32f4xx_hal_uart.o
LOAD ./Drivers/STM32F4xx_HAL_Driver/Src/stm32f4xx_ll_adc.o
START GROUP
LOAD C:/ST/STM32CubeIDE_1.12.0/STM32CubeIDE/plugins/com.st.stm32cube.ide.mcu.externaltools.gnu-tools-for-stm32.13.3.rel1.win32_1.0.0.202411081344/tools/bin/../lib/gcc/arm-none-eabi/13.3.1/../../../../arm-none-eabi/lib/thumb/v7e-m+fp/hard\libc_nano.a
LOAD C:/ST/STM32CubeIDE_1.12.0/STM32CubeIDE/plugins/com.st.stm32cube.ide.mcu.externaltools.gnu-tools-for-stm32.13.3.rel1.win32_1.0.0.202411081344/tools/bin/../lib/gcc/arm-none-eabi/13.3.1/../../../../arm-none-eabi/lib/thumb/v7e-m+fp/hard\libm.a
END GROUP
START GROUP
LOAD C:/ST/STM32CubeIDE_1.12.0/STM32CubeIDE/plugins/com.st.stm32cube.ide.mcu.externaltools.gnu-tools-for-stm32.13.3.rel1.win32_1.0.0.202411081344/tools/bin/../lib/gcc/arm-none-eabi/13.3.1/thumb/v7e-m+fp/hard\libgcc.a
LOAD C:/ST/STM32CubeIDE_1.12.0/STM32CubeIDE/plugins/com.st.stm32cube.ide.mcu.externaltools.gnu-tools-for-stm32.13.3.rel1.win32_1.0.0.202411081344/tools/bin/../lib/gcc/arm-none-eabi/13.3.1/../../../../arm-none-eabi/lib/thumb/v7e-m+fp/hard\libc_nano.a
END GROUP
START GROUP
LOAD C:/ST/STM32CubeIDE_1.12.0/STM32CubeIDE/plugins/com.st.stm32cube.ide.mcu.externaltools.gnu-tools-for-stm32.13.3.rel1.win32_1.0.0.202411081344/tools/bin/../lib/gcc/arm-none-eabi/13.3.1/thumb/v7e-m+fp/hard\libgcc.a
LOAD C:/ST/STM32CubeIDE_1.12.0/STM32CubeIDE/plugins/com.st.stm32cube.ide.mcu.externaltools.gnu-tools-for-stm32.13.3.rel1.win32_1.0.0.202411081344/tools/bin/../lib/gcc/arm-none-eabi/13.3.1/../../../../arm-none-eabi/lib/thumb/v7e-m+fp/hard\libc_nano.a
LOAD C:/ST/STM32CubeIDE_1.12.0/STM32CubeIDE/plugins/com.st.stm32cube.ide.mcu.externaltools.gnu-tools-for-stm32.13.3.rel1.win32_1.0.0.202411081344/tools/bin/../lib/gcc/arm-none-eabi/13.3.1/../../../../arm-none-eabi/lib/thumb/v7e-m+fp/hard\libnosys.a
END GROUP
START GROUP
LOAD C:/ST/STM32CubeIDE_1.12.0/STM32CubeIDE/plugins/com.st.stm32cube.ide.mcu.externaltools.gnu-tools-for-stm32.13.3.rel1.win32_1.0.0.202411081344/tools/bin/../lib/gcc/arm-none-eabi/13.3.1/thumb/v7e-m+fp/hard\libgcc.a
LOAD C:/ST/STM32CubeIDE_1.12.0/STM32CubeIDE/plugins/com.st.stm32cube.ide.mcu.externaltools.gnu-tools-for-stm32.13.3.rel1.win32_1.0.0.202411081344/tools/bin/../lib/gcc/arm-none-eabi/13.3.1/../../../../arm-none-eabi/lib/thumb/v7e-m+fp/hard\libc_nano.a
LOAD C:/ST/STM32CubeIDE_1.12.0/STM32CubeIDE/plugins/com.st.stm32cube.ide.mcu.externaltools.gnu-tools-for-stm32.13.3.rel1.win32_1.0.0.202411081344/tools/bin/../lib/gcc/arm-none-eabi/13.3.1/../../../../arm-none-eabi/lib/thumb/v7e-m+fp/hard\libnosys.a
END GROUP
LOAD C:/ST/STM32CubeIDE_1.12.0/STM32CubeIDE/plugins/com.st.stm32cube.ide.mcu.externaltools.gnu-tools-for-stm32.13.3.rel1.win32_1.0.0.202411081344/tools/bin/../lib/gcc/arm-none-eabi/13.3.1/thumb/v7e-m+fp/hard/crtend.o
LOAD C:/ST/STM32CubeIDE_1.12.0/STM32CubeIDE/plugins/com.st.stm32cube.ide.mcu.externaltools.gnu-tools-for-stm32.13.3.rel1.win32_1.0.0.202411081344/tools/bin/../lib/gcc/arm-none-eabi/13.3.1/thumb/v7e-m+fp/hard/crtn.o
                0x20020000                        _estack = (ORIGIN (RAM) + LENGTH (RAM))
                0x00000200                        _Min_Heap_Size = 0x200
                0x00000400                        _Min_Stack_Size = 0x400

.isr_vector     0x08000000      0x198
                0x08000000                        . = ALIGN (0x4)
 *(.isr_vector)
 .isr_vector    0x08000000      0x198 ./Core/Startup/startup_stm32f411ceux.o
                0x08000000                g_pfnVectors
                0x08000198                        . = ALIGN (0x4)

.text           0x080001a0     0xbb78
                0x080001a0                        . = ALIGN (0x4)
 *(.text)
 .text          0x080001a0       0x40 C:/ST/STM32CubeIDE_1.12.0/STM32CubeIDE/plugins/com.st.stm32cube.ide.mcu.externaltools.gnu-tools-for-stm32.13.3.rel1.win32_1.0.0.202411081344/tools/bin/../lib/gcc/arm-none-eabi/13.3.1/thumb/v7e-m+fp/hard/crtbegin.o
 .text          0x080001e0       0xa0 C:/ST/STM32CubeIDE_1.12.0/STM32CubeIDE/plugins/com.st.stm32cube.ide.mcu.externaltools.gnu-tools-for-stm32.13.3.rel1.win32_1.0.0.202411081344/tools/bin/../lib/gcc/arm-none-eabi/13.3.1/../../../../arm-none-eabi/lib/thumb/v7e-m+fp/hard\libc_nano.a(libc_a-memchr.o)
                0x080001e0                memchr
 .text          0x08000280      0x378 C:/ST/STM32CubeIDE_1.12.0/STM32CubeIDE/plugins/com.st.stm32cube.ide.mcu.externaltools.gnu-tools-for-stm32.13.3.rel1.win32_1.0.0.202411081344/tools/bin/../lib/gcc/arm-none-eabi/13.3.1/thumb/v7e-m+fp/hard\libgcc.a(_arm_addsubdf3.o)
                0x08000280                __aeabi_drsub
                0x08000288                __aeabi_dsub
                0x08000288                __subdf3
                0x0800028c                __aeabi_dadd
                0x0800028c                __adddf3
                0x08000504                __floatunsidf
                0x08000504                __aeabi_ui2d
                0x08000524                __floatsidf
                0x08000524                __aeabi_i2d
                0x08000548                __aeabi_f2d
                0x08000548                __extendsfdf2
                0x0800058c                __floatundidf
                0x0800058c                __aeabi_ul2d
                0x0800059c                __floatdidf
                0x0800059c                __aeabi_l2d
 .text          0x080005f8      0x424 C:/ST/STM32CubeIDE_1.12.0/STM32CubeIDE/plugins/com.st.stm32cube.ide.mcu.externaltools.gnu-tools-for-stm32.13.3.rel1.win32_1.0.0.202411081344/tools/bin/../lib/gcc/arm-none-eabi/13.3.1/thumb/v7e-m+fp/hard\libgcc.a(_arm_muldivdf3.o)
                0x080005f8                __aeabi_dmul
                0x080005f8                __muldf3
                0x0800084c                __divdf3
                0x0800084c                __aeabi_ddiv
 .text          0x08000a1c      0x110 C:/ST/STM32CubeIDE_1.12.0/STM32CubeIDE/plugins/com.st.stm32cube.ide.mcu.externaltools.gnu-tools-for-stm32.13.3.rel1.win32_1.0.0.202411081344/tools/bin/../lib/gcc/arm-none-eabi/13.3.1/thumb/v7e-m+fp/hard\libgcc.a(_arm_cmpdf2.o)
                0x08000a1c                __gtdf2
                0x08000a1c                __gedf2
                0x08000a24                __ltdf2
                0x08000a24                __ledf2
                0x08000a2c                __nedf2
                0x08000a2c                __eqdf2
                0x08000a2c                __cmpdf2
                0x08000aa8                __aeabi_cdrcmple
                0x08000ab8                __aeabi_cdcmpeq
                0x08000ab8                __aeabi_cdcmple
                0x08000ac8                __aeabi_dcmpeq
                0x08000adc                __aeabi_dcmplt
                0x08000af0                __aeabi_dcmple
                0x08000b04                __aeabi_dcmpge
                0x08000b18                __aeabi_dcmpgt
 .text          0x08000b2c       0x40 C:/ST/STM32CubeIDE_1.12.0/STM32CubeIDE/plugins/com.st.stm32cube.ide.mcu.externaltools.gnu-tools-for-stm32.13.3.rel1.win32_1.0.0.202411081344/tools/bin/../lib/gcc/arm-none-eabi/13.3.1/thumb/v7e-m+fp/hard\libgcc.a(_arm_fixunsdfsi.o)
                0x08000b2c                __aeabi_d2uiz
                0x08000b2c                __fixunsdfsi
 .text          0x08000b6c       0xa0 C:/ST/STM32CubeIDE_1.12.0/STM32CubeIDE/plugins/com.st.stm32cube.ide.mcu.externaltools.gnu-tools-for-stm32.13.3.rel1.win32_1.0.0.202411081344/tools/bin/../lib/gcc/arm-none-eabi/13.3.1/thumb/v7e-m+fp/hard\libgcc.a(_arm_truncdfsf2.o)
                0x08000b6c                __truncdfsf2
                0x08000b6c                __aeabi_d2f
 .text          0x08000c0c       0x30 C:/ST/STM32CubeIDE_1.12.0/STM32CubeIDE/plugins/com.st.stm32cube.ide.mcu.externaltools.gnu-tools-for-stm32.13.3.rel1.win32_1.0.0.202411081344/tools/bin/../lib/gcc/arm-none-eabi/13.3.1/thumb/v7e-m+fp/hard\libgcc.a(_aeabi_uldivmod.o)
                0x08000c0c                __aeabi_uldivmod
 .text          0x08000c3c       0x30 C:/ST/STM32CubeIDE_1.12.0/STM32CubeIDE/plugins/com.st.stm32cube.ide.mcu.externaltools.gnu-tools-for-stm32.13.3.rel1.win32_1.0.0.202411081344/tools/bin/../lib/gcc/arm-none-eabi/13.3.1/thumb/v7e-m+fp/hard\libgcc.a(_fixdfdi.o)
                0x08000c3c                __fixdfdi
                0x08000c3c                __aeabi_d2lz
 .text          0x08000c6c       0x3c C:/ST/STM32CubeIDE_1.12.0/STM32CubeIDE/plugins/com.st.stm32cube.ide.mcu.externaltools.gnu-tools-for-stm32.13.3.rel1.win32_1.0.0.202411081344/tools/bin/../lib/gcc/arm-none-eabi/13.3.1/thumb/v7e-m+fp/hard\libgcc.a(_fixunsdfdi.o)
                0x08000c6c                __fixunsdfdi
                0x08000c6c                __aeabi_d2ulz
 .text          0x08000ca8      0x2f8 C:/ST/STM32CubeIDE_1.12.0/STM32CubeIDE/plugins/com.st.stm32cube.ide.mcu.externaltools.gnu-tools-for-stm32.13.3.rel1.win32_1.0.0.202411081344/tools/bin/../lib/gcc/arm-none-eabi/13.3.1/thumb/v7e-m+fp/hard\libgcc.a(_udivmoddi4.o)
                0x08000ca8                __udivmoddi4
 .text          0x08000fa0        0x4 C:/ST/STM32CubeIDE_1.12.0/STM32CubeIDE/plugins/com.st.stm32cube.ide.mcu.externaltools.gnu-tools-for-stm32.13.3.rel1.win32_1.0.0.202411081344/tools/bin/../lib/gcc/arm-none-eabi/13.3.1/thumb/v7e-m+fp/hard\libgcc.a(_dvmd_tls.o)
                0x08000fa0                __aeabi_idiv0
                0x08000fa0                __aeabi_ldiv0
 *(.text*)
 .text.NEO6M_Process
                0x08000fa4      0x344 ./Core/Inc/neo6m.o
                0x08000fa4                NEO6M_Process
 .text.nmea_to_decimal
                0x080012e8       0x94 ./Core/Inc/neo6m.o
 .text.MX_ADC1_Init
                0x0800137c       0xa4 ./Core/Src/adc.o
                0x0800137c                MX_ADC1_Init
 .text.HAL_ADC_MspInit
                0x08001420      0x100 ./Core/Src/adc.o
                0x08001420                HAL_ADC_MspInit
 .text.crc8_dvb_s2
                0x08001520       0x76 ./Core/Src/crc8.o
                0x08001520                crc8_dvb_s2
 .text.CrsfSerial_Init
                0x08001596       0xa0 ./Core/Src/crsf_serial.o
                0x08001596                CrsfSerial_Init
 .text.ShiftBuffer
                0x08001636       0x58 ./Core/Src/crsf_serial.o
 .text.CrsfSerial_UnpackChannels
                0x0800168e      0x2e4 ./Core/Src/crsf_serial.o
 *fill*         0x08001972        0x2 
 .text.HandlePacket
                0x08001974      0x18c ./Core/Src/crsf_serial.o
 .text.ProcessByte
                0x08001b00       0x9c ./Core/Src/crsf_serial.o
                0x08001b00                ProcessByte
 .text.CrsfSerial_Loop
                0x08001b9c       0x48 ./Core/Src/crsf_serial.o
                0x08001b9c                CrsfSerial_Loop
 .text.CrsfSerial_UART_IdleCallback
                0x08001be4       0xe0 ./Core/Src/crsf_serial.o
                0x08001be4                CrsfSerial_UART_IdleCallback
 .text.CrsfSerial_WriteBuffer
                0x08001cc4       0x3a ./Core/Src/crsf_serial.o
                0x08001cc4                CrsfSerial_WriteBuffer
 .text.CrsfSerial_QueuePacket
                0x08001cfe       0x82 ./Core/Src/crsf_serial.o
                0x08001cfe                CrsfSerial_QueuePacket
 .text.CrsfSerial_IsLinkUp
                0x08001d80       0x1a ./Core/Src/crsf_serial.o
                0x08001d80                CrsfSerial_IsLinkUp
 *fill*         0x08001d9a        0x2 
 .text.MX_DMA_Init
                0x08001d9c       0x70 ./Core/Src/dma.o
                0x08001d9c                MX_DMA_Init
 .text.MX_GPIO_Init
                0x08001e0c       0xc0 ./Core/Src/gpio.o
                0x08001e0c                MX_GPIO_Init
 .text.MX_I2C1_Init
                0x08001ecc       0x5c ./Core/Src/i2c.o
                0x08001ecc                MX_I2C1_Init
 .text.HAL_I2C_MspInit
                0x08001f28       0x90 ./Core/Src/i2c.o
                0x08001f28                HAL_I2C_MspInit
 .text.htobe32  0x08001fb8       0x18 ./Core/Src/main.o
 .text.onPacketChannelsReceived
                0x08001fd0       0x60 ./Core/Src/main.o
                0x08001fd0                onPacketChannelsReceived
 .text.onLinkDown
                0x08002030       0x1c ./Core/Src/main.o
                0x08002030                onLinkDown
 .text.GetBatteryVoltage
                0x0800204c       0x60 ./Core/Src/main.o
                0x0800204c                GetBatteryVoltage
 .text.sendBatteryTelemetry
                0x080020ac       0xb8 ./Core/Src/main.o
 .text.main     0x08002164      0x1f4 ./Core/Src/main.o
                0x08002164                main
 .text.SystemClock_Config
                0x08002358       0xd0 ./Core/Src/main.o
                0x08002358                SystemClock_Config
 .text.Error_Handler
                0x08002428        0xc ./Core/Src/main.o
                0x08002428                Error_Handler
 .text.mpu_init
                0x08002434      0x120 ./Core/Src/mpu9250.o
                0x08002434                mpu_init
 .text.MPU_readRawData
                0x08002554       0xb0 ./Core/Src/mpu9250.o
                0x08002554                MPU_readRawData
 .text.MPU_calibrateGyro
                0x08002604       0xd8 ./Core/Src/mpu9250.o
                0x08002604                MPU_calibrateGyro
 .text.MPU_readProcessedData
                0x080026dc      0x120 ./Core/Src/mpu9250.o
                0x080026dc                MPU_readProcessedData
 *fill*         0x080027fc        0x4 
 .text.MPU_calcAttitude
                0x08002800      0x168 ./Core/Src/mpu9250.o
                0x08002800                MPU_calcAttitude
 .text.map      0x08002968       0x38 ./Core/Src/servo_control.o
                0x08002968                map
 .text.ServoControl_Init
                0x080029a0       0x38 ./Core/Src/servo_control.o
                0x080029a0                ServoControl_Init
 .text.ServoControl_Update
                0x080029d8      0x16c ./Core/Src/servo_control.o
                0x080029d8                ServoControl_Update
 .text.HAL_MspInit
                0x08002b44       0x50 ./Core/Src/stm32f4xx_hal_msp.o
                0x08002b44                HAL_MspInit
 .text.NMI_Handler
                0x08002b94        0x8 ./Core/Src/stm32f4xx_it.o
                0x08002b94                NMI_Handler
 .text.HardFault_Handler
                0x08002b9c        0x8 ./Core/Src/stm32f4xx_it.o
                0x08002b9c                HardFault_Handler
 .text.MemManage_Handler
                0x08002ba4        0x8 ./Core/Src/stm32f4xx_it.o
                0x08002ba4                MemManage_Handler
 .text.BusFault_Handler
                0x08002bac        0x8 ./Core/Src/stm32f4xx_it.o
                0x08002bac                BusFault_Handler
 .text.UsageFault_Handler
                0x08002bb4        0x8 ./Core/Src/stm32f4xx_it.o
                0x08002bb4                UsageFault_Handler
 .text.SVC_Handler
                0x08002bbc        0xe ./Core/Src/stm32f4xx_it.o
                0x08002bbc                SVC_Handler
 .text.DebugMon_Handler
                0x08002bca        0xe ./Core/Src/stm32f4xx_it.o
                0x08002bca                DebugMon_Handler
 .text.PendSV_Handler
                0x08002bd8        0xe ./Core/Src/stm32f4xx_it.o
                0x08002bd8                PendSV_Handler
 .text.SysTick_Handler
                0x08002be6        0xc ./Core/Src/stm32f4xx_it.o
                0x08002be6                SysTick_Handler
 *fill*         0x08002bf2        0x2 
 .text.ADC_IRQHandler
                0x08002bf4       0x14 ./Core/Src/stm32f4xx_it.o
                0x08002bf4                ADC_IRQHandler
 .text.USART1_IRQHandler
                0x08002c08       0x48 ./Core/Src/stm32f4xx_it.o
                0x08002c08                USART1_IRQHandler
 .text.DMA2_Stream0_IRQHandler
                0x08002c50       0x14 ./Core/Src/stm32f4xx_it.o
                0x08002c50                DMA2_Stream0_IRQHandler
 .text.DMA2_Stream1_IRQHandler
                0x08002c64       0x14 ./Core/Src/stm32f4xx_it.o
                0x08002c64                DMA2_Stream1_IRQHandler
 .text.DMA2_Stream2_IRQHandler
                0x08002c78       0x14 ./Core/Src/stm32f4xx_it.o
                0x08002c78                DMA2_Stream2_IRQHandler
 .text.DMA2_Stream7_IRQHandler
                0x08002c8c       0x14 ./Core/Src/stm32f4xx_it.o
                0x08002c8c                DMA2_Stream7_IRQHandler
 .text.USART6_IRQHandler
                0x08002ca0       0xc4 ./Core/Src/stm32f4xx_it.o
                0x08002ca0                USART6_IRQHandler
 .text._getpid  0x08002d64       0x10 ./Core/Src/syscalls.o
                0x08002d64                _getpid
 .text._kill    0x08002d74       0x20 ./Core/Src/syscalls.o
                0x08002d74                _kill
 .text._exit    0x08002d94       0x16 ./Core/Src/syscalls.o
                0x08002d94                _exit
 .text._read    0x08002daa       0x3a ./Core/Src/syscalls.o
                0x08002daa                _read
 .text._write   0x08002de4       0x38 ./Core/Src/syscalls.o
                0x08002de4                _write
 .text._close   0x08002e1c       0x18 ./Core/Src/syscalls.o
                0x08002e1c                _close
 .text._fstat   0x08002e34       0x20 ./Core/Src/syscalls.o
                0x08002e34                _fstat
 .text._isatty  0x08002e54       0x16 ./Core/Src/syscalls.o
                0x08002e54                _isatty
 .text._lseek   0x08002e6a       0x1a ./Core/Src/syscalls.o
                0x08002e6a                _lseek
 .text._sbrk    0x08002e84       0x6c ./Core/Src/sysmem.o
                0x08002e84                _sbrk
 .text.SystemInit
                0x08002ef0       0x24 ./Core/Src/system_stm32f4xx.o
                0x08002ef0                SystemInit
 .text.MX_TIM2_Init
                0x08002f14      0x118 ./Core/Src/tim.o
                0x08002f14                MX_TIM2_Init
 .text.MX_TIM3_Init
                0x0800302c      0x104 ./Core/Src/tim.o
                0x0800302c                MX_TIM3_Init
 .text.HAL_TIM_Base_MspInit
                0x08003130       0x6c ./Core/Src/tim.o
                0x08003130                HAL_TIM_Base_MspInit
 .text.HAL_TIM_MspPostInit
                0x0800319c      0x100 ./Core/Src/tim.o
                0x0800319c                HAL_TIM_MspPostInit
 .text.MX_USART1_UART_Init
                0x0800329c       0x54 ./Core/Src/usart.o
                0x0800329c                MX_USART1_UART_Init
 .text.MX_USART6_UART_Init
                0x080032f0       0x54 ./Core/Src/usart.o
                0x080032f0                MX_USART6_UART_Init
 .text.HAL_UART_MspInit
                0x08003344      0x24c ./Core/Src/usart.o
                0x08003344                HAL_UART_MspInit
 .text.Reset_Handler
                0x08003590       0x50 ./Core/Startup/startup_stm32f411ceux.o
                0x08003590                Reset_Handler
 .text.Default_Handler
                0x080035e0        0x2 ./Core/Startup/startup_stm32f411ceux.o
                0x080035e0                RTC_Alarm_IRQHandler
                0x080035e0                EXTI2_IRQHandler
                0x080035e0                SPI4_IRQHandler
                0x080035e0                TIM1_CC_IRQHandler
                0x080035e0                DMA2_Stream5_IRQHandler
                0x080035e0                DMA1_Stream5_IRQHandler
                0x080035e0                PVD_IRQHandler
                0x080035e0                SDIO_IRQHandler
                0x080035e0                TAMP_STAMP_IRQHandler
                0x080035e0                EXTI3_IRQHandler
                0x080035e0                TIM1_UP_TIM10_IRQHandler
                0x080035e0                I2C3_ER_IRQHandler
                0x080035e0                EXTI0_IRQHandler
                0x080035e0                I2C2_EV_IRQHandler
                0x080035e0                DMA1_Stream2_IRQHandler
                0x080035e0                FPU_IRQHandler
                0x080035e0                SPI1_IRQHandler
                0x080035e0                TIM1_BRK_TIM9_IRQHandler
                0x080035e0                DMA2_Stream3_IRQHandler
                0x080035e0                TIM4_IRQHandler
                0x080035e0                I2C1_EV_IRQHandler
                0x080035e0                DMA1_Stream6_IRQHandler
                0x080035e0                DMA1_Stream1_IRQHandler
                0x080035e0                TIM3_IRQHandler
                0x080035e0                RCC_IRQHandler
                0x080035e0                Default_Handler
                0x080035e0                EXTI15_10_IRQHandler
                0x080035e0                DMA1_Stream7_IRQHandler
                0x080035e0                SPI5_IRQHandler
                0x080035e0                TIM5_IRQHandler
                0x080035e0                I2C3_EV_IRQHandler
                0x080035e0                EXTI9_5_IRQHandler
                0x080035e0                RTC_WKUP_IRQHandler
                0x080035e0                SPI2_IRQHandler
                0x080035e0                DMA1_Stream0_IRQHandler
                0x080035e0                EXTI4_IRQHandler
                0x080035e0                WWDG_IRQHandler
                0x080035e0                TIM2_IRQHandler
                0x080035e0                OTG_FS_WKUP_IRQHandler
                0x080035e0                TIM1_TRG_COM_TIM11_IRQHandler
                0x080035e0                EXTI1_IRQHandler
                0x080035e0                USART2_IRQHandler
                0x080035e0                I2C2_ER_IRQHandler
                0x080035e0                FLASH_IRQHandler
                0x080035e0                DMA2_Stream4_IRQHandler
                0x080035e0                OTG_FS_IRQHandler
                0x080035e0                SPI3_IRQHandler
                0x080035e0                DMA1_Stream4_IRQHandler
                0x080035e0                I2C1_ER_IRQHandler
                0x080035e0                DMA2_Stream6_IRQHandler
                0x080035e0                DMA1_Stream3_IRQHandler
 *fill*         0x080035e2        0x2 
 .text.HAL_Init
                0x080035e4       0x44 ./Drivers/STM32F4xx_HAL_Driver/Src/stm32f4xx_hal.o
                0x080035e4                HAL_Init
 .text.HAL_InitTick
                0x08003628       0x60 ./Drivers/STM32F4xx_HAL_Driver/Src/stm32f4xx_hal.o
                0x08003628                HAL_InitTick
 .text.HAL_IncTick
                0x08003688       0x28 ./Drivers/STM32F4xx_HAL_Driver/Src/stm32f4xx_hal.o
                0x08003688                HAL_IncTick
 .text.HAL_GetTick
                0x080036b0       0x18 ./Drivers/STM32F4xx_HAL_Driver/Src/stm32f4xx_hal.o
                0x080036b0                HAL_GetTick
 .text.HAL_Delay
                0x080036c8       0x48 ./Drivers/STM32F4xx_HAL_Driver/Src/stm32f4xx_hal.o
                0x080036c8                HAL_Delay
 .text.HAL_ADC_Init
                0x08003710       0x86 ./Drivers/STM32F4xx_HAL_Driver/Src/stm32f4xx_hal_adc.o
                0x08003710                HAL_ADC_Init
 .text.HAL_ADC_IRQHandler
                0x08003796      0x220 ./Drivers/STM32F4xx_HAL_Driver/Src/stm32f4xx_hal_adc.o
                0x08003796                HAL_ADC_IRQHandler
 *fill*         0x080039b6        0x2 
 .text.HAL_ADC_Start_DMA
                0x080039b8      0x1e0 ./Drivers/STM32F4xx_HAL_Driver/Src/stm32f4xx_hal_adc.o
                0x080039b8                HAL_ADC_Start_DMA
 .text.HAL_ADC_ConvCpltCallback
                0x08003b98       0x14 ./Drivers/STM32F4xx_HAL_Driver/Src/stm32f4xx_hal_adc.o
                0x08003b98                HAL_ADC_ConvCpltCallback
 .text.HAL_ADC_ConvHalfCpltCallback
                0x08003bac       0x14 ./Drivers/STM32F4xx_HAL_Driver/Src/stm32f4xx_hal_adc.o
                0x08003bac                HAL_ADC_ConvHalfCpltCallback
 .text.HAL_ADC_LevelOutOfWindowCallback
                0x08003bc0       0x14 ./Drivers/STM32F4xx_HAL_Driver/Src/stm32f4xx_hal_adc.o
                0x08003bc0                HAL_ADC_LevelOutOfWindowCallback
 .text.HAL_ADC_ErrorCallback
                0x08003bd4       0x14 ./Drivers/STM32F4xx_HAL_Driver/Src/stm32f4xx_hal_adc.o
                0x08003bd4                HAL_ADC_ErrorCallback
 .text.HAL_ADC_ConfigChannel
                0x08003be8      0x264 ./Drivers/STM32F4xx_HAL_Driver/Src/stm32f4xx_hal_adc.o
                0x08003be8                HAL_ADC_ConfigChannel
 .text.ADC_Init
                0x08003e4c      0x1f8 ./Drivers/STM32F4xx_HAL_Driver/Src/stm32f4xx_hal_adc.o
 .text.ADC_DMAConvCplt
                0x08004044       0xba ./Drivers/STM32F4xx_HAL_Driver/Src/stm32f4xx_hal_adc.o
 .text.ADC_DMAHalfConvCplt
                0x080040fe       0x1c ./Drivers/STM32F4xx_HAL_Driver/Src/stm32f4xx_hal_adc.o
 .text.ADC_DMAError
                0x0800411a       0x2e ./Drivers/STM32F4xx_HAL_Driver/Src/stm32f4xx_hal_adc.o
 .text.HAL_ADCEx_InjectedConvCpltCallback
                0x08004148       0x14 ./Drivers/STM32F4xx_HAL_Driver/Src/stm32f4xx_hal_adc_ex.o
                0x08004148                HAL_ADCEx_InjectedConvCpltCallback
 .text.__NVIC_SetPriorityGrouping
                0x0800415c       0x48 ./Drivers/STM32F4xx_HAL_Driver/Src/stm32f4xx_hal_cortex.o
 .text.__NVIC_GetPriorityGrouping
                0x080041a4       0x1c ./Drivers/STM32F4xx_HAL_Driver/Src/stm32f4xx_hal_cortex.o
 .text.__NVIC_EnableIRQ
                0x080041c0       0x3c ./Drivers/STM32F4xx_HAL_Driver/Src/stm32f4xx_hal_cortex.o
 .text.__NVIC_SetPriority
                0x080041fc       0x54 ./Drivers/STM32F4xx_HAL_Driver/Src/stm32f4xx_hal_cortex.o
 .text.NVIC_EncodePriority
                0x08004250       0x66 ./Drivers/STM32F4xx_HAL_Driver/Src/stm32f4xx_hal_cortex.o
 *fill*         0x080042b6        0x2 
 .text.SysTick_Config
                0x080042b8       0x44 ./Drivers/STM32F4xx_HAL_Driver/Src/stm32f4xx_hal_cortex.o
 .text.HAL_NVIC_SetPriorityGrouping
                0x080042fc       0x16 ./Drivers/STM32F4xx_HAL_Driver/Src/stm32f4xx_hal_cortex.o
                0x080042fc                HAL_NVIC_SetPriorityGrouping
 .text.HAL_NVIC_SetPriority
                0x08004312       0x38 ./Drivers/STM32F4xx_HAL_Driver/Src/stm32f4xx_hal_cortex.o
                0x08004312                HAL_NVIC_SetPriority
 .text.HAL_NVIC_EnableIRQ
                0x0800434a       0x1c ./Drivers/STM32F4xx_HAL_Driver/Src/stm32f4xx_hal_cortex.o
                0x0800434a                HAL_NVIC_EnableIRQ
 .text.HAL_SYSTICK_Config
                0x08004366       0x18 ./Drivers/STM32F4xx_HAL_Driver/Src/stm32f4xx_hal_cortex.o
                0x08004366                HAL_SYSTICK_Config
 *fill*         0x0800437e        0x2 
 .text.HAL_DMA_Init
                0x08004380      0x15c ./Drivers/STM32F4xx_HAL_Driver/Src/stm32f4xx_hal_dma.o
                0x08004380                HAL_DMA_Init
 .text.HAL_DMA_Start_IT
                0x080044dc       0xb0 ./Drivers/STM32F4xx_HAL_Driver/Src/stm32f4xx_hal_dma.o
                0x080044dc                HAL_DMA_Start_IT
 .text.HAL_DMA_Abort
                0x0800458c       0xe0 ./Drivers/STM32F4xx_HAL_Driver/Src/stm32f4xx_hal_dma.o
                0x0800458c                HAL_DMA_Abort
 .text.HAL_DMA_Abort_IT
                0x0800466c       0x44 ./Drivers/STM32F4xx_HAL_Driver/Src/stm32f4xx_hal_dma.o
                0x0800466c                HAL_DMA_Abort_IT
 .text.HAL_DMA_IRQHandler
                0x080046b0      0x314 ./Drivers/STM32F4xx_HAL_Driver/Src/stm32f4xx_hal_dma.o
                0x080046b0                HAL_DMA_IRQHandler
 .text.DMA_SetConfig
                0x080049c4       0x5c ./Drivers/STM32F4xx_HAL_Driver/Src/stm32f4xx_hal_dma.o
 .text.DMA_CalcBaseAndBitshift
                0x08004a20       0x6c ./Drivers/STM32F4xx_HAL_Driver/Src/stm32f4xx_hal_dma.o
 .text.DMA_CheckFifoParam
                0x08004a8c       0xf8 ./Drivers/STM32F4xx_HAL_Driver/Src/stm32f4xx_hal_dma.o
 .text.HAL_GPIO_Init
                0x08004b84      0x308 ./Drivers/STM32F4xx_HAL_Driver/Src/stm32f4xx_hal_gpio.o
                0x08004b84                HAL_GPIO_Init
 .text.HAL_GPIO_WritePin
                0x08004e8c       0x32 ./Drivers/STM32F4xx_HAL_Driver/Src/stm32f4xx_hal_gpio.o
                0x08004e8c                HAL_GPIO_WritePin
 .text.HAL_GPIO_TogglePin
                0x08004ebe       0x34 ./Drivers/STM32F4xx_HAL_Driver/Src/stm32f4xx_hal_gpio.o
                0x08004ebe                HAL_GPIO_TogglePin
 *fill*         0x08004ef2        0x2 
 .text.HAL_I2C_Init
                0x08004ef4      0x288 ./Drivers/STM32F4xx_HAL_Driver/Src/stm32f4xx_hal_i2c.o
                0x08004ef4                HAL_I2C_Init
 .text.HAL_I2C_Mem_Write
                0x0800517c      0x1f4 ./Drivers/STM32F4xx_HAL_Driver/Src/stm32f4xx_hal_i2c.o
                0x0800517c                HAL_I2C_Mem_Write
 .text.HAL_I2C_Mem_Read
                0x08005370      0x464 ./Drivers/STM32F4xx_HAL_Driver/Src/stm32f4xx_hal_i2c.o
                0x08005370                HAL_I2C_Mem_Read
 .text.HAL_I2C_IsDeviceReady
                0x080057d4      0x25c ./Drivers/STM32F4xx_HAL_Driver/Src/stm32f4xx_hal_i2c.o
                0x080057d4                HAL_I2C_IsDeviceReady
 .text.I2C_RequestMemoryWrite
                0x08005a30      0x12c ./Drivers/STM32F4xx_HAL_Driver/Src/stm32f4xx_hal_i2c.o
 .text.I2C_RequestMemoryRead
                0x08005b5c      0x1d0 ./Drivers/STM32F4xx_HAL_Driver/Src/stm32f4xx_hal_i2c.o
 .text.I2C_WaitOnFlagUntilTimeout
                0x08005d2c       0xf4 ./Drivers/STM32F4xx_HAL_Driver/Src/stm32f4xx_hal_i2c.o
 .text.I2C_WaitOnMasterAddressFlagUntilTimeout
                0x08005e20      0x140 ./Drivers/STM32F4xx_HAL_Driver/Src/stm32f4xx_hal_i2c.o
 .text.I2C_WaitOnTXEFlagUntilTimeout
                0x08005f60       0x90 ./Drivers/STM32F4xx_HAL_Driver/Src/stm32f4xx_hal_i2c.o
 .text.I2C_WaitOnBTFFlagUntilTimeout
                0x08005ff0       0x90 ./Drivers/STM32F4xx_HAL_Driver/Src/stm32f4xx_hal_i2c.o
 .text.I2C_WaitOnRXNEFlagUntilTimeout
                0x08006080       0xba ./Drivers/STM32F4xx_HAL_Driver/Src/stm32f4xx_hal_i2c.o
 .text.I2C_IsAcknowledgeFailed
                0x0800613a       0x5e ./Drivers/STM32F4xx_HAL_Driver/Src/stm32f4xx_hal_i2c.o
 .text.HAL_RCC_OscConfig
                0x08006198      0x4f0 ./Drivers/STM32F4xx_HAL_Driver/Src/stm32f4xx_hal_rcc.o
                0x08006198                HAL_RCC_OscConfig
 .text.HAL_RCC_ClockConfig
                0x08006688      0x1cc ./Drivers/STM32F4xx_HAL_Driver/Src/stm32f4xx_hal_rcc.o
                0x08006688                HAL_RCC_ClockConfig
 .text.HAL_RCC_GetSysClockFreq
                0x08006854      0x18c ./Drivers/STM32F4xx_HAL_Driver/Src/stm32f4xx_hal_rcc.o
                0x08006854                HAL_RCC_GetSysClockFreq
 .text.HAL_RCC_GetHCLKFreq
                0x080069e0       0x18 ./Drivers/STM32F4xx_HAL_Driver/Src/stm32f4xx_hal_rcc.o
                0x080069e0                HAL_RCC_GetHCLKFreq
 .text.HAL_RCC_GetPCLK1Freq
                0x080069f8       0x28 ./Drivers/STM32F4xx_HAL_Driver/Src/stm32f4xx_hal_rcc.o
                0x080069f8                HAL_RCC_GetPCLK1Freq
 .text.HAL_RCC_GetPCLK2Freq
                0x08006a20       0x28 ./Drivers/STM32F4xx_HAL_Driver/Src/stm32f4xx_hal_rcc.o
                0x08006a20                HAL_RCC_GetPCLK2Freq
 .text.HAL_TIM_Base_Init
                0x08006a48       0x9e ./Drivers/STM32F4xx_HAL_Driver/Src/stm32f4xx_hal_tim.o
                0x08006a48                HAL_TIM_Base_Init
 .text.HAL_TIM_PWM_Init
                0x08006ae6       0x9e ./Drivers/STM32F4xx_HAL_Driver/Src/stm32f4xx_hal_tim.o
                0x08006ae6                HAL_TIM_PWM_Init
 .text.HAL_TIM_PWM_MspInit
                0x08006b84       0x14 ./Drivers/STM32F4xx_HAL_Driver/Src/stm32f4xx_hal_tim.o
                0x08006b84                HAL_TIM_PWM_MspInit
 .text.HAL_TIM_PWM_Start
                0x08006b98      0x160 ./Drivers/STM32F4xx_HAL_Driver/Src/stm32f4xx_hal_tim.o
                0x08006b98                HAL_TIM_PWM_Start
 .text.HAL_TIM_PWM_ConfigChannel
                0x08006cf8      0x184 ./Drivers/STM32F4xx_HAL_Driver/Src/stm32f4xx_hal_tim.o
                0x08006cf8                HAL_TIM_PWM_ConfigChannel
 .text.HAL_TIM_ConfigClockSource
                0x08006e7c      0x18e ./Drivers/STM32F4xx_HAL_Driver/Src/stm32f4xx_hal_tim.o
                0x08006e7c                HAL_TIM_ConfigClockSource
 *fill*         0x0800700a        0x2 
 .text.TIM_Base_SetConfig
                0x0800700c      0x118 ./Drivers/STM32F4xx_HAL_Driver/Src/stm32f4xx_hal_tim.o
                0x0800700c                TIM_Base_SetConfig
 .text.TIM_OC1_SetConfig
                0x08007124       0xcc ./Drivers/STM32F4xx_HAL_Driver/Src/stm32f4xx_hal_tim.o
 .text.TIM_OC2_SetConfig
                0x080071f0       0xd8 ./Drivers/STM32F4xx_HAL_Driver/Src/stm32f4xx_hal_tim.o
                0x080071f0                TIM_OC2_SetConfig
 .text.TIM_OC3_SetConfig
                0x080072c8       0xd4 ./Drivers/STM32F4xx_HAL_Driver/Src/stm32f4xx_hal_tim.o
 .text.TIM_OC4_SetConfig
                0x0800739c       0xa0 ./Drivers/STM32F4xx_HAL_Driver/Src/stm32f4xx_hal_tim.o
 .text.TIM_TI1_ConfigInputStage
                0x0800743c       0x5e ./Drivers/STM32F4xx_HAL_Driver/Src/stm32f4xx_hal_tim.o
 .text.TIM_TI2_ConfigInputStage
                0x0800749a       0x60 ./Drivers/STM32F4xx_HAL_Driver/Src/stm32f4xx_hal_tim.o
 .text.TIM_ITRx_SetConfig
                0x080074fa       0x36 ./Drivers/STM32F4xx_HAL_Driver/Src/stm32f4xx_hal_tim.o
 .text.TIM_ETR_SetConfig
                0x08007530       0x40 ./Drivers/STM32F4xx_HAL_Driver/Src/stm32f4xx_hal_tim.o
                0x08007530                TIM_ETR_SetConfig
 .text.TIM_CCxChannelCmd
                0x08007570       0x4a ./Drivers/STM32F4xx_HAL_Driver/Src/stm32f4xx_hal_tim.o
                0x08007570                TIM_CCxChannelCmd
 *fill*         0x080075ba        0x2 
 .text.HAL_TIMEx_MasterConfigSynchronization
                0x080075bc       0xdc ./Drivers/STM32F4xx_HAL_Driver/Src/stm32f4xx_hal_tim_ex.o
                0x080075bc                HAL_TIMEx_MasterConfigSynchronization
 .text.HAL_UART_Init
                0x08007698       0xa0 ./Drivers/STM32F4xx_HAL_Driver/Src/stm32f4xx_hal_uart.o
                0x08007698                HAL_UART_Init
 .text.HAL_UART_Transmit_DMA
                0x08007738       0xe0 ./Drivers/STM32F4xx_HAL_Driver/Src/stm32f4xx_hal_uart.o
                0x08007738                HAL_UART_Transmit_DMA
 .text.HAL_UART_Receive_DMA
                0x08007818       0x4a ./Drivers/STM32F4xx_HAL_Driver/Src/stm32f4xx_hal_uart.o
                0x08007818                HAL_UART_Receive_DMA
 *fill*         0x08007862        0x2 
 .text.HAL_UART_IRQHandler
                0x08007864      0x524 ./Drivers/STM32F4xx_HAL_Driver/Src/stm32f4xx_hal_uart.o
                0x08007864                HAL_UART_IRQHandler
 .text.HAL_UART_TxCpltCallback
                0x08007d88       0x14 ./Drivers/STM32F4xx_HAL_Driver/Src/stm32f4xx_hal_uart.o
                0x08007d88                HAL_UART_TxCpltCallback
 .text.HAL_UART_TxHalfCpltCallback
                0x08007d9c       0x14 ./Drivers/STM32F4xx_HAL_Driver/Src/stm32f4xx_hal_uart.o
                0x08007d9c                HAL_UART_TxHalfCpltCallback
 .text.HAL_UART_RxCpltCallback
                0x08007db0       0x14 ./Drivers/STM32F4xx_HAL_Driver/Src/stm32f4xx_hal_uart.o
                0x08007db0                HAL_UART_RxCpltCallback
 .text.HAL_UART_RxHalfCpltCallback
                0x08007dc4       0x14 ./Drivers/STM32F4xx_HAL_Driver/Src/stm32f4xx_hal_uart.o
                0x08007dc4                HAL_UART_RxHalfCpltCallback
 .text.HAL_UART_ErrorCallback
                0x08007dd8       0x14 ./Drivers/STM32F4xx_HAL_Driver/Src/stm32f4xx_hal_uart.o
                0x08007dd8                HAL_UART_ErrorCallback
 .text.HAL_UARTEx_RxEventCallback
                0x08007dec       0x18 ./Drivers/STM32F4xx_HAL_Driver/Src/stm32f4xx_hal_uart.o
                0x08007dec                HAL_UARTEx_RxEventCallback
 .text.UART_DMATransmitCplt
                0x08007e04       0x9a ./Drivers/STM32F4xx_HAL_Driver/Src/stm32f4xx_hal_uart.o
 .text.UART_DMATxHalfCplt
                0x08007e9e       0x1c ./Drivers/STM32F4xx_HAL_Driver/Src/stm32f4xx_hal_uart.o
 .text.UART_DMAReceiveCplt
                0x08007eba      0x12c ./Drivers/STM32F4xx_HAL_Driver/Src/stm32f4xx_hal_uart.o
 .text.UART_DMARxHalfCplt
                0x08007fe6       0x3c ./Drivers/STM32F4xx_HAL_Driver/Src/stm32f4xx_hal_uart.o
 .text.UART_DMAError
                0x08008022       0x94 ./Drivers/STM32F4xx_HAL_Driver/Src/stm32f4xx_hal_uart.o
 *fill*         0x080080b6        0x2 
 .text.UART_Start_Receive_DMA
                0x080080b8      0x134 ./Drivers/STM32F4xx_HAL_Driver/Src/stm32f4xx_hal_uart.o
                0x080080b8                UART_Start_Receive_DMA
 .text.UART_EndTxTransfer
                0x080081ec       0x50 ./Drivers/STM32F4xx_HAL_Driver/Src/stm32f4xx_hal_uart.o
 .text.UART_EndRxTransfer
                0x0800823c       0xc6 ./Drivers/STM32F4xx_HAL_Driver/Src/stm32f4xx_hal_uart.o
 .text.UART_DMAAbortOnError
                0x08008302       0x28 ./Drivers/STM32F4xx_HAL_Driver/Src/stm32f4xx_hal_uart.o
 .text.UART_Transmit_IT
                0x0800832a       0xa0 ./Drivers/STM32F4xx_HAL_Driver/Src/stm32f4xx_hal_uart.o
 .text.UART_EndTransmit_IT
                0x080083ca       0x30 ./Drivers/STM32F4xx_HAL_Driver/Src/stm32f4xx_hal_uart.o
 .text.UART_Receive_IT
                0x080083fa      0x17c ./Drivers/STM32F4xx_HAL_Driver/Src/stm32f4xx_hal_uart.o
 *fill*         0x08008576        0x2 
 .text.UART_SetConfig
                0x08008578      0x4e8 ./Drivers/STM32F4xx_HAL_Driver/Src/stm32f4xx_hal_uart.o
 .text.atof     0x08008a60        0x6 C:/ST/STM32CubeIDE_1.12.0/STM32CubeIDE/plugins/com.st.stm32cube.ide.mcu.externaltools.gnu-tools-for-stm32.13.3.rel1.win32_1.0.0.202411081344/tools/bin/../lib/gcc/arm-none-eabi/13.3.1/../../../../arm-none-eabi/lib/thumb/v7e-m+fp/hard\libc_nano.a(libc_a-atof.o)
                0x08008a60                atof
 .text.atoi     0x08008a66        0x8 C:/ST/STM32CubeIDE_1.12.0/STM32CubeIDE/plugins/com.st.stm32cube.ide.mcu.externaltools.gnu-tools-for-stm32.13.3.rel1.win32_1.0.0.202411081344/tools/bin/../lib/gcc/arm-none-eabi/13.3.1/../../../../arm-none-eabi/lib/thumb/v7e-m+fp/hard\libc_nano.a(libc_a-atoi.o)
                0x08008a66                atoi
 .text.sulp     0x08008a6e       0x3c C:/ST/STM32CubeIDE_1.12.0/STM32CubeIDE/plugins/com.st.stm32cube.ide.mcu.externaltools.gnu-tools-for-stm32.13.3.rel1.win32_1.0.0.202411081344/tools/bin/../lib/gcc/arm-none-eabi/13.3.1/../../../../arm-none-eabi/lib/thumb/v7e-m+fp/hard\libc_nano.a(libc_a-strtod.o)
 *fill*         0x08008aaa        0x6 
 .text._strtod_l
                0x08008ab0      0xbc8 C:/ST/STM32CubeIDE_1.12.0/STM32CubeIDE/plugins/com.st.stm32cube.ide.mcu.externaltools.gnu-tools-for-stm32.13.3.rel1.win32_1.0.0.202411081344/tools/bin/../lib/gcc/arm-none-eabi/13.3.1/../../../../arm-none-eabi/lib/thumb/v7e-m+fp/hard\libc_nano.a(libc_a-strtod.o)
                0x08008ab0                _strtod_l
 .text.strtod   0x08009678       0x18 C:/ST/STM32CubeIDE_1.12.0/STM32CubeIDE/plugins/com.st.stm32cube.ide.mcu.externaltools.gnu-tools-for-stm32.13.3.rel1.win32_1.0.0.202411081344/tools/bin/../lib/gcc/arm-none-eabi/13.3.1/../../../../arm-none-eabi/lib/thumb/v7e-m+fp/hard\libc_nano.a(libc_a-strtod.o)
                0x08009678                strtod
 .text._strtol_l.isra.0
                0x08009690       0xf4 C:/ST/STM32CubeIDE_1.12.0/STM32CubeIDE/plugins/com.st.stm32cube.ide.mcu.externaltools.gnu-tools-for-stm32.13.3.rel1.win32_1.0.0.202411081344/tools/bin/../lib/gcc/arm-none-eabi/13.3.1/../../../../arm-none-eabi/lib/thumb/v7e-m+fp/hard\libc_nano.a(libc_a-strtol.o)
 .text.strtol   0x08009784       0x14 C:/ST/STM32CubeIDE_1.12.0/STM32CubeIDE/plugins/com.st.stm32cube.ide.mcu.externaltools.gnu-tools-for-stm32.13.3.rel1.win32_1.0.0.202411081344/tools/bin/../lib/gcc/arm-none-eabi/13.3.1/../../../../arm-none-eabi/lib/thumb/v7e-m+fp/hard\libc_nano.a(libc_a-strtol.o)
                0x08009784                strtol
 .text.std      0x08009798       0x6c C:/ST/STM32CubeIDE_1.12.0/STM32CubeIDE/plugins/com.st.stm32cube.ide.mcu.externaltools.gnu-tools-for-stm32.13.3.rel1.win32_1.0.0.202411081344/tools/bin/../lib/gcc/arm-none-eabi/13.3.1/../../../../arm-none-eabi/lib/thumb/v7e-m+fp/hard\libc_nano.a(libc_a-findfp.o)
 .text.stdio_exit_handler
                0x08009804       0x18 C:/ST/STM32CubeIDE_1.12.0/STM32CubeIDE/plugins/com.st.stm32cube.ide.mcu.externaltools.gnu-tools-for-stm32.13.3.rel1.win32_1.0.0.202411081344/tools/bin/../lib/gcc/arm-none-eabi/13.3.1/../../../../arm-none-eabi/lib/thumb/v7e-m+fp/hard\libc_nano.a(libc_a-findfp.o)
 .text.cleanup_stdio
                0x0800981c       0x40 C:/ST/STM32CubeIDE_1.12.0/STM32CubeIDE/plugins/com.st.stm32cube.ide.mcu.externaltools.gnu-tools-for-stm32.13.3.rel1.win32_1.0.0.202411081344/tools/bin/../lib/gcc/arm-none-eabi/13.3.1/../../../../arm-none-eabi/lib/thumb/v7e-m+fp/hard\libc_nano.a(libc_a-findfp.o)
 .text.global_stdio_init.part.0
                0x0800985c       0x3c C:/ST/STM32CubeIDE_1.12.0/STM32CubeIDE/plugins/com.st.stm32cube.ide.mcu.externaltools.gnu-tools-for-stm32.13.3.rel1.win32_1.0.0.202411081344/tools/bin/../lib/gcc/arm-none-eabi/13.3.1/../../../../arm-none-eabi/lib/thumb/v7e-m+fp/hard\libc_nano.a(libc_a-findfp.o)
 .text.__sfp_lock_acquire
                0x08009898        0xc C:/ST/STM32CubeIDE_1.12.0/STM32CubeIDE/plugins/com.st.stm32cube.ide.mcu.externaltools.gnu-tools-for-stm32.13.3.rel1.win32_1.0.0.202411081344/tools/bin/../lib/gcc/arm-none-eabi/13.3.1/../../../../arm-none-eabi/lib/thumb/v7e-m+fp/hard\libc_nano.a(libc_a-findfp.o)
                0x08009898                __sfp_lock_acquire
 .text.__sfp_lock_release
                0x080098a4        0xc C:/ST/STM32CubeIDE_1.12.0/STM32CubeIDE/plugins/com.st.stm32cube.ide.mcu.externaltools.gnu-tools-for-stm32.13.3.rel1.win32_1.0.0.202411081344/tools/bin/../lib/gcc/arm-none-eabi/13.3.1/../../../../arm-none-eabi/lib/thumb/v7e-m+fp/hard\libc_nano.a(libc_a-findfp.o)
                0x080098a4                __sfp_lock_release
 .text.__sinit  0x080098b0       0x30 C:/ST/STM32CubeIDE_1.12.0/STM32CubeIDE/plugins/com.st.stm32cube.ide.mcu.externaltools.gnu-tools-for-stm32.13.3.rel1.win32_1.0.0.202411081344/tools/bin/../lib/gcc/arm-none-eabi/13.3.1/../../../../arm-none-eabi/lib/thumb/v7e-m+fp/hard\libc_nano.a(libc_a-findfp.o)
                0x080098b0                __sinit
 .text._fwalk_sglue
                0x080098e0       0x3c C:/ST/STM32CubeIDE_1.12.0/STM32CubeIDE/plugins/com.st.stm32cube.ide.mcu.externaltools.gnu-tools-for-stm32.13.3.rel1.win32_1.0.0.202411081344/tools/bin/../lib/gcc/arm-none-eabi/13.3.1/../../../../arm-none-eabi/lib/thumb/v7e-m+fp/hard\libc_nano.a(libc_a-fwalk.o)
                0x080098e0                _fwalk_sglue
 .text.__sread  0x0800991c       0x22 C:/ST/STM32CubeIDE_1.12.0/STM32CubeIDE/plugins/com.st.stm32cube.ide.mcu.externaltools.gnu-tools-for-stm32.13.3.rel1.win32_1.0.0.202411081344/tools/bin/../lib/gcc/arm-none-eabi/13.3.1/../../../../arm-none-eabi/lib/thumb/v7e-m+fp/hard\libc_nano.a(libc_a-stdio.o)
                0x0800991c                __sread
 .text.__swrite
                0x0800993e       0x38 C:/ST/STM32CubeIDE_1.12.0/STM32CubeIDE/plugins/com.st.stm32cube.ide.mcu.externaltools.gnu-tools-for-stm32.13.3.rel1.win32_1.0.0.202411081344/tools/bin/../lib/gcc/arm-none-eabi/13.3.1/../../../../arm-none-eabi/lib/thumb/v7e-m+fp/hard\libc_nano.a(libc_a-stdio.o)
                0x0800993e                __swrite
 .text.__sseek  0x08009976       0x24 C:/ST/STM32CubeIDE_1.12.0/STM32CubeIDE/plugins/com.st.stm32cube.ide.mcu.externaltools.gnu-tools-for-stm32.13.3.rel1.win32_1.0.0.202411081344/tools/bin/../lib/gcc/arm-none-eabi/13.3.1/../../../../arm-none-eabi/lib/thumb/v7e-m+fp/hard\libc_nano.a(libc_a-stdio.o)
                0x08009976                __sseek
 .text.__sclose
                0x0800999a        0x8 C:/ST/STM32CubeIDE_1.12.0/STM32CubeIDE/plugins/com.st.stm32cube.ide.mcu.externaltools.gnu-tools-for-stm32.13.3.rel1.win32_1.0.0.202411081344/tools/bin/../lib/gcc/arm-none-eabi/13.3.1/../../../../arm-none-eabi/lib/thumb/v7e-m+fp/hard\libc_nano.a(libc_a-stdio.o)
                0x0800999a                __sclose
 .text.memmove  0x080099a2       0x34 C:/ST/STM32CubeIDE_1.12.0/STM32CubeIDE/plugins/com.st.stm32cube.ide.mcu.externaltools.gnu-tools-for-stm32.13.3.rel1.win32_1.0.0.202411081344/tools/bin/../lib/gcc/arm-none-eabi/13.3.1/../../../../arm-none-eabi/lib/thumb/v7e-m+fp/hard\libc_nano.a(libc_a-memmove.o)
                0x080099a2                memmove
 .text.memset   0x080099d6       0x10 C:/ST/STM32CubeIDE_1.12.0/STM32CubeIDE/plugins/com.st.stm32cube.ide.mcu.externaltools.gnu-tools-for-stm32.13.3.rel1.win32_1.0.0.202411081344/tools/bin/../lib/gcc/arm-none-eabi/13.3.1/../../../../arm-none-eabi/lib/thumb/v7e-m+fp/hard\libc_nano.a(libc_a-memset.o)
                0x080099d6                memset
 .text.strchr   0x080099e6       0x1a C:/ST/STM32CubeIDE_1.12.0/STM32CubeIDE/plugins/com.st.stm32cube.ide.mcu.externaltools.gnu-tools-for-stm32.13.3.rel1.win32_1.0.0.202411081344/tools/bin/../lib/gcc/arm-none-eabi/13.3.1/../../../../arm-none-eabi/lib/thumb/v7e-m+fp/hard\libc_nano.a(libc_a-strchr.o)
                0x080099e6                strchr
 .text.strncmp  0x08009a00       0x24 C:/ST/STM32CubeIDE_1.12.0/STM32CubeIDE/plugins/com.st.stm32cube.ide.mcu.externaltools.gnu-tools-for-stm32.13.3.rel1.win32_1.0.0.202411081344/tools/bin/../lib/gcc/arm-none-eabi/13.3.1/../../../../arm-none-eabi/lib/thumb/v7e-m+fp/hard\libc_nano.a(libc_a-strncmp.o)
                0x08009a00                strncmp
 .text.strsep   0x08009a24        0xa C:/ST/STM32CubeIDE_1.12.0/STM32CubeIDE/plugins/com.st.stm32cube.ide.mcu.externaltools.gnu-tools-for-stm32.13.3.rel1.win32_1.0.0.202411081344/tools/bin/../lib/gcc/arm-none-eabi/13.3.1/../../../../arm-none-eabi/lib/thumb/v7e-m+fp/hard\libc_nano.a(libc_a-strsep.o)
                0x08009a24                strsep
 .text.__strtok_r
                0x08009a2e       0x50 C:/ST/STM32CubeIDE_1.12.0/STM32CubeIDE/plugins/com.st.stm32cube.ide.mcu.externaltools.gnu-tools-for-stm32.13.3.rel1.win32_1.0.0.202411081344/tools/bin/../lib/gcc/arm-none-eabi/13.3.1/../../../../arm-none-eabi/lib/thumb/v7e-m+fp/hard\libc_nano.a(libc_a-strtok_r.o)
                0x08009a2e                __strtok_r
 .text.strstr   0x08009a7e       0x2c C:/ST/STM32CubeIDE_1.12.0/STM32CubeIDE/plugins/com.st.stm32cube.ide.mcu.externaltools.gnu-tools-for-stm32.13.3.rel1.win32_1.0.0.202411081344/tools/bin/../lib/gcc/arm-none-eabi/13.3.1/../../../../arm-none-eabi/lib/thumb/v7e-m+fp/hard\libc_nano.a(libc_a-strstr.o)
                0x08009a7e                strstr
 *fill*         0x08009aaa        0x2 
 .text._close_r
                0x08009aac       0x20 C:/ST/STM32CubeIDE_1.12.0/STM32CubeIDE/plugins/com.st.stm32cube.ide.mcu.externaltools.gnu-tools-for-stm32.13.3.rel1.win32_1.0.0.202411081344/tools/bin/../lib/gcc/arm-none-eabi/13.3.1/../../../../arm-none-eabi/lib/thumb/v7e-m+fp/hard\libc_nano.a(libc_a-closer.o)
                0x08009aac                _close_r
 .text._lseek_r
                0x08009acc       0x24 C:/ST/STM32CubeIDE_1.12.0/STM32CubeIDE/plugins/com.st.stm32cube.ide.mcu.externaltools.gnu-tools-for-stm32.13.3.rel1.win32_1.0.0.202411081344/tools/bin/../lib/gcc/arm-none-eabi/13.3.1/../../../../arm-none-eabi/lib/thumb/v7e-m+fp/hard\libc_nano.a(libc_a-lseekr.o)
                0x08009acc                _lseek_r
 .text._read_r  0x08009af0       0x24 C:/ST/STM32CubeIDE_1.12.0/STM32CubeIDE/plugins/com.st.stm32cube.ide.mcu.externaltools.gnu-tools-for-stm32.13.3.rel1.win32_1.0.0.202411081344/tools/bin/../lib/gcc/arm-none-eabi/13.3.1/../../../../arm-none-eabi/lib/thumb/v7e-m+fp/hard\libc_nano.a(libc_a-readr.o)
                0x08009af0                _read_r
 .text._write_r
                0x08009b14       0x24 C:/ST/STM32CubeIDE_1.12.0/STM32CubeIDE/plugins/com.st.stm32cube.ide.mcu.externaltools.gnu-tools-for-stm32.13.3.rel1.win32_1.0.0.202411081344/tools/bin/../lib/gcc/arm-none-eabi/13.3.1/../../../../arm-none-eabi/lib/thumb/v7e-m+fp/hard\libc_nano.a(libc_a-writer.o)
                0x08009b14                _write_r
 .text.__errno  0x08009b38        0xc C:/ST/STM32CubeIDE_1.12.0/STM32CubeIDE/plugins/com.st.stm32cube.ide.mcu.externaltools.gnu-tools-for-stm32.13.3.rel1.win32_1.0.0.202411081344/tools/bin/../lib/gcc/arm-none-eabi/13.3.1/../../../../arm-none-eabi/lib/thumb/v7e-m+fp/hard\libc_nano.a(libc_a-errno.o)
                0x08009b38                __errno
 .text.__libc_init_array
                0x08009b44       0x48 C:/ST/STM32CubeIDE_1.12.0/STM32CubeIDE/plugins/com.st.stm32cube.ide.mcu.externaltools.gnu-tools-for-stm32.13.3.rel1.win32_1.0.0.202411081344/tools/bin/../lib/gcc/arm-none-eabi/13.3.1/../../../../arm-none-eabi/lib/thumb/v7e-m+fp/hard\libc_nano.a(libc_a-init.o)
                0x08009b44                __libc_init_array
 .text.__retarget_lock_init_recursive
                0x08009b8c        0x2 C:/ST/STM32CubeIDE_1.12.0/STM32CubeIDE/plugins/com.st.stm32cube.ide.mcu.externaltools.gnu-tools-for-stm32.13.3.rel1.win32_1.0.0.202411081344/tools/bin/../lib/gcc/arm-none-eabi/13.3.1/../../../../arm-none-eabi/lib/thumb/v7e-m+fp/hard\libc_nano.a(libc_a-lock.o)
                0x08009b8c                __retarget_lock_init_recursive
 .text.__retarget_lock_acquire_recursive
                0x08009b8e        0x2 C:/ST/STM32CubeIDE_1.12.0/STM32CubeIDE/plugins/com.st.stm32cube.ide.mcu.externaltools.gnu-tools-for-stm32.13.3.rel1.win32_1.0.0.202411081344/tools/bin/../lib/gcc/arm-none-eabi/13.3.1/../../../../arm-none-eabi/lib/thumb/v7e-m+fp/hard\libc_nano.a(libc_a-lock.o)
                0x08009b8e                __retarget_lock_acquire_recursive
 .text.__retarget_lock_release_recursive
                0x08009b90        0x2 C:/ST/STM32CubeIDE_1.12.0/STM32CubeIDE/plugins/com.st.stm32cube.ide.mcu.externaltools.gnu-tools-for-stm32.13.3.rel1.win32_1.0.0.202411081344/tools/bin/../lib/gcc/arm-none-eabi/13.3.1/../../../../arm-none-eabi/lib/thumb/v7e-m+fp/hard\libc_nano.a(libc_a-lock.o)
                0x08009b90                __retarget_lock_release_recursive
 .text.memcpy   0x08009b92       0x1c C:/ST/STM32CubeIDE_1.12.0/STM32CubeIDE/plugins/com.st.stm32cube.ide.mcu.externaltools.gnu-tools-for-stm32.13.3.rel1.win32_1.0.0.202411081344/tools/bin/../lib/gcc/arm-none-eabi/13.3.1/../../../../arm-none-eabi/lib/thumb/v7e-m+fp/hard\libc_nano.a(libc_a-memcpy-stub.o)
                0x08009b92                memcpy
 *fill*         0x08009bae        0x2 
 .text.nan      0x08009bb0       0x10 C:/ST/STM32CubeIDE_1.12.0/STM32CubeIDE/plugins/com.st.stm32cube.ide.mcu.externaltools.gnu-tools-for-stm32.13.3.rel1.win32_1.0.0.202411081344/tools/bin/../lib/gcc/arm-none-eabi/13.3.1/../../../../arm-none-eabi/lib/thumb/v7e-m+fp/hard\libc_nano.a(libm_a-s_nan.o)
                0x08009bb0                nan
 .text._free_r  0x08009bc0       0x94 C:/ST/STM32CubeIDE_1.12.0/STM32CubeIDE/plugins/com.st.stm32cube.ide.mcu.externaltools.gnu-tools-for-stm32.13.3.rel1.win32_1.0.0.202411081344/tools/bin/../lib/gcc/arm-none-eabi/13.3.1/../../../../arm-none-eabi/lib/thumb/v7e-m+fp/hard\libc_nano.a(libc_a-freer.o)
                0x08009bc0                _free_r
 .text.rshift   0x08009c54       0xa4 C:/ST/STM32CubeIDE_1.12.0/STM32CubeIDE/plugins/com.st.stm32cube.ide.mcu.externaltools.gnu-tools-for-stm32.13.3.rel1.win32_1.0.0.202411081344/tools/bin/../lib/gcc/arm-none-eabi/13.3.1/../../../../arm-none-eabi/lib/thumb/v7e-m+fp/hard\libc_nano.a(libc_a-gdtoa-gethex.o)
 .text.__hexdig_fun
                0x08009cf8       0x2a C:/ST/STM32CubeIDE_1.12.0/STM32CubeIDE/plugins/com.st.stm32cube.ide.mcu.externaltools.gnu-tools-for-stm32.13.3.rel1.win32_1.0.0.202411081344/tools/bin/../lib/gcc/arm-none-eabi/13.3.1/../../../../arm-none-eabi/lib/thumb/v7e-m+fp/hard\libc_nano.a(libc_a-gdtoa-gethex.o)
                0x08009cf8                __hexdig_fun
 *fill*         0x08009d22        0x2 
 .text.__gethex
                0x08009d24      0x420 C:/ST/STM32CubeIDE_1.12.0/STM32CubeIDE/plugins/com.st.stm32cube.ide.mcu.externaltools.gnu-tools-for-stm32.13.3.rel1.win32_1.0.0.202411081344/tools/bin/../lib/gcc/arm-none-eabi/13.3.1/../../../../arm-none-eabi/lib/thumb/v7e-m+fp/hard\libc_nano.a(libc_a-gdtoa-gethex.o)
                0x08009d24                __gethex
 .text.L_shift  0x0800a144       0x24 C:/ST/STM32CubeIDE_1.12.0/STM32CubeIDE/plugins/com.st.stm32cube.ide.mcu.externaltools.gnu-tools-for-stm32.13.3.rel1.win32_1.0.0.202411081344/tools/bin/../lib/gcc/arm-none-eabi/13.3.1/../../../../arm-none-eabi/lib/thumb/v7e-m+fp/hard\libc_nano.a(libc_a-gdtoa-hexnan.o)
 .text.__match  0x0800a168       0x28 C:/ST/STM32CubeIDE_1.12.0/STM32CubeIDE/plugins/com.st.stm32cube.ide.mcu.externaltools.gnu-tools-for-stm32.13.3.rel1.win32_1.0.0.202411081344/tools/bin/../lib/gcc/arm-none-eabi/13.3.1/../../../../arm-none-eabi/lib/thumb/v7e-m+fp/hard\libc_nano.a(libc_a-gdtoa-hexnan.o)
                0x0800a168                __match
 .text.__hexnan
                0x0800a190      0x136 C:/ST/STM32CubeIDE_1.12.0/STM32CubeIDE/plugins/com.st.stm32cube.ide.mcu.externaltools.gnu-tools-for-stm32.13.3.rel1.win32_1.0.0.202411081344/tools/bin/../lib/gcc/arm-none-eabi/13.3.1/../../../../arm-none-eabi/lib/thumb/v7e-m+fp/hard\libc_nano.a(libc_a-gdtoa-hexnan.o)
                0x0800a190                __hexnan
 *fill*         0x0800a2c6        0x2 
 .text.sbrk_aligned
                0x0800a2c8       0x44 C:/ST/STM32CubeIDE_1.12.0/STM32CubeIDE/plugins/com.st.stm32cube.ide.mcu.externaltools.gnu-tools-for-stm32.13.3.rel1.win32_1.0.0.202411081344/tools/bin/../lib/gcc/arm-none-eabi/13.3.1/../../../../arm-none-eabi/lib/thumb/v7e-m+fp/hard\libc_nano.a(libc_a-mallocr.o)
 .text._malloc_r
                0x0800a30c      0x100 C:/ST/STM32CubeIDE_1.12.0/STM32CubeIDE/plugins/com.st.stm32cube.ide.mcu.externaltools.gnu-tools-for-stm32.13.3.rel1.win32_1.0.0.202411081344/tools/bin/../lib/gcc/arm-none-eabi/13.3.1/../../../../arm-none-eabi/lib/thumb/v7e-m+fp/hard\libc_nano.a(libc_a-mallocr.o)
                0x0800a30c                _malloc_r
 .text.__ascii_mbtowc
                0x0800a40c       0x24 C:/ST/STM32CubeIDE_1.12.0/STM32CubeIDE/plugins/com.st.stm32cube.ide.mcu.externaltools.gnu-tools-for-stm32.13.3.rel1.win32_1.0.0.202411081344/tools/bin/../lib/gcc/arm-none-eabi/13.3.1/../../../../arm-none-eabi/lib/thumb/v7e-m+fp/hard\libc_nano.a(libc_a-mbtowc_r.o)
                0x0800a40c                __ascii_mbtowc
 .text.__malloc_lock
                0x0800a430        0xc C:/ST/STM32CubeIDE_1.12.0/STM32CubeIDE/plugins/com.st.stm32cube.ide.mcu.externaltools.gnu-tools-for-stm32.13.3.rel1.win32_1.0.0.202411081344/tools/bin/../lib/gcc/arm-none-eabi/13.3.1/../../../../arm-none-eabi/lib/thumb/v7e-m+fp/hard\libc_nano.a(libc_a-mlock.o)
                0x0800a430                __malloc_lock
 .text.__malloc_unlock
                0x0800a43c        0xc C:/ST/STM32CubeIDE_1.12.0/STM32CubeIDE/plugins/com.st.stm32cube.ide.mcu.externaltools.gnu-tools-for-stm32.13.3.rel1.win32_1.0.0.202411081344/tools/bin/../lib/gcc/arm-none-eabi/13.3.1/../../../../arm-none-eabi/lib/thumb/v7e-m+fp/hard\libc_nano.a(libc_a-mlock.o)
                0x0800a43c                __malloc_unlock
 .text._Balloc  0x0800a448       0x80 C:/ST/STM32CubeIDE_1.12.0/STM32CubeIDE/plugins/com.st.stm32cube.ide.mcu.externaltools.gnu-tools-for-stm32.13.3.rel1.win32_1.0.0.202411081344/tools/bin/../lib/gcc/arm-none-eabi/13.3.1/../../../../arm-none-eabi/lib/thumb/v7e-m+fp/hard\libc_nano.a(libc_a-mprec.o)
                0x0800a448                _Balloc
 .text._Bfree   0x0800a4c8       0x44 C:/ST/STM32CubeIDE_1.12.0/STM32CubeIDE/plugins/com.st.stm32cube.ide.mcu.externaltools.gnu-tools-for-stm32.13.3.rel1.win32_1.0.0.202411081344/tools/bin/../lib/gcc/arm-none-eabi/13.3.1/../../../../arm-none-eabi/lib/thumb/v7e-m+fp/hard\libc_nano.a(libc_a-mprec.o)
                0x0800a4c8                _Bfree
 .text.__multadd
                0x0800a50c       0x8c C:/ST/STM32CubeIDE_1.12.0/STM32CubeIDE/plugins/com.st.stm32cube.ide.mcu.externaltools.gnu-tools-for-stm32.13.3.rel1.win32_1.0.0.202411081344/tools/bin/../lib/gcc/arm-none-eabi/13.3.1/../../../../arm-none-eabi/lib/thumb/v7e-m+fp/hard\libc_nano.a(libc_a-mprec.o)
                0x0800a50c                __multadd
 .text.__s2b    0x0800a598       0x94 C:/ST/STM32CubeIDE_1.12.0/STM32CubeIDE/plugins/com.st.stm32cube.ide.mcu.externaltools.gnu-tools-for-stm32.13.3.rel1.win32_1.0.0.202411081344/tools/bin/../lib/gcc/arm-none-eabi/13.3.1/../../../../arm-none-eabi/lib/thumb/v7e-m+fp/hard\libc_nano.a(libc_a-mprec.o)
                0x0800a598                __s2b
 .text.__hi0bits
                0x0800a62c       0x3e C:/ST/STM32CubeIDE_1.12.0/STM32CubeIDE/plugins/com.st.stm32cube.ide.mcu.externaltools.gnu-tools-for-stm32.13.3.rel1.win32_1.0.0.202411081344/tools/bin/../lib/gcc/arm-none-eabi/13.3.1/../../../../arm-none-eabi/lib/thumb/v7e-m+fp/hard\libc_nano.a(libc_a-mprec.o)
                0x0800a62c                __hi0bits
 .text.__lo0bits
                0x0800a66a       0x5a C:/ST/STM32CubeIDE_1.12.0/STM32CubeIDE/plugins/com.st.stm32cube.ide.mcu.externaltools.gnu-tools-for-stm32.13.3.rel1.win32_1.0.0.202411081344/tools/bin/../lib/gcc/arm-none-eabi/13.3.1/../../../../arm-none-eabi/lib/thumb/v7e-m+fp/hard\libc_nano.a(libc_a-mprec.o)
                0x0800a66a                __lo0bits
 .text.__i2b    0x0800a6c4       0x2c C:/ST/STM32CubeIDE_1.12.0/STM32CubeIDE/plugins/com.st.stm32cube.ide.mcu.externaltools.gnu-tools-for-stm32.13.3.rel1.win32_1.0.0.202411081344/tools/bin/../lib/gcc/arm-none-eabi/13.3.1/../../../../arm-none-eabi/lib/thumb/v7e-m+fp/hard\libc_nano.a(libc_a-mprec.o)
                0x0800a6c4                __i2b
 .text.__multiply
                0x0800a6f0      0x144 C:/ST/STM32CubeIDE_1.12.0/STM32CubeIDE/plugins/com.st.stm32cube.ide.mcu.externaltools.gnu-tools-for-stm32.13.3.rel1.win32_1.0.0.202411081344/tools/bin/../lib/gcc/arm-none-eabi/13.3.1/../../../../arm-none-eabi/lib/thumb/v7e-m+fp/hard\libc_nano.a(libc_a-mprec.o)
                0x0800a6f0                __multiply
 .text.__pow5mult
                0x0800a834       0xb4 C:/ST/STM32CubeIDE_1.12.0/STM32CubeIDE/plugins/com.st.stm32cube.ide.mcu.externaltools.gnu-tools-for-stm32.13.3.rel1.win32_1.0.0.202411081344/tools/bin/../lib/gcc/arm-none-eabi/13.3.1/../../../../arm-none-eabi/lib/thumb/v7e-m+fp/hard\libc_nano.a(libc_a-mprec.o)
                0x0800a834                __pow5mult
 .text.__lshift
                0x0800a8e8       0xd8 C:/ST/STM32CubeIDE_1.12.0/STM32CubeIDE/plugins/com.st.stm32cube.ide.mcu.externaltools.gnu-tools-for-stm32.13.3.rel1.win32_1.0.0.202411081344/tools/bin/../lib/gcc/arm-none-eabi/13.3.1/../../../../arm-none-eabi/lib/thumb/v7e-m+fp/hard\libc_nano.a(libc_a-mprec.o)
                0x0800a8e8                __lshift
 .text.__mcmp   0x0800a9c0       0x36 C:/ST/STM32CubeIDE_1.12.0/STM32CubeIDE/plugins/com.st.stm32cube.ide.mcu.externaltools.gnu-tools-for-stm32.13.3.rel1.win32_1.0.0.202411081344/tools/bin/../lib/gcc/arm-none-eabi/13.3.1/../../../../arm-none-eabi/lib/thumb/v7e-m+fp/hard\libc_nano.a(libc_a-mprec.o)
                0x0800a9c0                __mcmp
 *fill*         0x0800a9f6        0x2 
 .text.__mdiff  0x0800a9f8      0x128 C:/ST/STM32CubeIDE_1.12.0/STM32CubeIDE/plugins/com.st.stm32cube.ide.mcu.externaltools.gnu-tools-for-stm32.13.3.rel1.win32_1.0.0.202411081344/tools/bin/../lib/gcc/arm-none-eabi/13.3.1/../../../../arm-none-eabi/lib/thumb/v7e-m+fp/hard\libc_nano.a(libc_a-mprec.o)
                0x0800a9f8                __mdiff
 .text.__ulp    0x0800ab20       0x4c C:/ST/STM32CubeIDE_1.12.0/STM32CubeIDE/plugins/com.st.stm32cube.ide.mcu.externaltools.gnu-tools-for-stm32.13.3.rel1.win32_1.0.0.202411081344/tools/bin/../lib/gcc/arm-none-eabi/13.3.1/../../../../arm-none-eabi/lib/thumb/v7e-m+fp/hard\libc_nano.a(libc_a-mprec.o)
                0x0800ab20                __ulp
 .text.__b2d    0x0800ab6c       0x94 C:/ST/STM32CubeIDE_1.12.0/STM32CubeIDE/plugins/com.st.stm32cube.ide.mcu.externaltools.gnu-tools-for-stm32.13.3.rel1.win32_1.0.0.202411081344/tools/bin/../lib/gcc/arm-none-eabi/13.3.1/../../../../arm-none-eabi/lib/thumb/v7e-m+fp/hard\libc_nano.a(libc_a-mprec.o)
                0x0800ab6c                __b2d
 .text.__d2b    0x0800ac00       0xb0 C:/ST/STM32CubeIDE_1.12.0/STM32CubeIDE/plugins/com.st.stm32cube.ide.mcu.externaltools.gnu-tools-for-stm32.13.3.rel1.win32_1.0.0.202411081344/tools/bin/../lib/gcc/arm-none-eabi/13.3.1/../../../../arm-none-eabi/lib/thumb/v7e-m+fp/hard\libc_nano.a(libc_a-mprec.o)
                0x0800ac00                __d2b
 .text.__ratio  0x0800acb0       0x64 C:/ST/STM32CubeIDE_1.12.0/STM32CubeIDE/plugins/com.st.stm32cube.ide.mcu.externaltools.gnu-tools-for-stm32.13.3.rel1.win32_1.0.0.202411081344/tools/bin/../lib/gcc/arm-none-eabi/13.3.1/../../../../arm-none-eabi/lib/thumb/v7e-m+fp/hard\libc_nano.a(libc_a-mprec.o)
                0x0800acb0                __ratio
 .text.__copybits
                0x0800ad14       0x46 C:/ST/STM32CubeIDE_1.12.0/STM32CubeIDE/plugins/com.st.stm32cube.ide.mcu.externaltools.gnu-tools-for-stm32.13.3.rel1.win32_1.0.0.202411081344/tools/bin/../lib/gcc/arm-none-eabi/13.3.1/../../../../arm-none-eabi/lib/thumb/v7e-m+fp/hard\libc_nano.a(libc_a-mprec.o)
                0x0800ad14                __copybits
 .text.__any_on
                0x0800ad5a       0x42 C:/ST/STM32CubeIDE_1.12.0/STM32CubeIDE/plugins/com.st.stm32cube.ide.mcu.externaltools.gnu-tools-for-stm32.13.3.rel1.win32_1.0.0.202411081344/tools/bin/../lib/gcc/arm-none-eabi/13.3.1/../../../../arm-none-eabi/lib/thumb/v7e-m+fp/hard\libc_nano.a(libc_a-mprec.o)
                0x0800ad5a                __any_on
 .text.__ascii_wctomb
                0x0800ad9c       0x1a C:/ST/STM32CubeIDE_1.12.0/STM32CubeIDE/plugins/com.st.stm32cube.ide.mcu.externaltools.gnu-tools-for-stm32.13.3.rel1.win32_1.0.0.202411081344/tools/bin/../lib/gcc/arm-none-eabi/13.3.1/../../../../arm-none-eabi/lib/thumb/v7e-m+fp/hard\libc_nano.a(libc_a-wctomb_r.o)
                0x0800ad9c                __ascii_wctomb
 *fill*         0x0800adb6        0x2 
 .text.__sflush_r
                0x0800adb8      0x108 C:/ST/STM32CubeIDE_1.12.0/STM32CubeIDE/plugins/com.st.stm32cube.ide.mcu.externaltools.gnu-tools-for-stm32.13.3.rel1.win32_1.0.0.202411081344/tools/bin/../lib/gcc/arm-none-eabi/13.3.1/../../../../arm-none-eabi/lib/thumb/v7e-m+fp/hard\libc_nano.a(libc_a-fflush.o)
                0x0800adb8                __sflush_r
 .text._fflush_r
                0x0800aec0       0x50 C:/ST/STM32CubeIDE_1.12.0/STM32CubeIDE/plugins/com.st.stm32cube.ide.mcu.externaltools.gnu-tools-for-stm32.13.3.rel1.win32_1.0.0.202411081344/tools/bin/../lib/gcc/arm-none-eabi/13.3.1/../../../../arm-none-eabi/lib/thumb/v7e-m+fp/hard\libc_nano.a(libc_a-fflush.o)
                0x0800aec0                _fflush_r
 .text._sbrk_r  0x0800af10       0x20 C:/ST/STM32CubeIDE_1.12.0/STM32CubeIDE/plugins/com.st.stm32cube.ide.mcu.externaltools.gnu-tools-for-stm32.13.3.rel1.win32_1.0.0.202411081344/tools/bin/../lib/gcc/arm-none-eabi/13.3.1/../../../../arm-none-eabi/lib/thumb/v7e-m+fp/hard\libc_nano.a(libc_a-sbrkr.o)
                0x0800af10                _sbrk_r
 .text.__assert_func
                0x0800af30       0x3c C:/ST/STM32CubeIDE_1.12.0/STM32CubeIDE/plugins/com.st.stm32cube.ide.mcu.externaltools.gnu-tools-for-stm32.13.3.rel1.win32_1.0.0.202411081344/tools/bin/../lib/gcc/arm-none-eabi/13.3.1/../../../../arm-none-eabi/lib/thumb/v7e-m+fp/hard\libc_nano.a(libc_a-assert.o)
                0x0800af30                __assert_func
 .text._calloc_r
                0x0800af6c       0x28 C:/ST/STM32CubeIDE_1.12.0/STM32CubeIDE/plugins/com.st.stm32cube.ide.mcu.externaltools.gnu-tools-for-stm32.13.3.rel1.win32_1.0.0.202411081344/tools/bin/../lib/gcc/arm-none-eabi/13.3.1/../../../../arm-none-eabi/lib/thumb/v7e-m+fp/hard\libc_nano.a(libc_a-callocr.o)
                0x0800af6c                _calloc_r
 .text.malloc   0x0800af94       0x10 C:/ST/STM32CubeIDE_1.12.0/STM32CubeIDE/plugins/com.st.stm32cube.ide.mcu.externaltools.gnu-tools-for-stm32.13.3.rel1.win32_1.0.0.202411081344/tools/bin/../lib/gcc/arm-none-eabi/13.3.1/../../../../arm-none-eabi/lib/thumb/v7e-m+fp/hard\libc_nano.a(libc_a-malloc.o)
                0x0800af94                malloc
 .text.fprintf  0x0800afa4       0x24 C:/ST/STM32CubeIDE_1.12.0/STM32CubeIDE/plugins/com.st.stm32cube.ide.mcu.externaltools.gnu-tools-for-stm32.13.3.rel1.win32_1.0.0.202411081344/tools/bin/../lib/gcc/arm-none-eabi/13.3.1/../../../../arm-none-eabi/lib/thumb/v7e-m+fp/hard\libc_nano.a(libc_a-fprintf.o)
                0x0800afa4                fiprintf
                0x0800afa4                fprintf
 .text.abort    0x0800afc8        0xe C:/ST/STM32CubeIDE_1.12.0/STM32CubeIDE/plugins/com.st.stm32cube.ide.mcu.externaltools.gnu-tools-for-stm32.13.3.rel1.win32_1.0.0.202411081344/tools/bin/../lib/gcc/arm-none-eabi/13.3.1/../../../../arm-none-eabi/lib/thumb/v7e-m+fp/hard\libc_nano.a(libc_a-abort.o)
                0x0800afc8                abort
 .text.__sfputc_r
                0x0800afd6       0x2e C:/ST/STM32CubeIDE_1.12.0/STM32CubeIDE/plugins/com.st.stm32cube.ide.mcu.externaltools.gnu-tools-for-stm32.13.3.rel1.win32_1.0.0.202411081344/tools/bin/../lib/gcc/arm-none-eabi/13.3.1/../../../../arm-none-eabi/lib/thumb/v7e-m+fp/hard\libc_nano.a(libc_a-nano-vfprintf.o)
 .text.__sfputs_r
                0x0800b004       0x24 C:/ST/STM32CubeIDE_1.12.0/STM32CubeIDE/plugins/com.st.stm32cube.ide.mcu.externaltools.gnu-tools-for-stm32.13.3.rel1.win32_1.0.0.202411081344/tools/bin/../lib/gcc/arm-none-eabi/13.3.1/../../../../arm-none-eabi/lib/thumb/v7e-m+fp/hard\libc_nano.a(libc_a-nano-vfprintf.o)
                0x0800b004                __sfputs_r
 .text._vfprintf_r
                0x0800b028      0x230 C:/ST/STM32CubeIDE_1.12.0/STM32CubeIDE/plugins/com.st.stm32cube.ide.mcu.externaltools.gnu-tools-for-stm32.13.3.rel1.win32_1.0.0.202411081344/tools/bin/../lib/gcc/arm-none-eabi/13.3.1/../../../../arm-none-eabi/lib/thumb/v7e-m+fp/hard\libc_nano.a(libc_a-nano-vfprintf.o)
                0x0800b028                _vfprintf_r
                0x0800b028                _vfiprintf_r
 .text._printf_common
                0x0800b258       0xda C:/ST/STM32CubeIDE_1.12.0/STM32CubeIDE/plugins/com.st.stm32cube.ide.mcu.externaltools.gnu-tools-for-stm32.13.3.rel1.win32_1.0.0.202411081344/tools/bin/../lib/gcc/arm-none-eabi/13.3.1/../../../../arm-none-eabi/lib/thumb/v7e-m+fp/hard\libc_nano.a(libc_a-nano-vfprintf_i.o)
                0x0800b258                _printf_common
 *fill*         0x0800b332        0x2 
 .text._printf_i
                0x0800b334      0x23c C:/ST/STM32CubeIDE_1.12.0/STM32CubeIDE/plugins/com.st.stm32cube.ide.mcu.externaltools.gnu-tools-for-stm32.13.3.rel1.win32_1.0.0.202411081344/tools/bin/../lib/gcc/arm-none-eabi/13.3.1/../../../../arm-none-eabi/lib/thumb/v7e-m+fp/hard\libc_nano.a(libc_a-nano-vfprintf_i.o)
                0x0800b334                _printf_i
 .text.__swbuf_r
                0x0800b570       0x7c C:/ST/STM32CubeIDE_1.12.0/STM32CubeIDE/plugins/com.st.stm32cube.ide.mcu.externaltools.gnu-tools-for-stm32.13.3.rel1.win32_1.0.0.202411081344/tools/bin/../lib/gcc/arm-none-eabi/13.3.1/../../../../arm-none-eabi/lib/thumb/v7e-m+fp/hard\libc_nano.a(libc_a-wbuf.o)
                0x0800b570                __swbuf_r
 .text.__swsetup_r
                0x0800b5ec       0xac C:/ST/STM32CubeIDE_1.12.0/STM32CubeIDE/plugins/com.st.stm32cube.ide.mcu.externaltools.gnu-tools-for-stm32.13.3.rel1.win32_1.0.0.202411081344/tools/bin/../lib/gcc/arm-none-eabi/13.3.1/../../../../arm-none-eabi/lib/thumb/v7e-m+fp/hard\libc_nano.a(libc_a-wsetup.o)
                0x0800b5ec                __swsetup_r
 .text._raise_r
                0x0800b698       0x50 C:/ST/STM32CubeIDE_1.12.0/STM32CubeIDE/plugins/com.st.stm32cube.ide.mcu.externaltools.gnu-tools-for-stm32.13.3.rel1.win32_1.0.0.202411081344/tools/bin/../lib/gcc/arm-none-eabi/13.3.1/../../../../arm-none-eabi/lib/thumb/v7e-m+fp/hard\libc_nano.a(libc_a-signal.o)
                0x0800b698                _raise_r
 .text.raise    0x0800b6e8       0x10 C:/ST/STM32CubeIDE_1.12.0/STM32CubeIDE/plugins/com.st.stm32cube.ide.mcu.externaltools.gnu-tools-for-stm32.13.3.rel1.win32_1.0.0.202411081344/tools/bin/../lib/gcc/arm-none-eabi/13.3.1/../../../../arm-none-eabi/lib/thumb/v7e-m+fp/hard\libc_nano.a(libc_a-signal.o)
                0x0800b6e8                raise
 .text._kill_r  0x0800b6f8       0x24 C:/ST/STM32CubeIDE_1.12.0/STM32CubeIDE/plugins/com.st.stm32cube.ide.mcu.externaltools.gnu-tools-for-stm32.13.3.rel1.win32_1.0.0.202411081344/tools/bin/../lib/gcc/arm-none-eabi/13.3.1/../../../../arm-none-eabi/lib/thumb/v7e-m+fp/hard\libc_nano.a(libc_a-signalr.o)
                0x0800b6f8                _kill_r
 .text._getpid_r
                0x0800b71c        0x4 C:/ST/STM32CubeIDE_1.12.0/STM32CubeIDE/plugins/com.st.stm32cube.ide.mcu.externaltools.gnu-tools-for-stm32.13.3.rel1.win32_1.0.0.202411081344/tools/bin/../lib/gcc/arm-none-eabi/13.3.1/../../../../arm-none-eabi/lib/thumb/v7e-m+fp/hard\libc_nano.a(libc_a-signalr.o)
                0x0800b71c                _getpid_r
 .text.__swhatbuf_r
                0x0800b720       0x4c C:/ST/STM32CubeIDE_1.12.0/STM32CubeIDE/plugins/com.st.stm32cube.ide.mcu.externaltools.gnu-tools-for-stm32.13.3.rel1.win32_1.0.0.202411081344/tools/bin/../lib/gcc/arm-none-eabi/13.3.1/../../../../arm-none-eabi/lib/thumb/v7e-m+fp/hard\libc_nano.a(libc_a-makebuf.o)
                0x0800b720                __swhatbuf_r
 .text.__smakebuf_r
                0x0800b76c       0x78 C:/ST/STM32CubeIDE_1.12.0/STM32CubeIDE/plugins/com.st.stm32cube.ide.mcu.externaltools.gnu-tools-for-stm32.13.3.rel1.win32_1.0.0.202411081344/tools/bin/../lib/gcc/arm-none-eabi/13.3.1/../../../../arm-none-eabi/lib/thumb/v7e-m+fp/hard\libc_nano.a(libc_a-makebuf.o)
                0x0800b76c                __smakebuf_r
 .text._fstat_r
                0x0800b7e4       0x24 C:/ST/STM32CubeIDE_1.12.0/STM32CubeIDE/plugins/com.st.stm32cube.ide.mcu.externaltools.gnu-tools-for-stm32.13.3.rel1.win32_1.0.0.202411081344/tools/bin/../lib/gcc/arm-none-eabi/13.3.1/../../../../arm-none-eabi/lib/thumb/v7e-m+fp/hard\libc_nano.a(libc_a-fstatr.o)
                0x0800b7e4                _fstat_r
 .text._isatty_r
                0x0800b808       0x20 C:/ST/STM32CubeIDE_1.12.0/STM32CubeIDE/plugins/com.st.stm32cube.ide.mcu.externaltools.gnu-tools-for-stm32.13.3.rel1.win32_1.0.0.202411081344/tools/bin/../lib/gcc/arm-none-eabi/13.3.1/../../../../arm-none-eabi/lib/thumb/v7e-m+fp/hard\libc_nano.a(libc_a-isattyr.o)
                0x0800b808                _isatty_r
 .text.atan2    0x0800b828        0x4 C:/ST/STM32CubeIDE_1.12.0/STM32CubeIDE/plugins/com.st.stm32cube.ide.mcu.externaltools.gnu-tools-for-stm32.13.3.rel1.win32_1.0.0.202411081344/tools/bin/../lib/gcc/arm-none-eabi/13.3.1/../../../../arm-none-eabi/lib/thumb/v7e-m+fp/hard\libm.a(libm_a-w_atan2.o)
                0x0800b828                atan2
 *fill*         0x0800b82c        0x4 
 .text.__ieee754_atan2
                0x0800b830      0x18c C:/ST/STM32CubeIDE_1.12.0/STM32CubeIDE/plugins/com.st.stm32cube.ide.mcu.externaltools.gnu-tools-for-stm32.13.3.rel1.win32_1.0.0.202411081344/tools/bin/../lib/gcc/arm-none-eabi/13.3.1/../../../../arm-none-eabi/lib/thumb/v7e-m+fp/hard\libm.a(libm_a-e_atan2.o)
                0x0800b830                __ieee754_atan2
 *fill*         0x0800b9bc        0x4 
 .text.atan     0x0800b9c0      0x330 C:/ST/STM32CubeIDE_1.12.0/STM32CubeIDE/plugins/com.st.stm32cube.ide.mcu.externaltools.gnu-tools-for-stm32.13.3.rel1.win32_1.0.0.202411081344/tools/bin/../lib/gcc/arm-none-eabi/13.3.1/../../../../arm-none-eabi/lib/thumb/v7e-m+fp/hard\libm.a(libm_a-s_atan.o)
                0x0800b9c0                atan
 .text.fabs     0x0800bcf0       0x10 C:/ST/STM32CubeIDE_1.12.0/STM32CubeIDE/plugins/com.st.stm32cube.ide.mcu.externaltools.gnu-tools-for-stm32.13.3.rel1.win32_1.0.0.202411081344/tools/bin/../lib/gcc/arm-none-eabi/13.3.1/../../../../arm-none-eabi/lib/thumb/v7e-m+fp/hard\libm.a(libm_a-s_fabs.o)
                0x0800bcf0                fabs
 *(.glue_7)
 .glue_7        0x0800bd00        0x0 linker stubs
 *(.glue_7t)
 .glue_7t       0x0800bd00        0x0 linker stubs
 *(.eh_frame)
 .eh_frame      0x0800bd00        0x0 C:/ST/STM32CubeIDE_1.12.0/STM32CubeIDE/plugins/com.st.stm32cube.ide.mcu.externaltools.gnu-tools-for-stm32.13.3.rel1.win32_1.0.0.202411081344/tools/bin/../lib/gcc/arm-none-eabi/13.3.1/thumb/v7e-m+fp/hard/crtbegin.o
 *(.init)
 .init          0x0800bd00        0x4 C:/ST/STM32CubeIDE_1.12.0/STM32CubeIDE/plugins/com.st.stm32cube.ide.mcu.externaltools.gnu-tools-for-stm32.13.3.rel1.win32_1.0.0.202411081344/tools/bin/../lib/gcc/arm-none-eabi/13.3.1/thumb/v7e-m+fp/hard/crti.o
                0x0800bd00                _init
 .init          0x0800bd04        0x8 C:/ST/STM32CubeIDE_1.12.0/STM32CubeIDE/plugins/com.st.stm32cube.ide.mcu.externaltools.gnu-tools-for-stm32.13.3.rel1.win32_1.0.0.202411081344/tools/bin/../lib/gcc/arm-none-eabi/13.3.1/thumb/v7e-m+fp/hard/crtn.o
 *(.fini)
 .fini          0x0800bd0c        0x4 C:/ST/STM32CubeIDE_1.12.0/STM32CubeIDE/plugins/com.st.stm32cube.ide.mcu.externaltools.gnu-tools-for-stm32.13.3.rel1.win32_1.0.0.202411081344/tools/bin/../lib/gcc/arm-none-eabi/13.3.1/thumb/v7e-m+fp/hard/crti.o
                0x0800bd0c                _fini
 .fini          0x0800bd10        0x8 C:/ST/STM32CubeIDE_1.12.0/STM32CubeIDE/plugins/com.st.stm32cube.ide.mcu.externaltools.gnu-tools-for-stm32.13.3.rel1.win32_1.0.0.202411081344/tools/bin/../lib/gcc/arm-none-eabi/13.3.1/thumb/v7e-m+fp/hard/crtn.o
                0x0800bd18                        . = ALIGN (0x4)
                0x0800bd18                        _etext = .

.vfp11_veneer   0x0800bd18        0x0
 .vfp11_veneer  0x0800bd18        0x0 linker stubs

.v4_bx          0x0800bd18        0x0
 .v4_bx         0x0800bd18        0x0 linker stubs

.iplt           0x0800bd18        0x0
 .iplt          0x0800bd18        0x0 C:/ST/STM32CubeIDE_1.12.0/STM32CubeIDE/plugins/com.st.stm32cube.ide.mcu.externaltools.gnu-tools-for-stm32.13.3.rel1.win32_1.0.0.202411081344/tools/bin/../lib/gcc/arm-none-eabi/13.3.1/thumb/v7e-m+fp/hard/crtbegin.o

.rodata         0x0800bd18      0x460
                0x0800bd18                        . = ALIGN (0x4)
 *(.rodata)
 .rodata        0x0800bd18       0x13 ./Core/Inc/neo6m.o
 *(.rodata*)
 *fill*         0x0800bd2b        0x1 
 .rodata.AHBPrescTable
                0x0800bd2c       0x10 ./Core/Src/system_stm32f4xx.o
                0x0800bd2c                AHBPrescTable
 .rodata.APBPrescTable
                0x0800bd3c        0x8 ./Core/Src/system_stm32f4xx.o
                0x0800bd3c                APBPrescTable
 .rodata.flagBitshiftOffset.0
                0x0800bd44        0x8 ./Drivers/STM32F4xx_HAL_Driver/Src/stm32f4xx_hal_dma.o
 .rodata._strtod_l.str1.1
                0x0800bd4c      0x166 C:/ST/STM32CubeIDE_1.12.0/STM32CubeIDE/plugins/com.st.stm32cube.ide.mcu.externaltools.gnu-tools-for-stm32.13.3.rel1.win32_1.0.0.202411081344/tools/bin/../lib/gcc/arm-none-eabi/13.3.1/../../../../arm-none-eabi/lib/thumb/v7e-m+fp/hard\libc_nano.a(libc_a-strtod.o)
                                  0xf (size before relaxing)
 *fill*         0x0800beb2        0x2 
 .rodata.fpinan.0
                0x0800beb4       0x14 C:/ST/STM32CubeIDE_1.12.0/STM32CubeIDE/plugins/com.st.stm32cube.ide.mcu.externaltools.gnu-tools-for-stm32.13.3.rel1.win32_1.0.0.202411081344/tools/bin/../lib/gcc/arm-none-eabi/13.3.1/../../../../arm-none-eabi/lib/thumb/v7e-m+fp/hard\libc_nano.a(libc_a-strtod.o)
 .rodata.fpi.1  0x0800bec8       0x14 C:/ST/STM32CubeIDE_1.12.0/STM32CubeIDE/plugins/com.st.stm32cube.ide.mcu.externaltools.gnu-tools-for-stm32.13.3.rel1.win32_1.0.0.202411081344/tools/bin/../lib/gcc/arm-none-eabi/13.3.1/../../../../arm-none-eabi/lib/thumb/v7e-m+fp/hard\libc_nano.a(libc_a-strtod.o)
 *fill*         0x0800bedc        0x4 
 .rodata.tinytens
                0x0800bee0       0x28 C:/ST/STM32CubeIDE_1.12.0/STM32CubeIDE/plugins/com.st.stm32cube.ide.mcu.externaltools.gnu-tools-for-stm32.13.3.rel1.win32_1.0.0.202411081344/tools/bin/../lib/gcc/arm-none-eabi/13.3.1/../../../../arm-none-eabi/lib/thumb/v7e-m+fp/hard\libc_nano.a(libc_a-strtod.o)
 .rodata._ctype_
                0x0800bf08      0x101 C:/ST/STM32CubeIDE_1.12.0/STM32CubeIDE/plugins/com.st.stm32cube.ide.mcu.externaltools.gnu-tools-for-stm32.13.3.rel1.win32_1.0.0.202411081344/tools/bin/../lib/gcc/arm-none-eabi/13.3.1/../../../../arm-none-eabi/lib/thumb/v7e-m+fp/hard\libc_nano.a(libc_a-ctype_.o)
                0x0800bf08                _ctype_
 .rodata._setlocale_r.str1.1
                0x0800c009        0x9 C:/ST/STM32CubeIDE_1.12.0/STM32CubeIDE/plugins/com.st.stm32cube.ide.mcu.externaltools.gnu-tools-for-stm32.13.3.rel1.win32_1.0.0.202411081344/tools/bin/../lib/gcc/arm-none-eabi/13.3.1/../../../../arm-none-eabi/lib/thumb/v7e-m+fp/hard\libc_nano.a(libc_a-locale.o)
 .rodata.str1.1
                0x0800c009        0x2 C:/ST/STM32CubeIDE_1.12.0/STM32CubeIDE/plugins/com.st.stm32cube.ide.mcu.externaltools.gnu-tools-for-stm32.13.3.rel1.win32_1.0.0.202411081344/tools/bin/../lib/gcc/arm-none-eabi/13.3.1/../../../../arm-none-eabi/lib/thumb/v7e-m+fp/hard\libc_nano.a(libc_a-locale.o)
 .rodata.__gethex.str1.1
                0x0800c009       0x73 C:/ST/STM32CubeIDE_1.12.0/STM32CubeIDE/plugins/com.st.stm32cube.ide.mcu.externaltools.gnu-tools-for-stm32.13.3.rel1.win32_1.0.0.202411081344/tools/bin/../lib/gcc/arm-none-eabi/13.3.1/../../../../arm-none-eabi/lib/thumb/v7e-m+fp/hard\libc_nano.a(libc_a-gdtoa-gethex.o)
 .rodata._Balloc.str1.1
                0x0800c009       0x70 C:/ST/STM32CubeIDE_1.12.0/STM32CubeIDE/plugins/com.st.stm32cube.ide.mcu.externaltools.gnu-tools-for-stm32.13.3.rel1.win32_1.0.0.202411081344/tools/bin/../lib/gcc/arm-none-eabi/13.3.1/../../../../arm-none-eabi/lib/thumb/v7e-m+fp/hard\libc_nano.a(libc_a-mprec.o)
 .rodata.__multadd.str1.1
                0x0800c009       0x11 C:/ST/STM32CubeIDE_1.12.0/STM32CubeIDE/plugins/com.st.stm32cube.ide.mcu.externaltools.gnu-tools-for-stm32.13.3.rel1.win32_1.0.0.202411081344/tools/bin/../lib/gcc/arm-none-eabi/13.3.1/../../../../arm-none-eabi/lib/thumb/v7e-m+fp/hard\libc_nano.a(libc_a-mprec.o)
 *fill*         0x0800c009        0x3 
 .rodata.p05.0  0x0800c00c        0xc C:/ST/STM32CubeIDE_1.12.0/STM32CubeIDE/plugins/com.st.stm32cube.ide.mcu.externaltools.gnu-tools-for-stm32.13.3.rel1.win32_1.0.0.202411081344/tools/bin/../lib/gcc/arm-none-eabi/13.3.1/../../../../arm-none-eabi/lib/thumb/v7e-m+fp/hard\libc_nano.a(libc_a-mprec.o)
 .rodata.__mprec_bigtens
                0x0800c018       0x28 C:/ST/STM32CubeIDE_1.12.0/STM32CubeIDE/plugins/com.st.stm32cube.ide.mcu.externaltools.gnu-tools-for-stm32.13.3.rel1.win32_1.0.0.202411081344/tools/bin/../lib/gcc/arm-none-eabi/13.3.1/../../../../arm-none-eabi/lib/thumb/v7e-m+fp/hard\libc_nano.a(libc_a-mprec.o)
                0x0800c018                __mprec_bigtens
 .rodata.__mprec_tens
                0x0800c040       0xc8 C:/ST/STM32CubeIDE_1.12.0/STM32CubeIDE/plugins/com.st.stm32cube.ide.mcu.externaltools.gnu-tools-for-stm32.13.3.rel1.win32_1.0.0.202411081344/tools/bin/../lib/gcc/arm-none-eabi/13.3.1/../../../../arm-none-eabi/lib/thumb/v7e-m+fp/hard\libc_nano.a(libc_a-mprec.o)
                0x0800c040                __mprec_tens
 .rodata.__assert_func.str1.1
                0x0800c108       0x3d C:/ST/STM32CubeIDE_1.12.0/STM32CubeIDE/plugins/com.st.stm32cube.ide.mcu.externaltools.gnu-tools-for-stm32.13.3.rel1.win32_1.0.0.202411081344/tools/bin/../lib/gcc/arm-none-eabi/13.3.1/../../../../arm-none-eabi/lib/thumb/v7e-m+fp/hard\libc_nano.a(libc_a-assert.o)
 .rodata._vfprintf_r.str1.1
                0x0800c108       0x11 C:/ST/STM32CubeIDE_1.12.0/STM32CubeIDE/plugins/com.st.stm32cube.ide.mcu.externaltools.gnu-tools-for-stm32.13.3.rel1.win32_1.0.0.202411081344/tools/bin/../lib/gcc/arm-none-eabi/13.3.1/../../../../arm-none-eabi/lib/thumb/v7e-m+fp/hard\libc_nano.a(libc_a-nano-vfprintf.o)
 .rodata._printf_i.str1.1
                0x0800c108       0x22 C:/ST/STM32CubeIDE_1.12.0/STM32CubeIDE/plugins/com.st.stm32cube.ide.mcu.externaltools.gnu-tools-for-stm32.13.3.rel1.win32_1.0.0.202411081344/tools/bin/../lib/gcc/arm-none-eabi/13.3.1/../../../../arm-none-eabi/lib/thumb/v7e-m+fp/hard\libc_nano.a(libc_a-nano-vfprintf_i.o)
 .rodata.CSWTCH.9
                0x0800c108       0x18 C:/ST/STM32CubeIDE_1.12.0/STM32CubeIDE/plugins/com.st.stm32cube.ide.mcu.externaltools.gnu-tools-for-stm32.13.3.rel1.win32_1.0.0.202411081344/tools/bin/../lib/gcc/arm-none-eabi/13.3.1/../../../../arm-none-eabi/lib/thumb/v7e-m+fp/hard\libm.a(libm_a-e_atan2.o)
 .rodata.CSWTCH.8
                0x0800c120       0x18 C:/ST/STM32CubeIDE_1.12.0/STM32CubeIDE/plugins/com.st.stm32cube.ide.mcu.externaltools.gnu-tools-for-stm32.13.3.rel1.win32_1.0.0.202411081344/tools/bin/../lib/gcc/arm-none-eabi/13.3.1/../../../../arm-none-eabi/lib/thumb/v7e-m+fp/hard\libm.a(libm_a-e_atan2.o)
 .rodata.atanlo
                0x0800c138       0x20 C:/ST/STM32CubeIDE_1.12.0/STM32CubeIDE/plugins/com.st.stm32cube.ide.mcu.externaltools.gnu-tools-for-stm32.13.3.rel1.win32_1.0.0.202411081344/tools/bin/../lib/gcc/arm-none-eabi/13.3.1/../../../../arm-none-eabi/lib/thumb/v7e-m+fp/hard\libm.a(libm_a-s_atan.o)
 .rodata.atanhi
                0x0800c158       0x20 C:/ST/STM32CubeIDE_1.12.0/STM32CubeIDE/plugins/com.st.stm32cube.ide.mcu.externaltools.gnu-tools-for-stm32.13.3.rel1.win32_1.0.0.202411081344/tools/bin/../lib/gcc/arm-none-eabi/13.3.1/../../../../arm-none-eabi/lib/thumb/v7e-m+fp/hard\libm.a(libm_a-s_atan.o)
                0x0800c178                        . = ALIGN (0x4)

.ARM.extab      0x0800c178        0x0
                0x0800c178                        . = ALIGN (0x4)
 *(.ARM.extab* .gnu.linkonce.armextab.*)
                0x0800c178                        . = ALIGN (0x4)

.ARM            0x0800c178        0x8
                0x0800c178                        . = ALIGN (0x4)
                0x0800c178                        __exidx_start = .
 *(.ARM.exidx*)
 .ARM.exidx     0x0800c178        0x8 C:/ST/STM32CubeIDE_1.12.0/STM32CubeIDE/plugins/com.st.stm32cube.ide.mcu.externaltools.gnu-tools-for-stm32.13.3.rel1.win32_1.0.0.202411081344/tools/bin/../lib/gcc/arm-none-eabi/13.3.1/../../../../arm-none-eabi/lib/thumb/v7e-m+fp/hard\libc_nano.a(libc_a-memchr.o)
 .ARM.exidx     0x0800c180        0x0 C:/ST/STM32CubeIDE_1.12.0/STM32CubeIDE/plugins/com.st.stm32cube.ide.mcu.externaltools.gnu-tools-for-stm32.13.3.rel1.win32_1.0.0.202411081344/tools/bin/../lib/gcc/arm-none-eabi/13.3.1/thumb/v7e-m+fp/hard\libgcc.a(_udivmoddi4.o)
                                  0x8 (size before relaxing)
                0x0800c180                        __exidx_end = .
                0x0800c180                        . = ALIGN (0x4)

.preinit_array  0x0800c180        0x0
                0x0800c180                        . = ALIGN (0x4)
                0x0800c180                        PROVIDE (__preinit_array_start = .)
 *(.preinit_array*)
                0x0800c180                        PROVIDE (__preinit_array_end = .)
                0x0800c180                        . = ALIGN (0x4)

.init_array     0x0800c180        0x4
                0x0800c180                        . = ALIGN (0x4)
                0x0800c180                        PROVIDE (__init_array_start = .)
 *(SORT_BY_NAME(.init_array.*))
 *(.init_array*)
 .init_array    0x0800c180        0x4 C:/ST/STM32CubeIDE_1.12.0/STM32CubeIDE/plugins/com.st.stm32cube.ide.mcu.externaltools.gnu-tools-for-stm32.13.3.rel1.win32_1.0.0.202411081344/tools/bin/../lib/gcc/arm-none-eabi/13.3.1/thumb/v7e-m+fp/hard/crtbegin.o
                0x0800c184                        PROVIDE (__init_array_end = .)
                0x0800c184                        . = ALIGN (0x4)

.fini_array     0x0800c184        0x4
                0x0800c184                        . = ALIGN (0x4)
                [!provide]                        PROVIDE (__fini_array_start = .)
 *(SORT_BY_NAME(.fini_array.*))
 *(.fini_array*)
 .fini_array    0x0800c184        0x4 C:/ST/STM32CubeIDE_1.12.0/STM32CubeIDE/plugins/com.st.stm32cube.ide.mcu.externaltools.gnu-tools-for-stm32.13.3.rel1.win32_1.0.0.202411081344/tools/bin/../lib/gcc/arm-none-eabi/13.3.1/thumb/v7e-m+fp/hard/crtbegin.o
                [!provide]                        PROVIDE (__fini_array_end = .)
                0x0800c188                        . = ALIGN (0x4)
                0x0800c188                        _sidata = LOADADDR (.data)

.rel.dyn        0x0800c188        0x0
 .rel.iplt      0x0800c188        0x0 C:/ST/STM32CubeIDE_1.12.0/STM32CubeIDE/plugins/com.st.stm32cube.ide.mcu.externaltools.gnu-tools-for-stm32.13.3.rel1.win32_1.0.0.202411081344/tools/bin/../lib/gcc/arm-none-eabi/13.3.1/thumb/v7e-m+fp/hard/crtbegin.o

.data           0x20000000      0x1d8 load address 0x0800c188
                0x20000000                        . = ALIGN (0x4)
                0x20000000                        _sdata = .
 *(.data)
 *(.data*)
 .data.sendStatus
                0x20000000        0x1 ./Core/Src/main.o
                0x20000000                sendStatus
 *fill*         0x20000001        0x3 
 .data.SystemCoreClock
                0x20000004        0x4 ./Core/Src/system_stm32f4xx.o
                0x20000004                SystemCoreClock
 .data.uwTickPrio
                0x20000008        0x4 ./Drivers/STM32F4xx_HAL_Driver/Src/stm32f4xx_hal.o
                0x20000008                uwTickPrio
 .data.uwTickFreq
                0x2000000c        0x1 ./Drivers/STM32F4xx_HAL_Driver/Src/stm32f4xx_hal.o
                0x2000000c                uwTickFreq
 *fill*         0x2000000d        0x3 
 .data.__sglue  0x20000010        0xc C:/ST/STM32CubeIDE_1.12.0/STM32CubeIDE/plugins/com.st.stm32cube.ide.mcu.externaltools.gnu-tools-for-stm32.13.3.rel1.win32_1.0.0.202411081344/tools/bin/../lib/gcc/arm-none-eabi/13.3.1/../../../../arm-none-eabi/lib/thumb/v7e-m+fp/hard\libc_nano.a(libc_a-findfp.o)
                0x20000010                __sglue
 .data.__global_locale
                0x2000001c      0x16c C:/ST/STM32CubeIDE_1.12.0/STM32CubeIDE/plugins/com.st.stm32cube.ide.mcu.externaltools.gnu-tools-for-stm32.13.3.rel1.win32_1.0.0.202411081344/tools/bin/../lib/gcc/arm-none-eabi/13.3.1/../../../../arm-none-eabi/lib/thumb/v7e-m+fp/hard\libc_nano.a(libc_a-locale.o)
                0x2000001c                __global_locale
 .data._impure_ptr
                0x20000188        0x4 C:/ST/STM32CubeIDE_1.12.0/STM32CubeIDE/plugins/com.st.stm32cube.ide.mcu.externaltools.gnu-tools-for-stm32.13.3.rel1.win32_1.0.0.202411081344/tools/bin/../lib/gcc/arm-none-eabi/13.3.1/../../../../arm-none-eabi/lib/thumb/v7e-m+fp/hard\libc_nano.a(libc_a-impure.o)
                0x20000188                _impure_ptr
 .data._impure_data
                0x2000018c       0x4c C:/ST/STM32CubeIDE_1.12.0/STM32CubeIDE/plugins/com.st.stm32cube.ide.mcu.externaltools.gnu-tools-for-stm32.13.3.rel1.win32_1.0.0.202411081344/tools/bin/../lib/gcc/arm-none-eabi/13.3.1/../../../../arm-none-eabi/lib/thumb/v7e-m+fp/hard\libc_nano.a(libc_a-impure.o)
                0x2000018c                _impure_data
 *(.RamFunc)
 *(.RamFunc*)
                0x200001d8                        . = ALIGN (0x4)
                0x200001d8                        _edata = .

.igot.plt       0x200001d8        0x0 load address 0x0800c360
 .igot.plt      0x200001d8        0x0 C:/ST/STM32CubeIDE_1.12.0/STM32CubeIDE/plugins/com.st.stm32cube.ide.mcu.externaltools.gnu-tools-for-stm32.13.3.rel1.win32_1.0.0.202411081344/tools/bin/../lib/gcc/arm-none-eabi/13.3.1/thumb/v7e-m+fp/hard/crtbegin.o
                0x200001d8                        . = ALIGN (0x4)

.bss            0x200001d8      0xaac load address 0x0800c360
                0x200001d8                        _sbss = .
                0x200001d8                        __bss_start__ = _sbss
 *(.bss)
 .bss           0x200001d8       0x1c C:/ST/STM32CubeIDE_1.12.0/STM32CubeIDE/plugins/com.st.stm32cube.ide.mcu.externaltools.gnu-tools-for-stm32.13.3.rel1.win32_1.0.0.202411081344/tools/bin/../lib/gcc/arm-none-eabi/13.3.1/thumb/v7e-m+fp/hard/crtbegin.o
 *(.bss*)
 .bss.gps_data  0x200001f4       0x14 ./Core/Inc/neo6m.o
 .bss.nmea_buf  0x20000208       0x80 ./Core/Inc/neo6m.o
 .bss.nmea_index
                0x20000288        0x2 ./Core/Inc/neo6m.o
 *fill*         0x2000028a        0x2 
 .bss.hadc1     0x2000028c       0x48 ./Core/Src/adc.o
                0x2000028c                hadc1
 .bss.hdma_adc1
                0x200002d4       0x60 ./Core/Src/adc.o
                0x200002d4                hdma_adc1
 .bss.g_last_crsf_packet_type
                0x20000334        0x1 ./Core/Src/crsf_serial.o
                0x20000334                g_last_crsf_packet_type
 *fill*         0x20000335        0x3 
 .bss.hi2c1     0x20000338       0x54 ./Core/Src/i2c.o
                0x20000338                hi2c1
 .bss.batteryVoltage
                0x2000038c        0x4 ./Core/Src/main.o
                0x2000038c                batteryVoltage
 .bss.millivolts
                0x20000390        0x2 ./Core/Src/main.o
                0x20000390                millivolts
 .bss.voltage_dV
                0x20000392        0x2 ./Core/Src/main.o
                0x20000392                voltage_dV
 .bss.hcrsf     0x20000394      0x224 ./Core/Src/main.o
                0x20000394                hcrsf
 .bss.ADC_BUF   0x200005b8        0x2 ./Core/Src/main.o
                0x200005b8                ADC_BUF
 *fill*         0x200005ba        0x2 
 .bss.lastPacketMillis
                0x200005bc        0x4 ./Core/Src/main.o
                0x200005bc                lastPacketMillis
 .bss.sendTiming
                0x200005c0        0x4 ./Core/Src/main.o
                0x200005c0                sendTiming
 .bss.lastBatterySendTime
                0x200005c4        0x4 ./Core/Src/main.o
                0x200005c4                lastBatterySendTime
 .bss.uartRxBuf
                0x200005c8       0x80 ./Core/Src/main.o
                0x200005c8                uartRxBuf
 .bss.oldPos    0x20000648        0x2 ./Core/Src/main.o
                0x20000648                oldPos
 .bss.failsafeActive
                0x2000064a        0x1 ./Core/Src/main.o
                0x2000064a                failsafeActive
 *fill*         0x2000064b        0x1 
 .bss.lastValidChannels
                0x2000064c       0x40 ./Core/Src/main.o
                0x2000064c                lastValidChannels
 .bss.Roll      0x2000068c        0x4 ./Core/Src/main.o
                0x2000068c                Roll
 .bss.Pitch     0x20000690        0x4 ./Core/Src/main.o
                0x20000690                Pitch
 .bss.Yaw       0x20000694        0x4 ./Core/Src/main.o
                0x20000694                Yaw
 .bss.status_i2c
                0x20000698        0x1 ./Core/Src/main.o
                0x20000698                status_i2c
 *fill*         0x20000699        0x3 
 .bss.rx_dma_buf
                0x2000069c      0x100 ./Core/Src/main.o
                0x2000069c                rx_dma_buf
 .bss.rx_data   0x2000079c      0x100 ./Core/Src/main.o
                0x2000079c                rx_data
 .bss.old_pos   0x2000089c        0x2 ./Core/Src/main.o
                0x2000089c                old_pos
 *fill*         0x2000089e        0x2 
 .bss.rawData   0x200008a0        0xc ./Core/Src/mpu9250.o
                0x200008a0                rawData
 .bss.sensorData
                0x200008ac       0x18 ./Core/Src/mpu9250.o
                0x200008ac                sensorData
 .bss.gyroCal   0x200008c4        0xc ./Core/Src/mpu9250.o
                0x200008c4                gyroCal
 .bss.attitude  0x200008d0        0xc ./Core/Src/mpu9250.o
                0x200008d0                attitude
 .bss.dev_addr  0x200008dc        0x1 ./Core/Src/mpu9250.o