Archive member included to satisfy reference by file (symbol)

C:/ST/STM32CubeIDE_1.12.0/STM32CubeIDE/plugins/com.st.stm32cube.ide.mcu.externaltools.gnu-tools-for-stm32.13.3.rel1.win32_1.0.0.202411081344/tools/bin/../lib/gcc/arm-none-eabi/13.3.1/../../../../arm-none-eabi/lib/thumb/v7e-m+fp/hard\libc_nano.a(libc_a-exit.o)
                              C:/ST/STM32CubeIDE_1.12.0/STM32CubeIDE/plugins/com.st.stm32cube.ide.mcu.externaltools.gnu-tools-for-stm32.13.3.rel1.win32_1.0.0.202411081344/tools/bin/../lib/gcc/arm-none-eabi/13.3.1/../../../../arm-none-eabi/lib/thumb/v7e-m+fp/hard/crt0.o (exit)
C:/ST/STM32CubeIDE_1.12.0/STM32CubeIDE/plugins/com.st.stm32cube.ide.mcu.externaltools.gnu-tools-for-stm32.13.3.rel1.win32_1.0.0.202411081344/tools/bin/../lib/gcc/arm-none-eabi/13.3.1/../../../../arm-none-eabi/lib/thumb/v7e-m+fp/hard\libc_nano.a(libc_a-findfp.o)
                              C:/ST/STM32CubeIDE_1.12.0/STM32CubeIDE/plugins/com.st.stm32cube.ide.mcu.externaltools.gnu-tools-for-stm32.13.3.rel1.win32_1.0.0.202411081344/tools/bin/../lib/gcc/arm-none-eabi/13.3.1/../../../../arm-none-eabi/lib/thumb/v7e-m+fp/hard\libc_nano.a(libc_a-exit.o) (__stdio_exit_handler)
C:/ST/STM32CubeIDE_1.12.0/STM32CubeIDE/plugins/com.st.stm32cube.ide.mcu.externaltools.gnu-tools-for-stm32.13.3.rel1.win32_1.0.0.202411081344/tools/bin/../lib/gcc/arm-none-eabi/13.3.1/../../../../arm-none-eabi/lib/thumb/v7e-m+fp/hard\libc_nano.a(libc_a-fwalk.o)
                              C:/ST/STM32CubeIDE_1.12.0/STM32CubeIDE/plugins/com.st.stm32cube.ide.mcu.externaltools.gnu-tools-for-stm32.13.3.rel1.win32_1.0.0.202411081344/tools/bin/../lib/gcc/arm-none-eabi/13.3.1/../../../../arm-none-eabi/lib/thumb/v7e-m+fp/hard\libc_nano.a(libc_a-findfp.o) (_fwalk_sglue)
C:/ST/STM32CubeIDE_1.12.0/STM32CubeIDE/plugins/com.st.stm32cube.ide.mcu.externaltools.gnu-tools-for-stm32.13.3.rel1.win32_1.0.0.202411081344/tools/bin/../lib/gcc/arm-none-eabi/13.3.1/../../../../arm-none-eabi/lib/thumb/v7e-m+fp/hard\libc_nano.a(libc_a-stdio.o)
                              C:/ST/STM32CubeIDE_1.12.0/STM32CubeIDE/plugins/com.st.stm32cube.ide.mcu.externaltools.gnu-tools-for-stm32.13.3.rel1.win32_1.0.0.202411081344/tools/bin/../lib/gcc/arm-none-eabi/13.3.1/../../../../arm-none-eabi/lib/thumb/v7e-m+fp/hard\libc_nano.a(libc_a-findfp.o) (__sread)
C:/ST/STM32CubeIDE_1.12.0/STM32CubeIDE/plugins/com.st.stm32cube.ide.mcu.externaltools.gnu-tools-for-stm32.13.3.rel1.win32_1.0.0.202411081344/tools/bin/../lib/gcc/arm-none-eabi/13.3.1/../../../../arm-none-eabi/lib/thumb/v7e-m+fp/hard\libc_nano.a(libc_a-memmove.o)
                              ./Core/Src/crsf_serial.o (memmove)
C:/ST/STM32CubeIDE_1.12.0/STM32CubeIDE/plugins/com.st.stm32cube.ide.mcu.externaltools.gnu-tools-for-stm32.13.3.rel1.win32_1.0.0.202411081344/tools/bin/../lib/gcc/arm-none-eabi/13.3.1/../../../../arm-none-eabi/lib/thumb/v7e-m+fp/hard\libc_nano.a(libc_a-memset.o)
                              C:/ST/STM32CubeIDE_1.12.0/STM32CubeIDE/plugins/com.st.stm32cube.ide.mcu.externaltools.gnu-tools-for-stm32.13.3.rel1.win32_1.0.0.202411081344/tools/bin/../lib/gcc/arm-none-eabi/13.3.1/../../../../arm-none-eabi/lib/thumb/v7e-m+fp/hard/crt0.o (memset)
C:/ST/STM32CubeIDE_1.12.0/STM32CubeIDE/plugins/com.st.stm32cube.ide.mcu.externaltools.gnu-tools-for-stm32.13.3.rel1.win32_1.0.0.202411081344/tools/bin/../lib/gcc/arm-none-eabi/13.3.1/../../../../arm-none-eabi/lib/thumb/v7e-m+fp/hard\libc_nano.a(libc_a-closer.o)
                              C:/ST/STM32CubeIDE_1.12.0/STM32CubeIDE/plugins/com.st.stm32cube.ide.mcu.externaltools.gnu-tools-for-stm32.13.3.rel1.win32_1.0.0.202411081344/tools/bin/../lib/gcc/arm-none-eabi/13.3.1/../../../../arm-none-eabi/lib/thumb/v7e-m+fp/hard\libc_nano.a(libc_a-stdio.o) (_close_r)
C:/ST/STM32CubeIDE_1.12.0/STM32CubeIDE/plugins/com.st.stm32cube.ide.mcu.externaltools.gnu-tools-for-stm32.13.3.rel1.win32_1.0.0.202411081344/tools/bin/../lib/gcc/arm-none-eabi/13.3.1/../../../../arm-none-eabi/lib/thumb/v7e-m+fp/hard\libc_nano.a(libc_a-reent.o)
                              C:/ST/STM32CubeIDE_1.12.0/STM32CubeIDE/plugins/com.st.stm32cube.ide.mcu.externaltools.gnu-tools-for-stm32.13.3.rel1.win32_1.0.0.202411081344/tools/bin/../lib/gcc/arm-none-eabi/13.3.1/../../../../arm-none-eabi/lib/thumb/v7e-m+fp/hard\libc_nano.a(libc_a-closer.o) (errno)
C:/ST/STM32CubeIDE_1.12.0/STM32CubeIDE/plugins/com.st.stm32cube.ide.mcu.externaltools.gnu-tools-for-stm32.13.3.rel1.win32_1.0.0.202411081344/tools/bin/../lib/gcc/arm-none-eabi/13.3.1/../../../../arm-none-eabi/lib/thumb/v7e-m+fp/hard\libc_nano.a(libc_a-impure.o)
                              C:/ST/STM32CubeIDE_1.12.0/STM32CubeIDE/plugins/com.st.stm32cube.ide.mcu.externaltools.gnu-tools-for-stm32.13.3.rel1.win32_1.0.0.202411081344/tools/bin/../lib/gcc/arm-none-eabi/13.3.1/../../../../arm-none-eabi/lib/thumb/v7e-m+fp/hard\libc_nano.a(libc_a-reent.o) (_impure_ptr)
[...]
Memory Configuration

Name             Origin             Length             Attributes
RAM              0x20000000         0x00020000         xrw
FLASH            0x08000000         0x00080000         xr
*default*        0x00000000         0xffffffff

Linker script and memory map

LOAD C:/ST/STM32CubeIDE_1.12.0/STM32CubeIDE/plugins/com.st.stm32cube.ide.mcu.externaltools.gnu-tools-for-stm32.13.3.rel1.win32_1.0.0.202411081344/tools/bin/../lib/gcc/arm-none-eabi/13.3.1/thumb/v7e-m+fp/hard/crti.o
LOAD C:/ST/STM32CubeIDE_1.12.0/STM32CubeIDE/plugins/com.st.stm32cube.ide.mcu.externaltools.gnu-tools-for-stm32.13.3.rel1.win32_1.0.0.202411081344/tools/bin/../lib/gcc/arm-none-eabi/13.3.1/thumb/v7e-m+fp/hard/crtbegin.o
LOAD C:/ST/STM32CubeIDE_1.12.0/STM32CubeIDE/plugins/com.st.stm32cube.ide.mcu.externaltools.gnu-tools-for-stm32.13.3.rel1.win32_1.0.0.202411081344/tools/bin/../lib/gcc/arm-none-eabi/13.3.1/../../../../arm-none-eabi/lib/thumb/v7e-m+fp/hard/crt0.o
LOAD ./Core/Src/adc.o
LOAD ./Core/Src/crc8.o
LOAD ./Core/Src/crsf_serial.o
LOAD ./Core/Src/dma.o
LOAD ./Core/Src/gpio.o
LOAD ./Core/Src/main.o
LOAD ./Core/Src/servo_control.o
LOAD ./Core/Src/stm32f4xx_hal_msp.o
LOAD ./Core/Src/stm32f4xx_it.o
LOAD ./Core/Src/syscalls.o
LOAD ./Core/Src/sysmem.o
LOAD ./Core/Src/system_stm32f4xx.o
LOAD ./Core/Src/tim.o
LOAD ./Core/Src/usart.o
LOAD ./Core/Startup/startup_stm32f411ceux.o
LOAD ./Drivers/STM32F4xx_HAL_Driver/Src/stm32f4xx_hal.o
LOAD ./Drivers/STM32F4xx_HAL_Driver/Src/stm32f4xx_hal_adc.o
LOAD ./Drivers/STM32F4xx_HAL_Driver/Src/stm32f4xx_hal_adc_ex.o
LOAD ./Drivers/STM32F4xx_HAL_Driver/Src/stm32f4xx_hal_cortex.o
LOAD ./Drivers/STM32F4xx_HAL_Driver/Src/stm32f4xx_hal_dma.o
LOAD ./Drivers/STM32F4xx_HAL_Driver/Src/stm32f4xx_hal_dma_ex.o
LOAD ./Drivers/STM32F4xx_HAL_Driver/Src/stm32f4xx_hal_exti.o
LOAD ./Drivers/STM32F4xx_HAL_Driver/Src/stm32f4xx_hal_flash.o
LOAD ./Drivers/STM32F4xx_HAL_Driver/Src/stm32f4xx_hal_flash_ex.o
LOAD ./Drivers/STM32F4xx_HAL_Driver/Src/stm32f4xx_hal_flash_ramfunc.o
LOAD ./Drivers/STM32F4xx_HAL_Driver/Src/stm32f4xx_hal_gpio.o
LOAD ./Drivers/STM32F4xx_HAL_Driver/Src/stm32f4xx_hal_pwr.o
LOAD ./Drivers/STM32F4xx_HAL_Driver/Src/stm32f4xx_hal_pwr_ex.o
LOAD ./Drivers/STM32F4xx_HAL_Driver/Src/stm32f4xx_hal_rcc.o
LOAD ./Drivers/STM32F4xx_HAL_Driver/Src/stm32f4xx_hal_rcc_ex.o
LOAD ./Drivers/STM32F4xx_HAL_Driver/Src/stm32f4xx_hal_tim.o
LOAD ./Drivers/STM32F4xx_HAL_Driver/Src/stm32f4xx_hal_tim_ex.o
LOAD ./Drivers/STM32F4xx_HAL_Driver/Src/stm32f4xx_hal_uart.o
LOAD ./Drivers/STM32F4xx_HAL_Driver/Src/stm32f4xx_ll_adc.o
START GROUP
LOAD C:/ST/STM32CubeIDE_1.12.0/STM32CubeIDE/plugins/com.st.stm32cube.ide.mcu.externaltools.gnu-tools-for-stm32.13.3.rel1.win32_1.0.0.202411081344/tools/bin/../lib/gcc/arm-none-eabi/13.3.1/../../../../arm-none-eabi/lib/thumb/v7e-m+fp/hard\libc_nano.a
LOAD C:/ST/STM32CubeIDE_1.12.0/STM32CubeIDE/plugins/com.st.stm32cube.ide.mcu.externaltools.gnu-tools-for-stm32.13.3.rel1.win32_1.0.0.202411081344/tools/bin/../lib/gcc/arm-none-eabi/13.3.1/../../../../arm-none-eabi/lib/thumb/v7e-m+fp/hard\libm.a
END GROUP
START GROUP
LOAD C:/ST/STM32CubeIDE_1.12.0/STM32CubeIDE/plugins/com.st.stm32cube.ide.mcu.externaltools.gnu-tools-for-stm32.13.3.rel1.win32_1.0.0.202411081344/tools/bin/../lib/gcc/arm-none-eabi/13.3.1/thumb/v7e-m+fp/hard\libgcc.a
LOAD C:/ST/STM32CubeIDE_1.12.0/STM32CubeIDE/plugins/com.st.stm32cube.ide.mcu.externaltools.gnu-tools-for-stm32.13.3.rel1.win32_1.0.0.202411081344/tools/bin/../lib/gcc/arm-none-eabi/13.3.1/../../../../arm-none-eabi/lib/thumb/v7e-m+fp/hard\libc_nano.a
END GROUP
START GROUP
LOAD C:/ST/STM32CubeIDE_1.12.0/STM32CubeIDE/plugins/com.st.stm32cube.ide.mcu.externaltools.gnu-tools-for-stm32.13.3.rel1.win32_1.0.0.202411081344/tools/bin/../lib/gcc/arm-none-eabi/13.3.1/thumb/v7e-m+fp/hard\libgcc.a
LOAD C:/ST/STM32CubeIDE_1.12.0/STM32CubeIDE/plugins/com.st.stm32cube.ide.mcu.externaltools.gnu-tools-for-stm32.13.3.rel1.win32_1.0.0.202411081344/tools/bin/../lib/gcc/arm-none-eabi/13.3.1/../../../../arm-none-eabi/lib/thumb/v7e-m+fp/hard\libc_nano.a
LOAD C:/ST/STM32CubeIDE_1.12.0/STM32CubeIDE/plugins/com.st.stm32cube.ide.mcu.externaltools.gnu-tools-for-stm32.13.3.rel1.win32_1.0.0.202411081344/tools/bin/../lib/gcc/arm-none-eabi/13.3.1/../../../../arm-none-eabi/lib/thumb/v7e-m+fp/hard\libnosys.a
END GROUP
START GROUP
LOAD C:/ST/STM32CubeIDE_1.12.0/STM32CubeIDE/plugins/com.st.stm32cube.ide.mcu.externaltools.gnu-tools-for-stm32.13.3.rel1.win32_1.0.0.202411081344/tools/bin/../lib/gcc/arm-none-eabi/13.3.1/thumb/v7e-m+fp/hard\libgcc.a
LOAD C:/ST/STM32CubeIDE_1.12.0/STM32CubeIDE/plugins/com.st.stm32cube.ide.mcu.externaltools.gnu-tools-for-stm32.13.3.rel1.win32_1.0.0.202411081344/tools/bin/../lib/gcc/arm-none-eabi/13.3.1/../../../../arm-none-eabi/lib/thumb/v7e-m+fp/hard\libc_nano.a
LOAD C:/ST/STM32CubeIDE_1.12.0/STM32CubeIDE/plugins/com.st.stm32cube.ide.mcu.externaltools.gnu-tools-for-stm32.13.3.rel1.win32_1.0.0.202411081344/tools/bin/../lib/gcc/arm-none-eabi/13.3.1/../../../../arm-none-eabi/lib/thumb/v7e-m+fp/hard\libnosys.a
END GROUP
LOAD C:/ST/STM32CubeIDE_1.12.0/STM32CubeIDE/plugins/com.st.stm32cube.ide.mcu.externaltools.gnu-tools-for-stm32.13.3.rel1.win32_1.0.0.202411081344/tools/bin/../lib/gcc/arm-none-eabi/13.3.1/thumb/v7e-m+fp/hard/crtend.o
LOAD C:/ST/STM32CubeIDE_1.12.0/STM32CubeIDE/plugins/com.st.stm32cube.ide.mcu.externaltools.gnu-tools-for-stm32.13.3.rel1.win32_1.0.0.202411081344/tools/bin/../lib/gcc/arm-none-eabi/13.3.1/thumb/v7e-m+fp/hard/crtn.o
                0x20020000                        _estack = (ORIGIN (RAM) + LENGTH (RAM))
                0x00000200                        _Min_Heap_Size = 0x200
                0x00000400                        _Min_Stack_Size = 0x400

.isr_vector     0x08000000      0x198
                0x08000000                        . = ALIGN (0x4)
 *(.isr_vector)
 .isr_vector    0x08000000      0x198 ./Core/Startup/startup_stm32f411ceux.o
                0x08000000                g_pfnVectors
                0x08000198                        . = ALIGN (0x4)

.text           0x08000198     0x4c14
                0x08000198                        . = ALIGN (0x4)
 *(.text)
 .text          0x08000198       0x40 C:/ST/STM32CubeIDE_1.12.0/STM32CubeIDE/plugins/com.st.stm32cube.ide.mcu.externaltools.gnu-tools-for-stm32.13.3.rel1.win32_1.0.0.202411081344/tools/bin/../lib/gcc/arm-none-eabi/13.3.1/thumb/v7e-m+fp/hard/crtbegin.o
 .text          0x080001d8       0x30 C:/ST/STM32CubeIDE_1.12.0/STM32CubeIDE/plugins/com.st.stm32cube.ide.mcu.externaltools.gnu-tools-for-stm32.13.3.rel1.win32_1.0.0.202411081344/tools/bin/../lib/gcc/arm-none-eabi/13.3.1/thumb/v7e-m+fp/hard\libgcc.a(_aeabi_uldivmod.o)
                0x080001d8                __aeabi_uldivmod
 .text          0x08000208      0x2f8 C:/ST/STM32CubeIDE_1.12.0/STM32CubeIDE/plugins/com.st.stm32cube.ide.mcu.externaltools.gnu-tools-for-stm32.13.3.rel1.win32_1.0.0.202411081344/tools/bin/../lib/gcc/arm-none-eabi/13.3.1/thumb/v7e-m+fp/hard\libgcc.a(_udivmoddi4.o)
                0x08000208                __udivmoddi4
 .text          0x08000500        0x4 C:/ST/STM32CubeIDE_1.12.0/STM32CubeIDE/plugins/com.st.stm32cube.ide.mcu.externaltools.gnu-tools-for-stm32.13.3.rel1.win32_1.0.0.202411081344/tools/bin/../lib/gcc/arm-none-eabi/13.3.1/thumb/v7e-m+fp/hard\libgcc.a(_dvmd_tls.o)
                0x08000500                __aeabi_idiv0
                0x08000500                __aeabi_ldiv0
 *(.text*)
 .text.MX_ADC1_Init
                0x08000504       0xa4 ./Core/Src/adc.o
                0x08000504                MX_ADC1_Init
 .text.HAL_ADC_MspInit
                0x080005a8       0x88 ./Core/Src/adc.o
                0x080005a8                HAL_ADC_MspInit
 .text.crc8_dvb_s2
                0x08000630       0x76 ./Core/Src/crc8.o
                0x08000630                crc8_dvb_s2
 .text.CrsfSerial_Init
                0x080006a6       0x98 ./Core/Src/crsf_serial.o
                0x080006a6                CrsfSerial_Init
 .text.CrsfSerial_Begin
                0x0800073e       0x2c ./Core/Src/crsf_serial.o
                0x0800073e                CrsfSerial_Begin
 .text.ShiftBuffer
                0x0800076a       0x58 ./Core/Src/crsf_serial.o
 .text.CrsfSerial_UnpackChannels
                0x080007c2      0x2e4 ./Core/Src/crsf_serial.o
 .text.HandlePacket
                0x08000aa6       0xc6 ./Core/Src/crsf_serial.o
 .text.ProcessByte
                0x08000b6c       0x9c ./Core/Src/crsf_serial.o
                0x08000b6c                ProcessByte
 .text.CrsfSerial_Loop
                0x08000c08       0x48 ./Core/Src/crsf_serial.o
                0x08000c08                CrsfSerial_Loop
 .text.CrsfSerial_UART_IdleCallback
                0x08000c50       0xe0 ./Core/Src/crsf_serial.o
                0x08000c50                CrsfSerial_UART_IdleCallback
 .text.MX_DMA_Init
                0x08000d30       0x50 ./Core/Src/dma.o
                0x08000d30                MX_DMA_Init
 .text.MX_GPIO_Init
                0x08000d80       0xc0 ./Core/Src/gpio.o
                0x08000d80                MX_GPIO_Init
 .text.onRCFrameReceived
                0x08000e40       0x58 ./Core/Src/main.o
                0x08000e40                onRCFrameReceived
 .text.main     0x08000e98       0x94 ./Core/Src/main.o
                0x08000e98                main
 .text.SystemClock_Config
                0x08000f2c       0xd0 ./Core/Src/main.o
                0x08000f2c                SystemClock_Config
 .text.Error_Handler
                0x08000ffc        0xc ./Core/Src/main.o
                0x08000ffc                Error_Handler
 .text.ServoControl_Init
                0x08001008       0x30 ./Core/Src/servo_control.o
                0x08001008                ServoControl_Init
 .text.ServoControl_Update
                0x08001038       0xcc ./Core/Src/servo_control.o
                0x08001038                ServoControl_Update
 .text.HAL_MspInit
                0x08001104       0x50 ./Core/Src/stm32f4xx_hal_msp.o
                0x08001104                HAL_MspInit
 .text.NMI_Handler
                0x08001154        0x8 ./Core/Src/stm32f4xx_it.o
                0x08001154                NMI_Handler
 .text.HardFault_Handler
                0x0800115c        0x8 ./Core/Src/stm32f4xx_it.o
                0x0800115c                HardFault_Handler
 .text.MemManage_Handler
                0x08001164        0x8 ./Core/Src/stm32f4xx_it.o
                0x08001164                MemManage_Handler
 .text.BusFault_Handler
                0x0800116c        0x8 ./Core/Src/stm32f4xx_it.o
                0x0800116c                BusFault_Handler
 .text.UsageFault_Handler
                0x08001174        0x8 ./Core/Src/stm32f4xx_it.o
                0x08001174                UsageFault_Handler
 .text.SVC_Handler
                0x0800117c        0xe ./Core/Src/stm32f4xx_it.o
                0x0800117c                SVC_Handler
 .text.DebugMon_Handler
                0x0800118a        0xe ./Core/Src/stm32f4xx_it.o
                0x0800118a                DebugMon_Handler
 .text.PendSV_Handler
                0x08001198        0xe ./Core/Src/stm32f4xx_it.o
                0x08001198                PendSV_Handler
 .text.SysTick_Handler
                0x080011a6        0xc ./Core/Src/stm32f4xx_it.o
                0x080011a6                SysTick_Handler
 *fill*         0x080011b2        0x2 
 .text.USART1_IRQHandler
                0x080011b4       0x48 ./Core/Src/stm32f4xx_it.o
                0x080011b4                USART1_IRQHandler
 .text.DMA2_Stream2_IRQHandler
                0x080011fc       0x14 ./Core/Src/stm32f4xx_it.o
                0x080011fc                DMA2_Stream2_IRQHandler
 .text.DMA2_Stream7_IRQHandler
                0x08001210       0x14 ./Core/Src/stm32f4xx_it.o
                0x08001210                DMA2_Stream7_IRQHandler
 .text.SystemInit
                0x08001224       0x24 ./Core/Src/system_stm32f4xx.o
                0x08001224                SystemInit
 .text.MX_TIM2_Init
                0x08001248      0x100 ./Core/Src/tim.o
                0x08001248                MX_TIM2_Init
 .text.MX_TIM3_Init
                0x08001348      0x104 ./Core/Src/tim.o
                0x08001348                MX_TIM3_Init
 .text.HAL_TIM_Base_MspInit
                0x0800144c       0x6c ./Core/Src/tim.o
                0x0800144c                HAL_TIM_Base_MspInit
 .text.HAL_TIM_MspPostInit
                0x080014b8       0xbc ./Core/Src/tim.o
                0x080014b8                HAL_TIM_MspPostInit
 .text.MX_USART1_UART_Init
                0x08001574       0x54 ./Core/Src/usart.o
                0x08001574                MX_USART1_UART_Init
 .text.HAL_UART_MspInit
                0x080015c8      0x174 ./Core/Src/usart.o
                0x080015c8                HAL_UART_MspInit
 .text.Reset_Handler
                0x0800173c       0x50 ./Core/Startup/startup_stm32f411ceux.o
                0x0800173c                Reset_Handler
 .text.Default_Handler
                0x0800178c        0x2 ./Core/Startup/startup_stm32f411ceux.o
                0x0800178c                RTC_Alarm_IRQHandler
                0x0800178c                EXTI2_IRQHandler
                0x0800178c                SPI4_IRQHandler
                0x0800178c                TIM1_CC_IRQHandler
                0x0800178c                DMA2_Stream5_IRQHandler
                0x0800178c                DMA1_Stream5_IRQHandler
                0x0800178c                PVD_IRQHandler
                0x0800178c                SDIO_IRQHandler
                0x0800178c                TAMP_STAMP_IRQHandler
                0x0800178c                EXTI3_IRQHandler
                0x0800178c                TIM1_UP_TIM10_IRQHandler
                0x0800178c                I2C3_ER_IRQHandler
                0x0800178c                EXTI0_IRQHandler
                0x0800178c                I2C2_EV_IRQHandler
                0x0800178c                DMA1_Stream2_IRQHandler
                0x0800178c                FPU_IRQHandler
                0x0800178c                SPI1_IRQHandler
                0x0800178c                TIM1_BRK_TIM9_IRQHandler
                0x0800178c                DMA2_Stream3_IRQHandler
                0x0800178c                USART6_IRQHandler
                0x0800178c                DMA2_Stream0_IRQHandler
                0x0800178c                TIM4_IRQHandler
                0x0800178c                I2C1_EV_IRQHandler
                0x0800178c                DMA1_Stream6_IRQHandler
                0x0800178c                DMA1_Stream1_IRQHandler
                0x0800178c                TIM3_IRQHandler
                0x0800178c                RCC_IRQHandler
                0x0800178c                Default_Handler
                0x0800178c                EXTI15_10_IRQHandler
                0x0800178c                ADC_IRQHandler
                0x0800178c                DMA1_Stream7_IRQHandler
                0x0800178c                SPI5_IRQHandler
                0x0800178c                TIM5_IRQHandler
                0x0800178c                I2C3_EV_IRQHandler
                0x0800178c                EXTI9_5_IRQHandler
                0x0800178c                RTC_WKUP_IRQHandler
                0x0800178c                SPI2_IRQHandler
                0x0800178c                DMA1_Stream0_IRQHandler
                0x0800178c                EXTI4_IRQHandler
                0x0800178c                WWDG_IRQHandler
                0x0800178c                TIM2_IRQHandler
                0x0800178c                OTG_FS_WKUP_IRQHandler
                0x0800178c                TIM1_TRG_COM_TIM11_IRQHandler
                0x0800178c                EXTI1_IRQHandler
                0x0800178c                USART2_IRQHandler
                0x0800178c                I2C2_ER_IRQHandler
                0x0800178c                DMA2_Stream1_IRQHandler
                0x0800178c                FLASH_IRQHandler
                0x0800178c                DMA2_Stream4_IRQHandler
                0x0800178c                OTG_FS_IRQHandler
                0x0800178c                SPI3_IRQHandler
                0x0800178c                DMA1_Stream4_IRQHandler
                0x0800178c                I2C1_ER_IRQHandler
                0x0800178c                DMA2_Stream6_IRQHandler
                0x0800178c                DMA1_Stream3_IRQHandler
 *fill*         0x0800178e        0x2 
 .text.HAL_Init
                0x08001790       0x44 ./Drivers/STM32F4xx_HAL_Driver/Src/stm32f4xx_hal.o
                0x08001790                HAL_Init
 .text.HAL_InitTick
                0x080017d4       0x60 ./Drivers/STM32F4xx_HAL_Driver/Src/stm32f4xx_hal.o
                0x080017d4                HAL_InitTick
 .text.HAL_IncTick
                0x08001834       0x28 ./Drivers/STM32F4xx_HAL_Driver/Src/stm32f4xx_hal.o
                0x08001834                HAL_IncTick
 .text.HAL_GetTick
                0x0800185c       0x18 ./Drivers/STM32F4xx_HAL_Driver/Src/stm32f4xx_hal.o
                0x0800185c                HAL_GetTick
 .text.HAL_ADC_Init
                0x08001874       0x86 ./Drivers/STM32F4xx_HAL_Driver/Src/stm32f4xx_hal_adc.o
                0x08001874                HAL_ADC_Init
 *fill*         0x080018fa        0x2 
 .text.HAL_ADC_ConfigChannel
                0x080018fc      0x264 ./Drivers/STM32F4xx_HAL_Driver/Src/stm32f4xx_hal_adc.o
                0x080018fc                HAL_ADC_ConfigChannel
 .text.ADC_Init
                0x08001b60      0x1f8 ./Drivers/STM32F4xx_HAL_Driver/Src/stm32f4xx_hal_adc.o
 .text.__NVIC_SetPriorityGrouping
                0x08001d58       0x48 ./Drivers/STM32F4xx_HAL_Driver/Src/stm32f4xx_hal_cortex.o
 .text.__NVIC_GetPriorityGrouping
                0x08001da0       0x1c ./Drivers/STM32F4xx_HAL_Driver/Src/stm32f4xx_hal_cortex.o
 .text.__NVIC_EnableIRQ
                0x08001dbc       0x3c ./Drivers/STM32F4xx_HAL_Driver/Src/stm32f4xx_hal_cortex.o
 .text.__NVIC_SetPriority
                0x08001df8       0x54 ./Drivers/STM32F4xx_HAL_Driver/Src/stm32f4xx_hal_cortex.o
 .text.NVIC_EncodePriority
                0x08001e4c       0x66 ./Drivers/STM32F4xx_HAL_Driver/Src/stm32f4xx_hal_cortex.o
 *fill*         0x08001eb2        0x2 
 .text.SysTick_Config
                0x08001eb4       0x44 ./Drivers/STM32F4xx_HAL_Driver/Src/stm32f4xx_hal_cortex.o
 .text.HAL_NVIC_SetPriorityGrouping
                0x08001ef8       0x16 ./Drivers/STM32F4xx_HAL_Driver/Src/stm32f4xx_hal_cortex.o
                0x08001ef8                HAL_NVIC_SetPriorityGrouping
 .text.HAL_NVIC_SetPriority
                0x08001f0e       0x38 ./Drivers/STM32F4xx_HAL_Driver/Src/stm32f4xx_hal_cortex.o
                0x08001f0e                HAL_NVIC_SetPriority
 .text.HAL_NVIC_EnableIRQ
                0x08001f46       0x1c ./Drivers/STM32F4xx_HAL_Driver/Src/stm32f4xx_hal_cortex.o
                0x08001f46                HAL_NVIC_EnableIRQ
 .text.HAL_SYSTICK_Config
                0x08001f62       0x18 ./Drivers/STM32F4xx_HAL_Driver/Src/stm32f4xx_hal_cortex.o
                0x08001f62                HAL_SYSTICK_Config
 *fill*         0x08001f7a        0x2 
 .text.HAL_DMA_Init
                0x08001f7c      0x15c ./Drivers/STM32F4xx_HAL_Driver/Src/stm32f4xx_hal_dma.o
                0x08001f7c                HAL_DMA_Init
 .text.HAL_DMA_Abort
                0x080020d8       0xe0 ./Drivers/STM32F4xx_HAL_Driver/Src/stm32f4xx_hal_dma.o
                0x080020d8                HAL_DMA_Abort
 .text.HAL_DMA_Abort_IT
                0x080021b8       0x44 ./Drivers/STM32F4xx_HAL_Driver/Src/stm32f4xx_hal_dma.o
                0x080021b8                HAL_DMA_Abort_IT
 .text.HAL_DMA_IRQHandler
                0x080021fc      0x314 ./Drivers/STM32F4xx_HAL_Driver/Src/stm32f4xx_hal_dma.o
                0x080021fc                HAL_DMA_IRQHandler
 .text.DMA_CalcBaseAndBitshift
                0x08002510       0x6c ./Drivers/STM32F4xx_HAL_Driver/Src/stm32f4xx_hal_dma.o
 .text.DMA_CheckFifoParam
                0x0800257c       0xf8 ./Drivers/STM32F4xx_HAL_Driver/Src/stm32f4xx_hal_dma.o
 .text.HAL_GPIO_Init
                0x08002674      0x308 ./Drivers/STM32F4xx_HAL_Driver/Src/stm32f4xx_hal_gpio.o
                0x08002674                HAL_GPIO_Init
 .text.HAL_GPIO_WritePin
                0x0800297c       0x32 ./Drivers/STM32F4xx_HAL_Driver/Src/stm32f4xx_hal_gpio.o
                0x0800297c                HAL_GPIO_WritePin
 *fill*         0x080029ae        0x2 
 .text.HAL_RCC_OscConfig
                0x080029b0      0x4f0 ./Drivers/STM32F4xx_HAL_Driver/Src/stm32f4xx_hal_rcc.o
                0x080029b0                HAL_RCC_OscConfig
 .text.HAL_RCC_ClockConfig
                0x08002ea0      0x1cc ./Drivers/STM32F4xx_HAL_Driver/Src/stm32f4xx_hal_rcc.o
                0x08002ea0                HAL_RCC_ClockConfig
 .text.HAL_RCC_GetSysClockFreq
                0x0800306c      0x18c ./Drivers/STM32F4xx_HAL_Driver/Src/stm32f4xx_hal_rcc.o
                0x0800306c                HAL_RCC_GetSysClockFreq
 .text.HAL_RCC_GetHCLKFreq
                0x080031f8       0x18 ./Drivers/STM32F4xx_HAL_Driver/Src/stm32f4xx_hal_rcc.o
                0x080031f8                HAL_RCC_GetHCLKFreq
 .text.HAL_RCC_GetPCLK1Freq
                0x08003210       0x28 ./Drivers/STM32F4xx_HAL_Driver/Src/stm32f4xx_hal_rcc.o
                0x08003210                HAL_RCC_GetPCLK1Freq
 .text.HAL_RCC_GetPCLK2Freq
                0x08003238       0x28 ./Drivers/STM32F4xx_HAL_Driver/Src/stm32f4xx_hal_rcc.o
                0x08003238                HAL_RCC_GetPCLK2Freq
 .text.HAL_TIM_Base_Init
                0x08003260       0x9e ./Drivers/STM32F4xx_HAL_Driver/Src/stm32f4xx_hal_tim.o
                0x08003260                HAL_TIM_Base_Init
 .text.HAL_TIM_PWM_Init
                0x080032fe       0x9e ./Drivers/STM32F4xx_HAL_Driver/Src/stm32f4xx_hal_tim.o
                0x080032fe                HAL_TIM_PWM_Init
 .text.HAL_TIM_PWM_MspInit
                0x0800339c       0x14 ./Drivers/STM32F4xx_HAL_Driver/Src/stm32f4xx_hal_tim.o
                0x0800339c                HAL_TIM_PWM_MspInit
 .text.HAL_TIM_PWM_Start
                0x080033b0      0x160 ./Drivers/STM32F4xx_HAL_Driver/Src/stm32f4xx_hal_tim.o
                0x080033b0                HAL_TIM_PWM_Start
 .text.HAL_TIM_PWM_ConfigChannel
                0x08003510      0x184 ./Drivers/STM32F4xx_HAL_Driver/Src/stm32f4xx_hal_tim.o
                0x08003510                HAL_TIM_PWM_ConfigChannel
 .text.HAL_TIM_ConfigClockSource
                0x08003694      0x18e ./Drivers/STM32F4xx_HAL_Driver/Src/stm32f4xx_hal_tim.o
                0x08003694                HAL_TIM_ConfigClockSource
 *fill*         0x08003822        0x2 
 .text.TIM_Base_SetConfig
                0x08003824      0x118 ./Drivers/STM32F4xx_HAL_Driver/Src/stm32f4xx_hal_tim.o
                0x08003824                TIM_Base_SetConfig
 .text.TIM_OC1_SetConfig
                0x0800393c       0xcc ./Drivers/STM32F4xx_HAL_Driver/Src/stm32f4xx_hal_tim.o
 .text.TIM_OC2_SetConfig
                0x08003a08       0xd8 ./Drivers/STM32F4xx_HAL_Driver/Src/stm32f4xx_hal_tim.o
                0x08003a08                TIM_OC2_SetConfig
 .text.TIM_OC3_SetConfig
                0x08003ae0       0xd4 ./Drivers/STM32F4xx_HAL_Driver/Src/stm32f4xx_hal_tim.o
 .text.TIM_OC4_SetConfig
                0x08003bb4       0xa0 ./Drivers/STM32F4xx_HAL_Driver/Src/stm32f4xx_hal_tim.o
 .text.TIM_TI1_ConfigInputStage
                0x08003c54       0x5e ./Drivers/STM32F4xx_HAL_Driver/Src/stm32f4xx_hal_tim.o
 .text.TIM_TI2_ConfigInputStage
                0x08003cb2       0x60 ./Drivers/STM32F4xx_HAL_Driver/Src/stm32f4xx_hal_tim.o
 .text.TIM_ITRx_SetConfig
                0x08003d12       0x36 ./Drivers/STM32F4xx_HAL_Driver/Src/stm32f4xx_hal_tim.o
 .text.TIM_ETR_SetConfig
                0x08003d48       0x40 ./Drivers/STM32F4xx_HAL_Driver/Src/stm32f4xx_hal_tim.o
                0x08003d48                TIM_ETR_SetConfig
 .text.TIM_CCxChannelCmd
                0x08003d88       0x4a ./Drivers/STM32F4xx_HAL_Driver/Src/stm32f4xx_hal_tim.o
                0x08003d88                TIM_CCxChannelCmd
 *fill*         0x08003dd2        0x2 
 .text.HAL_TIMEx_MasterConfigSynchronization
                0x08003dd4       0xdc ./Drivers/STM32F4xx_HAL_Driver/Src/stm32f4xx_hal_tim_ex.o
                0x08003dd4                HAL_TIMEx_MasterConfigSynchronization
 .text.HAL_UART_Init
                0x08003eb0       0xa0 ./Drivers/STM32F4xx_HAL_Driver/Src/stm32f4xx_hal_uart.o
                0x08003eb0                HAL_UART_Init
 .text.HAL_UART_IRQHandler
                0x08003f50      0x524 ./Drivers/STM32F4xx_HAL_Driver/Src/stm32f4xx_hal_uart.o
                0x08003f50                HAL_UART_IRQHandler
 .text.HAL_UART_TxCpltCallback
                0x08004474       0x14 ./Drivers/STM32F4xx_HAL_Driver/Src/stm32f4xx_hal_uart.o
                0x08004474                HAL_UART_TxCpltCallback
 .text.HAL_UART_RxCpltCallback
                0x08004488       0x14 ./Drivers/STM32F4xx_HAL_Driver/Src/stm32f4xx_hal_uart.o
                0x08004488                HAL_UART_RxCpltCallback
 .text.HAL_UART_ErrorCallback
                0x0800449c       0x14 ./Drivers/STM32F4xx_HAL_Driver/Src/stm32f4xx_hal_uart.o
                0x0800449c                HAL_UART_ErrorCallback
 .text.HAL_UARTEx_RxEventCallback
                0x080044b0       0x18 ./Drivers/STM32F4xx_HAL_Driver/Src/stm32f4xx_hal_uart.o
                0x080044b0                HAL_UARTEx_RxEventCallback
 .text.UART_EndRxTransfer
                0x080044c8       0xc6 ./Drivers/STM32F4xx_HAL_Driver/Src/stm32f4xx_hal_uart.o
 .text.UART_DMAAbortOnError
                0x0800458e       0x28 ./Drivers/STM32F4xx_HAL_Driver/Src/stm32f4xx_hal_uart.o
 .text.UART_Transmit_IT
                0x080045b6       0xa0 ./Drivers/STM32F4xx_HAL_Driver/Src/stm32f4xx_hal_uart.o
 .text.UART_EndTransmit_IT
                0x08004656       0x30 ./Drivers/STM32F4xx_HAL_Driver/Src/stm32f4xx_hal_uart.o
 .text.UART_Receive_IT
                0x08004686      0x17c ./Drivers/STM32F4xx_HAL_Driver/Src/stm32f4xx_hal_uart.o
 *fill*         0x08004802        0x2 
 .text.UART_SetConfig
                0x08004804      0x4e8 ./Drivers/STM32F4xx_HAL_Driver/Src/stm32f4xx_hal_uart.o
 .text.memmove  0x08004cec       0x34 C:/ST/STM32CubeIDE_1.12.0/STM32CubeIDE/plugins/com.st.stm32cube.ide.mcu.externaltools.gnu-tools-for-stm32.13.3.rel1.win32_1.0.0.202411081344/tools/bin/../lib/gcc/arm-none-eabi/13.3.1/../../../../arm-none-eabi/lib/thumb/v7e-m+fp/hard\libc_nano.a(libc_a-memmove.o)
                0x08004cec                memmove
 .text.memset   0x08004d20       0x10 C:/ST/STM32CubeIDE_1.12.0/STM32CubeIDE/plugins/com.st.stm32cube.ide.mcu.externaltools.gnu-tools-for-stm32.13.3.rel1.win32_1.0.0.202411081344/tools/bin/../lib/gcc/arm-none-eabi/13.3.1/../../../../arm-none-eabi/lib/thumb/v7e-m+fp/hard\libc_nano.a(libc_a-memset.o)
                0x08004d20                memset
 .text.__libc_init_array
                0x08004d30       0x48 C:/ST/STM32CubeIDE_1.12.0/STM32CubeIDE/plugins/com.st.stm32cube.ide.mcu.externaltools.gnu-tools-for-stm32.13.3.rel1.win32_1.0.0.202411081344/tools/bin/../lib/gcc/arm-none-eabi/13.3.1/../../../../arm-none-eabi/lib/thumb/v7e-m+fp/hard\libc_nano.a(libc_a-init.o)
                0x08004d30                __libc_init_array
 .text.memcpy   0x08004d78       0x1c C:/ST/STM32CubeIDE_1.12.0/STM32CubeIDE/plugins/com.st.stm32cube.ide.mcu.externaltools.gnu-tools-for-stm32.13.3.rel1.win32_1.0.0.202411081344/tools/bin/../lib/gcc/arm-none-eabi/13.3.1/../../../../arm-none-eabi/lib/thumb/v7e-m+fp/hard\libc_nano.a(libc_a-memcpy-stub.o)
                0x08004d78                memcpy
 *(.glue_7)
 .glue_7        0x08004d94        0x0 linker stubs
 *(.glue_7t)
 .glue_7t       0x08004d94        0x0 linker stubs
 *(.eh_frame)
 .eh_frame      0x08004d94        0x0 C:/ST/STM32CubeIDE_1.12.0/STM32CubeIDE/plugins/com.st.stm32cube.ide.mcu.externaltools.gnu-tools-for-stm32.13.3.rel1.win32_1.0.0.202411081344/tools/bin/../lib/gcc/arm-none-eabi/13.3.1/thumb/v7e-m+fp/hard/crtbegin.o
 *(.init)
 .init          0x08004d94        0x4 C:/ST/STM32CubeIDE_1.12.0/STM32CubeIDE/plugins/com.st.stm32cube.ide.mcu.externaltools.gnu-tools-for-stm32.13.3.rel1.win32_1.0.0.202411081344/tools/bin/../lib/gcc/arm-none-eabi/13.3.1/thumb/v7e-m+fp/hard/crti.o
                0x08004d94                _init
 .init          0x08004d98        0x8 C:/ST/STM32CubeIDE_1.12.0/STM32CubeIDE/plugins/com.st.stm32cube.ide.mcu.externaltools.gnu-tools-for-stm32.13.3.rel1.win32_1.0.0.202411081344/tools/bin/../lib/gcc/arm-none-eabi/13.3.1/thumb/v7e-m+fp/hard/crtn.o
 *(.fini)
 .fini          0x08004da0        0x4 C:/ST/STM32CubeIDE_1.12.0/STM32CubeIDE/plugins/com.st.stm32cube.ide.mcu.externaltools.gnu-tools-for-stm32.13.3.rel1.win32_1.0.0.202411081344/tools/bin/../lib/gcc/arm-none-eabi/13.3.1/thumb/v7e-m+fp/hard/crti.o
                0x08004da0                _fini
 .fini          0x08004da4        0x8 C:/ST/STM32CubeIDE_1.12.0/STM32CubeIDE/plugins/com.st.stm32cube.ide.mcu.externaltools.gnu-tools-for-stm32.13.3.rel1.win32_1.0.0.202411081344/tools/bin/../lib/gcc/arm-none-eabi/13.3.1/thumb/v7e-m+fp/hard/crtn.o
                0x08004dac                        . = ALIGN (0x4)
                0x08004dac                        _etext = .

.vfp11_veneer   0x08004dac        0x0
 .vfp11_veneer  0x08004dac        0x0 linker stubs

.v4_bx          0x08004dac        0x0
 .v4_bx         0x08004dac        0x0 linker stubs

.iplt           0x08004dac        0x0
 .iplt          0x08004dac        0x0 C:/ST/STM32CubeIDE_1.12.0/STM32CubeIDE/plugins/com.st.stm32cube.ide.mcu.externaltools.gnu-tools-for-stm32.13.3.rel1.win32_1.0.0.202411081344/tools/bin/../lib/gcc/arm-none-eabi/13.3.1/thumb/v7e-m+fp/hard/crtbegin.o

.rodata         0x08004dac       0x20
                0x08004dac                        . = ALIGN (0x4)
 *(.rodata)
 *(.rodata*)
 .rodata.AHBPrescTable
                0x08004dac       0x10 ./Core/Src/system_stm32f4xx.o
                0x08004dac                AHBPrescTable
 .rodata.APBPrescTable
                0x08004dbc        0x8 ./Core/Src/system_stm32f4xx.o
                0x08004dbc                APBPrescTable
 .rodata.flagBitshiftOffset.0
                0x08004dc4        0x8 ./Drivers/STM32F4xx_HAL_Driver/Src/stm32f4xx_hal_dma.o
                0x08004dcc                        . = ALIGN (0x4)

.ARM.extab      0x08004dcc        0x0
                0x08004dcc                        . = ALIGN (0x4)
 *(.ARM.extab* .gnu.linkonce.armextab.*)
                0x08004dcc                        . = ALIGN (0x4)

.ARM            0x08004dcc        0x8
                0x08004dcc                        . = ALIGN (0x4)
                0x08004dcc                        __exidx_start = .
 *(.ARM.exidx*)
 .ARM.exidx     0x08004dcc        0x8 C:/ST/STM32CubeIDE_1.12.0/STM32CubeIDE/plugins/com.st.stm32cube.ide.mcu.externaltools.gnu-tools-for-stm32.13.3.rel1.win32_1.0.0.202411081344/tools/bin/../lib/gcc/arm-none-eabi/13.3.1/thumb/v7e-m+fp/hard\libgcc.a(_udivmoddi4.o)
                0x08004dd4                        __exidx_end = .
                0x08004dd4                        . = ALIGN (0x4)

.preinit_array  0x08004dd4        0x0
                0x08004dd4                        . = ALIGN (0x4)
                0x08004dd4                        PROVIDE (__preinit_array_start = .)
 *(.preinit_array*)
                0x08004dd4                        PROVIDE (__preinit_array_end = .)
                0x08004dd4                        . = ALIGN (0x4)

.init_array     0x08004dd4        0x4
                0x08004dd4                        . = ALIGN (0x4)
                0x08004dd4                        PROVIDE (__init_array_start = .)
 *(SORT_BY_NAME(.init_array.*))
 *(.init_array*)
 .init_array    0x08004dd4        0x4 C:/ST/STM32CubeIDE_1.12.0/STM32CubeIDE/plugins/com.st.stm32cube.ide.mcu.externaltools.gnu-tools-for-stm32.13.3.rel1.win32_1.0.0.202411081344/tools/bin/../lib/gcc/arm-none-eabi/13.3.1/thumb/v7e-m+fp/hard/crtbegin.o
                0x08004dd8                        PROVIDE (__init_array_end = .)
                0x08004dd8                        . = ALIGN (0x4)

.fini_array     0x08004dd8        0x4
                0x08004dd8                        . = ALIGN (0x4)
                [!provide]                        PROVIDE (__fini_array_start = .)
 *(SORT_BY_NAME(.fini_array.*))
 *(.fini_array*)
 .fini_array    0x08004dd8        0x4 C:/ST/STM32CubeIDE_1.12.0/STM32CubeIDE/plugins/com.st.stm32cube.ide.mcu.externaltools.gnu-tools-for-stm32.13.3.rel1.win32_1.0.0.202411081344/tools/bin/../lib/gcc/arm-none-eabi/13.3.1/thumb/v7e-m+fp/hard/crtbegin.o
                [!provide]                        PROVIDE (__fini_array_end = .)
                0x08004ddc                        . = ALIGN (0x4)
                0x08004ddc                        _sidata = LOADADDR (.data)

.rel.dyn        0x08004ddc        0x0
 .rel.iplt      0x08004ddc        0x0 C:/ST/STM32CubeIDE_1.12.0/STM32CubeIDE/plugins/com.st.stm32cube.ide.mcu.externaltools.gnu-tools-for-stm32.13.3.rel1.win32_1.0.0.202411081344/tools/bin/../lib/gcc/arm-none-eabi/13.3.1/thumb/v7e-m+fp/hard/crtbegin.o

.data           0x20000000        0xc load address 0x08004ddc
                0x20000000                        . = ALIGN (0x4)
                0x20000000                        _sdata = .
 *(.data)
 *(.data*)
 .data.SystemCoreClock
                0x20000000        0x4 ./Core/Src/system_stm32f4xx.o
                0x20000000                SystemCoreClock
 .data.uwTickPrio
                0x20000004        0x4 ./Drivers/STM32F4xx_HAL_Driver/Src/stm32f4xx_hal.o
                0x20000004                uwTickPrio
 .data.uwTickFreq
                0x20000008        0x1 ./Drivers/STM32F4xx_HAL_Driver/Src/stm32f4xx_hal.o
                0x20000008                uwTickFreq
 *(.RamFunc)
 *(.RamFunc*)
                0x2000000c                        . = ALIGN (0x4)
 *fill*         0x20000009        0x3 
                0x2000000c                        _edata = .

.igot.plt       0x2000000c        0x0 load address 0x08004de8
 .igot.plt      0x2000000c        0x0 C:/ST/STM32CubeIDE_1.12.0/STM32CubeIDE/plugins/com.st.stm32cube.ide.mcu.externaltools.gnu-tools-for-stm32.13.3.rel1.win32_1.0.0.202411081344/tools/bin/../lib/gcc/arm-none-eabi/13.3.1/thumb/v7e-m+fp/hard/crtbegin.o
                0x2000000c                        . = ALIGN (0x4)

.bss            0x2000000c      0x498 load address 0x08004de8
                0x2000000c                        _sbss = .
                0x2000000c                        __bss_start__ = _sbss
 *(.bss)
 .bss           0x2000000c       0x1c C:/ST/STM32CubeIDE_1.12.0/STM32CubeIDE/plugins/com.st.stm32cube.ide.mcu.externaltools.gnu-tools-for-stm32.13.3.rel1.win32_1.0.0.202411081344/tools/bin/../lib/gcc/arm-none-eabi/13.3.1/thumb/v7e-m+fp/hard/crtbegin.o
 *(.bss*)
 .bss.hadc1     0x20000028       0x48 ./Core/Src/adc.o
                0x20000028                hadc1
 .bss.uartRxBuf
                0x20000070       0x80 ./Core/Src/crsf_serial.o
                0x20000070                uartRxBuf
 .bss.oldPos    0x200000f0        0x2 ./Core/Src/crsf_serial.o
                0x200000f0                oldPos
 *fill*         0x200000f2        0x2 
 .bss.hcrsf     0x200000f4      0x1cc ./Core/Src/main.o
                0x200000f4                hcrsf
 .bss.lastPacketMillis
                0x200002c0        0x4 ./Core/Src/main.o
                0x200002c0                lastPacketMillis
 .bss.failsafeActive
                0x200002c4        0x1 ./Core/Src/main.o
                0x200002c4                failsafeActive
 *fill*         0x200002c5        0x3 
 .bss.lastValidChannels
                0x200002c8       0x40 ./Core/Src/main.o
                0x200002c8                lastValidChannels
 .bss.htim2     0x20000308       0x48 ./Core/Src/tim.o
                0x20000308                htim2
 .bss.htim3     0x20000350       0x48 ./Core/Src/tim.o
                0x20000350                htim3
 .bss.huart1    0x20000398       0x48 ./Core/Src/usart.o
                0x20000398                huart1
 .bss.hdma_usart1_rx
                0x200003e0       0x60 ./Core/Src/usart.o
                0x200003e0                hdma_usart1_rx
 .bss.hdma_usart1_tx
                0x20000440       0x60 ./Core/Src/usart.o
                0x20000440                hdma_usart1_tx
 .bss.uwTick    0x200004a0        0x4 ./Drivers/STM32F4xx_HAL_Driver/Src/stm32f4xx_hal.o
                0x200004a0                uwTick
 *(COMMON)
                0x200004a4                        . = ALIGN (0x4)
                0x200004a4                        _ebss = .
                0x200004a4                        __bss_end__ = _ebss

._user_heap_stack
                0x200004a4      0x604 load address 0x08004de8
                0x200004a8                        . = ALIGN (0x8)
 *fill*         0x200004a4        0x4 
                [!provide]                        PROVIDE (end = .)
                0x200004a8                        PROVIDE (_end = .)
                0x200006a8                        . = (. + _Min_Heap_Size)
 *fill*         0x200004a8      0x200 
                0x20000aa8                        . = (. + _Min_Stack_Size)
 *fill*         0x200006a8      0x400 
                0x20000aa8                        . = ALIGN (0x8)

/DISCARD/
 libc.a(*)
 libm.a(*)
 libgcc.a(*)

.ARM.attributes
                0x00000000       0x30
 *(.ARM.attributes)
 .ARM.attributes
                0x00000000       0x22 C:/ST/STM32CubeIDE_1.12.0/STM32CubeIDE/plugins/com.st.stm32cube.ide.mcu.externaltools.gnu-tools-for-stm32.13.3.rel1.win32_1.0.0.202411081344/tools/bin/../lib/gcc/arm-none-eabi/13.3.1/thumb/v7e-m+fp/hard/crti.o
 .ARM.attributes
                0x00000022       0x34 C:/ST/STM32CubeIDE_1.12.0/STM32CubeIDE/plugins/com.st.stm32cube.ide.mcu.externaltools.gnu-tools-for-stm32.13.3.rel1.win32_1.0.0.202411081344/tools/bin/../lib/gcc/arm-none-eabi/13.3.1/thumb/v7e-m+fp/hard/crtbegin.o
 .ARM.attributes
                0x00000056       0x34 ./Core/Src/adc.o
 .ARM.attributes
                0x0000008a       0x34 ./Core/Src/crc8.o
 .ARM.attributes
                0x000000be       0x34 ./Core/Src/crsf_serial.o
 .ARM.attributes
                0x000000f2       0x34 ./Core/Src/dma.o
 .ARM.attributes
                0x00000126       0x34 ./Core/Src/gpio.o
 .ARM.attributes
                0x0000015a       0x34 ./Core/Src/main.o
 .ARM.attributes
                0x0000018e       0x34 ./Core/Src/servo_control.o
 .ARM.attributes
                0x000001c2       0x34 ./Core/Src/stm32f4xx_hal_msp.o
 .ARM.attributes
                0x000001f6       0x34 ./Core/Src/stm32f4xx_it.o
 .ARM.attributes
                0x0000022a       0x34 ./Core/Src/system_stm32f4xx.o
 .ARM.attributes
                0x0000025e       0x34 ./Core/Src/tim.o
 .ARM.attributes
                0x00000292       0x34 ./Core/Src/usart.o
 .ARM.attributes
                0x000002c6       0x21 ./Core/Startup/startup_stm32f411ceux.o
 .ARM.attributes
                0x000002e7       0x34 ./Drivers/STM32F4xx_HAL_Driver/Src/stm32f4xx_hal.o
 .ARM.attributes
                0x0000031b       0x34 ./Drivers/STM32F4xx_HAL_Driver/Src/stm32f4xx_hal_adc.o
 .ARM.attributes
                0x0000034f       0x34 ./Drivers/STM32F4xx_HAL_Driver/Src/stm32f4xx_hal_cortex.o
 .ARM.attributes
                0x00000383       0x34 ./Drivers/STM32F4xx_HAL_Driver/Src/stm32f4xx_hal_dma.o
 .ARM.attributes
                0x000003b7       0x34 ./Drivers/STM32F4xx_HAL_Driver/Src/stm32f4xx_hal_gpio.o
 .ARM.attributes
                0x000003eb       0x34 ./Drivers/STM32F4xx_HAL_Driver/Src/stm32f4xx_hal_rcc.o
 .ARM.attributes
                0x0000041f       0x34 ./Drivers/STM32F4xx_HAL_Driver/Src/stm32f4xx_hal_tim.o
 .ARM.attributes
                0x00000453       0x34 ./Drivers/STM32F4xx_HAL_Driver/Src/stm32f4xx_hal_tim_ex.o
 .ARM.attributes
                0x00000487       0x34 ./Drivers/STM32F4xx_HAL_Driver/Src/stm32f4xx_hal_uart.o
 .ARM.attributes
                0x000004bb       0x34 C:/ST/STM32CubeIDE_1.12.0/STM32CubeIDE/plugins/com.st.stm32cube.ide.mcu.externaltools.gnu-tools-for-stm32.13.3.rel1.win32_1.0.0.202411081344/tools/bin/../lib/gcc/arm-none-eabi/13.3.1/../../../../arm-none-eabi/lib/thumb/v7e-m+fp/hard\libc_nano.a(libc_a-memmove.o)
 .ARM.attributes
                0x000004ef       0x34 C:/ST/STM32CubeIDE_1.12.0/STM32CubeIDE/plugins/com.st.stm32cube.ide.mcu.externaltools.gnu-tools-for-stm32.13.3.rel1.win32_1.0.0.202411081344/tools/bin/../lib/gcc/arm-none-eabi/13.3.1/../../../../arm-none-eabi/lib/thumb/v7e-m+fp/hard\libc_nano.a(libc_a-memset.o)
 .ARM.attributes
                0x00000523       0x34 C:/ST/STM32CubeIDE_1.12.0/STM32CubeIDE/plugins/com.st.stm32cube.ide.mcu.externaltools.gnu-tools-for-stm32.13.3.rel1.win32_1.0.0.202411081344/tools/bin/../lib/gcc/arm-none-eabi/13.3.1/../../../../arm-none-eabi/lib/thumb/v7e-m+fp/hard\libc_nano.a(libc_a-init.o)
 .ARM.attributes
                0x00000557       0x34 C:/ST/STM32CubeIDE_1.12.0/STM32CubeIDE/plugins/com.st.stm32cube.ide.mcu.externaltools.gnu-tools-for-stm32.13.3.rel1.win32_1.0.0.202411081344/tools/bin/../lib/gcc/arm-none-eabi/13.3.1/../../../../arm-none-eabi/lib/thumb/v7e-m+fp/hard\libc_nano.a(libc_a-memcpy-stub.o)
 .ARM.attributes
                0x0000058b       0x22 C:/ST/STM32CubeIDE_1.12.0/STM32CubeIDE/plugins/com.st.stm32cube.ide.mcu.externaltools.gnu-tools-for-stm32.13.3.rel1.win32_1.0.0.202411081344/tools/bin/../lib/gcc/arm-none-eabi/13.3.1/thumb/v7e-m+fp/hard\libgcc.a(_aeabi_uldivmod.o)
 .ARM.attributes
                0x000005ad       0x34 C:/ST/STM32CubeIDE_1.12.0/STM32CubeIDE/plugins/com.st.stm32cube.ide.mcu.externaltools.gnu-tools-for-stm32.13.3.rel1.win32_1.0.0.202411081344/tools/bin/../lib/gcc/arm-none-eabi/13.3.1/thumb/v7e-m+fp/hard\libgcc.a(_udivmoddi4.o)
 .ARM.attributes
                0x000005e1       0x22 C:/ST/STM32CubeIDE_1.12.0/STM32CubeIDE/plugins/com.st.stm32cube.ide.mcu.externaltools.gnu-tools-for-stm32.13.3.rel1.win32_1.0.0.202411081344/tools/bin/../lib/gcc/arm-none-eabi/13.3.1/thumb/v7e-m+fp/hard\libgcc.a(_dvmd_tls.o)
 .ARM.attributes
                0x00000603       0x22 C:/ST/STM32CubeIDE_1.12.0/STM32CubeIDE/plugins/com.st.stm32cube.ide.mcu.externaltools.gnu-tools-for-stm32.13.3.rel1.win32_1.0.0.202411081344/tools/bin/../lib/gcc/arm-none-eabi/13.3.1/thumb/v7e-m+fp/hard/crtn.o
OUTPUT(STM32_RX_Elrs.elf elf32-littlearm)
LOAD linker stubs
LOAD C:/ST/STM32CubeIDE_1.12.0/STM32CubeIDE/plugins/com.st.stm32cube.ide.mcu.externaltools.gnu-tools-for-stm32.13.3.rel1.win32_1.0.0.202411081344/tools/bin/../lib/gcc/arm-none-eabi/13.3.1/../../../../arm-none-eabi/lib/thumb/v7e-m+fp/hard\libc.a
LOAD C:/ST/STM32CubeIDE_1.12.0/STM32CubeIDE/plugins/com.st.stm32cube.ide.mcu.externaltools.gnu-tools-for-stm32.13.3.rel1.win32_1.0.0.202411081344/tools/bin/../lib/gcc/arm-none-eabi/13.3.1/../../../../arm-none-eabi/lib/thumb/v7e-m+fp/hard\libm.a
LOAD C:/ST/STM32CubeIDE_1.12.0/STM32CubeIDE/plugins/com.st.stm32cube.ide.mcu.externaltools.gnu-tools-for-stm32.13.3.rel1.win32_1.0.0.202411081344/tools/bin/../lib/gcc/arm-none-eabi/13.3.1/thumb/v7e-m+fp/hard\libgcc.a

.debug_info     0x00000000    0x10b12
 .debug_info    0x00000000      0x9c6 ./Core/Src/adc.o
 .debug_info    0x000009c6      0x209 ./Core/Src/crc8.o
 .debug_info    0x00000bcf      0xf06 ./Core/Src/crsf_serial.o
 .debug_info    0x00001ad5      0x445 ./Core/Src/dma.o
 .debug_info    0x00001f1a      0x433 ./Core/Src/gpio.o
 .debug_info    0x0000234d      0xdde ./Core/Src/main.o
 .debug_info    0x0000312b      0x6e9 ./Core/Src/servo_control.o
 .debug_info    0x00003814      0x291 ./Core/Src/stm32f4xx_hal_msp.o
 .debug_info    0x00003aa5      0x9cd ./Core/Src/stm32f4xx_it.o
 .debug_info    0x00004472      0x53e ./Core/Src/system_stm32f4xx.o
 .debug_info    0x000049b0      0xc99 ./Core/Src/tim.o
 .debug_info    0x00005649      0xb79 ./Core/Src/usart.o
 .debug_info    0x000061c2       0x30 ./Core/Startup/startup_stm32f411ceux.o
 .debug_info    0x000061f2      0x8c4 ./Drivers/STM32F4xx_HAL_Driver/Src/stm32f4xx_hal.o
 .debug_info    0x00006ab6      0xcd1 ./Drivers/STM32F4xx_HAL_Driver/Src/stm32f4xx_hal_adc.o
 .debug_info    0x00007787      0xcfc ./Drivers/STM32F4xx_HAL_Driver/Src/stm32f4xx_hal_cortex.o
 .debug_info    0x00008483      0x8e6 ./Drivers/STM32F4xx_HAL_Driver/Src/stm32f4xx_hal_dma.o
 .debug_info    0x00008d69      0x6f9 ./Drivers/STM32F4xx_HAL_Driver/Src/stm32f4xx_hal_gpio.o
 .debug_info    0x00009462      0x8f0 ./Drivers/STM32F4xx_HAL_Driver/Src/stm32f4xx_hal_rcc.o
 .debug_info    0x00009d52     0x2996 ./Drivers/STM32F4xx_HAL_Driver/Src/stm32f4xx_hal_tim.o
 .debug_info    0x0000c6e8     0x14d4 ./Drivers/STM32F4xx_HAL_Driver/Src/stm32f4xx_hal_tim_ex.o
 .debug_info    0x0000dbbc     0x2f56 ./Drivers/STM32F4xx_HAL_Driver/Src/stm32f4xx_hal_uart.o

.debug_abbrev   0x00000000     0x2b5d
 .debug_abbrev  0x00000000      0x1f2 ./Core/Src/adc.o
 .debug_abbrev  0x000001f2      0x106 ./Core/Src/crc8.o
 .debug_abbrev  0x000002f8      0x2c1 ./Core/Src/crsf_serial.o
 .debug_abbrev  0x000005b9      0x10e ./Core/Src/dma.o
 .debug_abbrev  0x000006c7      0x151 ./Core/Src/gpio.o
 .debug_abbrev  0x00000818      0x2a2 ./Core/Src/main.o
 .debug_abbrev  0x00000aba      0x1bf ./Core/Src/servo_control.o
 .debug_abbrev  0x00000c79       0xd8 ./Core/Src/stm32f4xx_hal_msp.o
 .debug_abbrev  0x00000d51      0x21b ./Core/Src/stm32f4xx_it.o
 .debug_abbrev  0x00000f6c      0x11a ./Core/Src/system_stm32f4xx.o
 .debug_abbrev  0x00001086      0x22a ./Core/Src/tim.o
 .debug_abbrev  0x000012b0      0x22d ./Core/Src/usart.o
 .debug_abbrev  0x000014dd       0x24 ./Core/Startup/startup_stm32f411ceux.o
 .debug_abbrev  0x00001501      0x24b ./Drivers/STM32F4xx_HAL_Driver/Src/stm32f4xx_hal.o
 .debug_abbrev  0x0000174c      0x20e ./Drivers/STM32F4xx_HAL_Driver/Src/stm32f4xx_hal_adc.o
 .debug_abbrev  0x0000195a      0x31d ./Drivers/STM32F4xx_HAL_Driver/Src/stm32f4xx_hal_cortex.o
 .debug_abbrev  0x00001c77      0x221 ./Drivers/STM32F4xx_HAL_Driver/Src/stm32f4xx_hal_dma.o
 .debug_abbrev  0x00001e98      0x1d3 ./Drivers/STM32F4xx_HAL_Driver/Src/stm32f4xx_hal_gpio.o
 .debug_abbrev  0x0000206b      0x2b6 ./Drivers/STM32F4xx_HAL_Driver/Src/stm32f4xx_hal_rcc.o
 .debug_abbrev  0x00002321      0x28b ./Drivers/STM32F4xx_HAL_Driver/Src/stm32f4xx_hal_tim.o
 .debug_abbrev  0x000025ac      0x296 ./Drivers/STM32F4xx_HAL_Driver/Src/stm32f4xx_hal_tim_ex.o
 .debug_abbrev  0x00002842      0x31b ./Drivers/STM32F4xx_HAL_Driver/Src/stm32f4xx_hal_uart.o

.debug_aranges  0x00000000      0xec0
 .debug_aranges
                0x00000000       0x30 ./Core/Src/adc.o
 .debug_aranges
                0x00000030       0x30 ./Core/Src/crc8.o
 .debug_aranges
                0x00000060       0xb0 ./Core/Src/crsf_serial.o
 .debug_aranges
                0x00000110       0x20 ./Core/Src/dma.o
 .debug_aranges
                0x00000130       0x20 ./Core/Src/gpio.o
 .debug_aranges
                0x00000150       0x38 ./Core/Src/main.o
 .debug_aranges
                0x00000188       0x28 ./Core/Src/servo_control.o
 .debug_aranges
                0x000001b0       0x20 ./Core/Src/stm32f4xx_hal_msp.o
 .debug_aranges
                0x000001d0       0x78 ./Core/Src/stm32f4xx_it.o
 .debug_aranges
                0x00000248       0x28 ./Core/Src/system_stm32f4xx.o
 .debug_aranges
                0x00000270       0x40 ./Core/Src/tim.o
 .debug_aranges
                0x000002b0       0x30 ./Core/Src/usart.o
 .debug_aranges
                0x000002e0       0x28 ./Core/Startup/startup_stm32f411ceux.o
 .debug_aranges
                0x00000308       0xf0 ./Drivers/STM32F4xx_HAL_Driver/Src/stm32f4xx_hal.o
 .debug_aranges
                0x000003f8       0xe8 ./Drivers/STM32F4xx_HAL_Driver/Src/stm32f4xx_hal_adc.o
 .debug_aranges
                0x000004e0      0x130 ./Drivers/STM32F4xx_HAL_Driver/Src/stm32f4xx_hal_cortex.o
 .debug_aranges
                0x00000610       0x90 ./Drivers/STM32F4xx_HAL_Driver/Src/stm32f4xx_hal_dma.o
 .debug_aranges
                0x000006a0       0x58 ./Drivers/STM32F4xx_HAL_Driver/Src/stm32f4xx_hal_gpio.o
 .debug_aranges
                0x000006f8       0x88 ./Drivers/STM32F4xx_HAL_Driver/Src/stm32f4xx_hal_rcc.o
 .debug_aranges
                0x00000780      0x3d0 ./Drivers/STM32F4xx_HAL_Driver/Src/stm32f4xx_hal_tim.o
 .debug_aranges
                0x00000b50      0x168 ./Drivers/STM32F4xx_HAL_Driver/Src/stm32f4xx_hal_tim_ex.o
 .debug_aranges
                0x00000cb8      0x208 ./Drivers/STM32F4xx_HAL_Driver/Src/stm32f4xx_hal_uart.o

.debug_rnglists
                0x00000000      0xb81
 .debug_rnglists
                0x00000000       0x21 ./Core/Src/adc.o
 .debug_rnglists
                0x00000021       0x1f ./Core/Src/crc8.o
 .debug_rnglists
                0x00000040       0x9c ./Core/Src/crsf_serial.o
 .debug_rnglists
                0x000000dc       0x13 ./Core/Src/dma.o
 .debug_rnglists
                0x000000ef       0x14 ./Core/Src/gpio.o
 .debug_rnglists
                0x00000103       0x27 ./Core/Src/main.o
 .debug_rnglists
                0x0000012a       0x1a ./Core/Src/servo_control.o
 .debug_rnglists
                0x00000144       0x13 ./Core/Src/stm32f4xx_hal_msp.o
 .debug_rnglists
                0x00000157       0x55 ./Core/Src/stm32f4xx_it.o
 .debug_rnglists
                0x000001ac       0x1a ./Core/Src/system_stm32f4xx.o
 .debug_rnglists
                0x000001c6       0x2e ./Core/Src/tim.o
 .debug_rnglists
                0x000001f4       0x20 ./Core/Src/usart.o
 .debug_rnglists
                0x00000214       0x19 ./Core/Startup/startup_stm32f411ceux.o
 .debug_rnglists
                0x0000022d       0xaf ./Drivers/STM32F4xx_HAL_Driver/Src/stm32f4xx_hal.o
 .debug_rnglists
                0x000002dc       0xb5 ./Drivers/STM32F4xx_HAL_Driver/Src/stm32f4xx_hal_adc.o
 .debug_rnglists
                0x00000391       0xe0 ./Drivers/STM32F4xx_HAL_Driver/Src/stm32f4xx_hal_cortex.o
 .debug_rnglists
                0x00000471       0x70 ./Drivers/STM32F4xx_HAL_Driver/Src/stm32f4xx_hal_dma.o
 .debug_rnglists
                0x000004e1       0x3f ./Drivers/STM32F4xx_HAL_Driver/Src/stm32f4xx_hal_gpio.o
 .debug_rnglists
                0x00000520       0x66 ./Drivers/STM32F4xx_HAL_Driver/Src/stm32f4xx_hal_rcc.o
 .debug_rnglists
                0x00000586      0x31a ./Drivers/STM32F4xx_HAL_Driver/Src/stm32f4xx_hal_tim.o
 .debug_rnglists
                0x000008a0      0x125 ./Drivers/STM32F4xx_HAL_Driver/Src/stm32f4xx_hal_tim_ex.o
 .debug_rnglists
                0x000009c5      0x1bc ./Drivers/STM32F4xx_HAL_Driver/Src/stm32f4xx_hal_uart.o

.debug_macro    0x00000000    0x18795
 .debug_macro   0x00000000      0x20f ./Core/Src/adc.o
 .debug_macro   0x0000020f      0xad8 ./Core/Src/adc.o
 .debug_macro   0x00000ce7      0x2a1 ./Core/Src/adc.o
 .debug_macro   0x00000f88       0x2e ./Core/Src/adc.o
 .debug_macro   0x00000fb6       0x28 ./Core/Src/adc.o
 .debug_macro   0x00000fde       0x22 ./Core/Src/adc.o
 .debug_macro   0x00001000       0x8e ./Core/Src/adc.o
 .debug_macro   0x0000108e       0x51 ./Core/Src/adc.o
 .debug_macro   0x000010df      0x103 ./Core/Src/adc.o
 .debug_macro   0x000011e2       0x6a ./Core/Src/adc.o
 .debug_macro   0x0000124c      0x1df ./Core/Src/adc.o
 .debug_macro   0x0000142b       0x1c ./Core/Src/adc.o
 .debug_macro   0x00001447       0x22 ./Core/Src/adc.o
 .debug_macro   0x00001469       0xfb ./Core/Src/adc.o
 .debug_macro   0x00001564     0x1011 ./Core/Src/adc.o
 .debug_macro   0x00002575      0x11f ./Core/Src/adc.o
 .debug_macro   0x00002694     0xb953 ./Core/Src/adc.o
 .debug_macro   0x0000dfe7       0x6d ./Core/Src/adc.o
 .debug_macro   0x0000e054     0x369a ./Core/Src/adc.o
 .debug_macro   0x000116ee      0x190 ./Core/Src/adc.o
 .debug_macro   0x0001187e       0x5c ./Core/Src/adc.o
 .debug_macro   0x000118da      0x45c ./Core/Src/adc.o
 .debug_macro   0x00011d36      0x9e9 ./Core/Src/adc.o
 .debug_macro   0x0001271f      0x115 ./Core/Src/adc.o
 .debug_macro   0x00012834      0x11b ./Core/Src/adc.o
 .debug_macro   0x0001294f       0xa5 ./Core/Src/adc.o
 .debug_macro   0x000129f4      0x15f ./Core/Src/adc.o
 .debug_macro   0x00012b53      0x287 ./Core/Src/adc.o
 .debug_macro   0x00012dda       0x5f ./Core/Src/adc.o
 .debug_macro   0x00012e39      0x236 ./Core/Src/adc.o
 .debug_macro   0x0001306f      0x9e1 ./Core/Src/adc.o
 .debug_macro   0x00013a50      0x38b ./Core/Src/adc.o
 .debug_macro   0x00013ddb      0x17d ./Core/Src/adc.o
 .debug_macro   0x00013f58       0xf9 ./Core/Src/adc.o
 .debug_macro   0x00014051      0x132 ./Core/Src/adc.o
 .debug_macro   0x00014183      0x264 ./Core/Src/adc.o
 .debug_macro   0x000143e7       0x2e ./Core/Src/adc.o
 .debug_macro   0x00014415      0x127 ./Core/Src/adc.o
 .debug_macro   0x0001453c       0x85 ./Core/Src/adc.o
 .debug_macro   0x000145c1       0x89 ./Core/Src/adc.o
 .debug_macro   0x0001464a      0x8ed ./Core/Src/adc.o
 .debug_macro   0x00014f37       0x47 ./Core/Src/adc.o
 .debug_macro   0x00014f7e      0x2aa ./Core/Src/adc.o
 .debug_macro   0x00015228      0x126 ./Core/Src/adc.o
 .debug_macro   0x0001534e       0x4c ./Core/Src/adc.o
 .debug_macro   0x0001539a       0x73 ./Core/Src/crc8.o
 .debug_macro   0x0001540d      0x2ee ./Core/Src/crsf_serial.o
 .debug_macro   0x000156fb       0x22 ./Core/Src/crsf_serial.o
 .debug_macro   0x0001571d       0x10 ./Core/Src/crsf_serial.o
 .debug_macro   0x0001572d       0x72 ./Core/Src/crsf_serial.o
 .debug_macro   0x0001579f       0x16 ./Core/Src/crsf_serial.o
 .debug_macro   0x000157b5       0x61 ./Core/Src/crsf_serial.o
 .debug_macro   0x00015816       0x2a ./Core/Src/crsf_serial.o
 .debug_macro   0x00015840       0x43 ./Core/Src/crsf_serial.o
 .debug_macro   0x00015883       0x34 ./Core/Src/crsf_serial.o
 .debug_macro   0x000158b7      0x370 ./Core/Src/crsf_serial.o
 .debug_macro   0x00015c27       0x16 ./Core/Src/crsf_serial.o
 .debug_macro   0x00015c3d       0x4a ./Core/Src/crsf_serial.o
 .debug_macro   0x00015c87       0x34 ./Core/Src/crsf_serial.o
 .debug_macro   0x00015cbb       0x10 ./Core/Src/crsf_serial.o
 .debug_macro   0x00015ccb       0x58 ./Core/Src/crsf_serial.o
 .debug_macro   0x00015d23       0x8e ./Core/Src/crsf_serial.o
 .debug_macro   0x00015db1       0x1c ./Core/Src/crsf_serial.o
 .debug_macro   0x00015dcd      0x185 ./Core/Src/crsf_serial.o
 .debug_macro   0x00015f52       0x10 ./Core/Src/crsf_serial.o
 .debug_macro   0x00015f62       0x3c ./Core/Src/crsf_serial.o
 .debug_macro   0x00015f9e       0x20 ./Core/Src/crsf_serial.o
 .debug_macro   0x00015fbe      0x20f ./Core/Src/dma.o
 .debug_macro   0x000161cd      0x20f ./Core/Src/gpio.o
 .debug_macro   0x000163dc      0x350 ./Core/Src/main.o
 .debug_macro   0x0001672c       0x16 ./Core/Src/main.o
 .debug_macro   0x00016742       0x10 ./Core/Src/main.o
 .debug_macro   0x00016752       0x16 ./Core/Src/main.o
 .debug_macro   0x00016768       0x16 ./Core/Src/main.o
 .debug_macro   0x0001677e      0x146 ./Core/Src/main.o
 .debug_macro   0x000168c4       0x28 ./Core/Src/main.o
 .debug_macro   0x000168ec      0x21e ./Core/Src/servo_control.o
 .debug_macro   0x00016b0a      0x205 ./Core/Src/stm32f4xx_hal_msp.o
 .debug_macro   0x00016d0f      0x239 ./Core/Src/stm32f4xx_it.o
 .debug_macro   0x00016f48      0x1f6 ./Core/Src/system_stm32f4xx.o
 .debug_macro   0x0001713e      0x20f ./Core/Src/tim.o
 .debug_macro   0x0001734d      0x20f ./Core/Src/usart.o
 .debug_macro   0x0001755c      0x256 ./Drivers/STM32F4xx_HAL_Driver/Src/stm32f4xx_hal.o
 .debug_macro   0x000177b2      0x1f7 ./Drivers/STM32F4xx_HAL_Driver/Src/stm32f4xx_hal_adc.o
 .debug_macro   0x000179a9      0x1f6 ./Drivers/STM32F4xx_HAL_Driver/Src/stm32f4xx_hal_cortex.o
 .debug_macro   0x00017b9f      0x1fc ./Drivers/STM32F4xx_HAL_Driver/Src/stm32f4xx_hal_dma.o
 .debug_macro   0x00017d9b      0x1fc ./Drivers/STM32F4xx_HAL_Driver/Src/stm32f4xx_hal_gpio.o
 .debug_macro   0x00017f97      0x21a ./Drivers/STM32F4xx_HAL_Driver/Src/stm32f4xx_hal_rcc.o
 .debug_macro   0x000181b1      0x1f7 ./Drivers/STM32F4xx_HAL_Driver/Src/stm32f4xx_hal_tim.o
 .debug_macro   0x000183a8      0x1f6 ./Drivers/STM32F4xx_HAL_Driver/Src/stm32f4xx_hal_tim_ex.o
 .debug_macro   0x0001859e      0x1f7 ./Drivers/STM32F4xx_HAL_Driver/Src/stm32f4xx_hal_uart.o

.debug_line     0x00000000    0x12fc2
 .debug_line    0x00000000      0x815 ./Core/Src/adc.o
 .debug_line    0x00000815      0x504 ./Core/Src/crc8.o
 .debug_line    0x00000d19      0xe34 ./Core/Src/crsf_serial.o
 .debug_line    0x00001b4d      0x78b ./Core/Src/dma.o
 .debug_line    0x000022d8      0x79d ./Core/Src/gpio.o
 .debug_line    0x00002a75      0xa32 ./Core/Src/main.o
 .debug_line    0x000034a7      0x826 ./Core/Src/servo_control.o
 .debug_line    0x00003ccd      0x78d ./Core/Src/stm32f4xx_hal_msp.o
 .debug_line    0x0000445a      0x8c9 ./Core/Src/stm32f4xx_it.o
 .debug_line    0x00004d23      0x812 ./Core/Src/system_stm32f4xx.o
 .debug_line    0x00005535      0x93e ./Core/Src/tim.o
 .debug_line    0x00005e73      0x854 ./Core/Src/usart.o
 .debug_line    0x000066c7       0x7a ./Core/Startup/startup_stm32f411ceux.o
 .debug_line    0x00006741      0xa7f ./Drivers/STM32F4xx_HAL_Driver/Src/stm32f4xx_hal.o
 .debug_line    0x000071c0     0x11d3 ./Drivers/STM32F4xx_HAL_Driver/Src/stm32f4xx_hal_adc.o
 .debug_line    0x00008393      0xd4f ./Drivers/STM32F4xx_HAL_Driver/Src/stm32f4xx_hal_cortex.o
 .debug_line    0x000090e2      0xfeb ./Drivers/STM32F4xx_HAL_Driver/Src/stm32f4xx_hal_dma.o
 .debug_line    0x0000a0cd      0xb9b ./Drivers/STM32F4xx_HAL_Driver/Src/stm32f4xx_hal_gpio.o
 .debug_line    0x0000ac68      0xe8c ./Drivers/STM32F4xx_HAL_Driver/Src/stm32f4xx_hal_rcc.o
 .debug_line    0x0000baf4     0x35c6 ./Drivers/STM32F4xx_HAL_Driver/Src/stm32f4xx_hal_tim.o
 .debug_line    0x0000f0ba     0x197a ./Drivers/STM32F4xx_HAL_Driver/Src/stm32f4xx_hal_tim_ex.o
 .debug_line    0x00010a34     0x258e ./Drivers/STM32F4xx_HAL_Driver/Src/stm32f4xx_hal_uart.o

.debug_str      0x00000000    0x9a93e
 .debug_str     0x00000000    0x9a93e ./Core/Src/adc.o
                              0x92f78 (size before relaxing)
 .debug_str     0x0009a93e     0x3e32 ./Core/Src/crc8.o
 .debug_str     0x0009a93e    0x967fb ./Core/Src/crsf_serial.o
 .debug_str     0x0009a93e    0x92e00 ./Core/Src/dma.o
 .debug_str     0x0009a93e    0x92b06 ./Core/Src/gpio.o
 .debug_str     0x0009a93e    0x96f08 ./Core/Src/main.o
 .debug_str     0x0009a93e    0x92f73 ./Core/Src/servo_control.o
 .debug_str     0x0009a93e    0x92a3b ./Core/Src/stm32f4xx_hal_msp.o
 .debug_str     0x0009a93e    0x9343f ./Core/Src/stm32f4xx_it.o
 .debug_str     0x0009a93e    0x929c7 ./Core/Src/system_stm32f4xx.o
 .debug_str     0x0009a93e    0x93239 ./Core/Src/tim.o
 .debug_str     0x0009a93e    0x933d9 ./Core/Src/usart.o
 .debug_str     0x0009a93e       0xa6 ./Core/Startup/startup_stm32f411ceux.o
 .debug_str     0x0009a93e    0x933f3 ./Drivers/STM32F4xx_HAL_Driver/Src/stm32f4xx_hal.o
 .debug_str     0x0009a93e    0x92fa2 ./Drivers/STM32F4xx_HAL_Driver/Src/stm32f4xx_hal_adc.o
 .debug_str     0x0009a93e    0x9315d ./Drivers/STM32F4xx_HAL_Driver/Src/stm32f4xx_hal_cortex.o
 .debug_str     0x0009a93e    0x92dcf ./Drivers/STM32F4xx_HAL_Driver/Src/stm32f4xx_hal_dma.o
 .debug_str     0x0009a93e    0x92b42 ./Drivers/STM32F4xx_HAL_Driver/Src/stm32f4xx_hal_gpio.o
 .debug_str     0x0009a93e    0x92dfb ./Drivers/STM32F4xx_HAL_Driver/Src/stm32f4xx_hal_rcc.o
 .debug_str     0x0009a93e    0x93d3f ./Drivers/STM32F4xx_HAL_Driver/Src/stm32f4xx_hal_tim.o
 .debug_str     0x0009a93e    0x9354b ./Drivers/STM32F4xx_HAL_Driver/Src/stm32f4xx_hal_tim_ex.o
 .debug_str     0x0009a93e    0x933ca ./Drivers/STM32F4xx_HAL_Driver/Src/stm32f4xx_hal_uart.o

.comment        0x00000000       0x43
 .comment       0x00000000       0x43 ./Core/Src/adc.o
                                 0x44 (size before relaxing)
 .comment       0x00000043       0x44 ./Core/Src/crc8.o
 .comment       0x00000043       0x44 ./Core/Src/crsf_serial.o
 .comment       0x00000043       0x44 ./Core/Src/dma.o
 .comment       0x00000043       0x44 ./Core/Src/gpio.o
 .comment       0x00000043       0x44 ./Core/Src/main.o
 .comment       0x00000043       0x44 ./Core/Src/servo_control.o
 .comment       0x00000043       0x44 ./Core/Src/stm32f4xx_hal_msp.o
 .comment       0x00000043       0x44 ./Core/Src/stm32f4xx_it.o
 .comment       0x00000043       0x44 ./Core/Src/system_stm32f4xx.o
 .comment       0x00000043       0x44 ./Core/Src/tim.o
 .comment       0x00000043       0x44 ./Core/Src/usart.o
 .comment       0x00000043       0x44 ./Drivers/STM32F4xx_HAL_Driver/Src/stm32f4xx_hal.o
 .comment       0x00000043       0x44 ./Drivers/STM32F4xx_HAL_Driver/Src/stm32f4xx_hal_adc.o
 .comment       0x00000043       0x44 ./Drivers/STM32F4xx_HAL_Driver/Src/stm32f4xx_hal_cortex.o
 .comment       0x00000043       0x44 ./Drivers/STM32F4xx_HAL_Driver/Src/stm32f4xx_hal_dma.o
 .comment       0x00000043       0x44 ./Drivers/STM32F4xx_HAL_Driver/Src/stm32f4xx_hal_gpio.o
 .comment       0x00000043       0x44 ./Drivers/STM32F4xx_HAL_Driver/Src/stm32f4xx_hal_rcc.o
 .comment       0x00000043       0x44 ./Drivers/STM32F4xx_HAL_Driver/Src/stm32f4xx_hal_tim.o
 .comment       0x00000043       0x44 ./Drivers/STM32F4xx_HAL_Driver/Src/stm32f4xx_hal_tim_ex.o
 .comment       0x00000043       0x44 ./Drivers/STM32F4xx_HAL_Driver/Src/stm32f4xx_hal_uart.o

.debug_frame    0x00000000     0x3cac
 .debug_frame   0x00000000       0x7c ./Core/Src/adc.o
 .debug_frame   0x0000007c       0x88 ./Core/Src/crc8.o
 .debug_frame   0x00000104      0x2e4 ./Core/Src/crsf_serial.o
 .debug_frame   0x000003e8       0x34 ./Core/Src/dma.o
 .debug_frame   0x0000041c       0x34 ./Core/Src/gpio.o
 .debug_frame   0x00000450       0x90 ./Core/Src/main.o
 .debug_frame   0x000004e0       0x54 ./Core/Src/servo_control.o
 .debug_frame   0x00000534       0x38 ./Core/Src/stm32f4xx_hal_msp.o
 .debug_frame   0x0000056c      0x160 ./Core/Src/stm32f4xx_it.o
 .debug_frame   0x000006cc       0x58 ./Core/Src/system_stm32f4xx.o
 .debug_frame   0x00000724       0xcc ./Core/Src/tim.o
 .debug_frame   0x000007f0       0x74 ./Core/Src/usart.o
 .debug_frame   0x00000864      0x374 ./Drivers/STM32F4xx_HAL_Driver/Src/stm32f4xx_hal.o
 .debug_frame   0x00000bd8      0x3fc ./Drivers/STM32F4xx_HAL_Driver/Src/stm32f4xx_hal_adc.o
 .debug_frame   0x00000fd4      0x508 ./Drivers/STM32F4xx_HAL_Driver/Src/stm32f4xx_hal_cortex.o
 .debug_frame   0x000014dc      0x250 ./Drivers/STM32F4xx_HAL_Driver/Src/stm32f4xx_hal_dma.o
 .debug_frame   0x0000172c      0x14c ./Drivers/STM32F4xx_HAL_Driver/Src/stm32f4xx_hal_gpio.o
 .debug_frame   0x00001878      0x1f4 ./Drivers/STM32F4xx_HAL_Driver/Src/stm32f4xx_hal_rcc.o
 .debug_frame   0x00001a6c     0x11b8 ./Drivers/STM32F4xx_HAL_Driver/Src/stm32f4xx_hal_tim.o
 .debug_frame   0x00002c24      0x638 ./Drivers/STM32F4xx_HAL_Driver/Src/stm32f4xx_hal_tim_ex.o
 .debug_frame   0x0000325c      0x954 ./Drivers/STM32F4xx_HAL_Driver/Src/stm32f4xx_hal_uart.o
 .debug_frame   0x00003bb0       0x28 C:/ST/STM32CubeIDE_1.12.0/STM32CubeIDE/plugins/com.st.stm32cube.ide.mcu.externaltools.gnu-tools-for-stm32.13.3.rel1.win32_1.0.0.202411081344/tools/bin/../lib/gcc/arm-none-eabi/13.3.1/../../../../arm-none-eabi/lib/thumb/v7e-m+fp/hard\libc_nano.a(libc_a-memmove.o)
 .debug_frame   0x00003bd8       0x20 C:/ST/STM32CubeIDE_1.12.0/STM32CubeIDE/plugins/com.st.stm32cube.ide.mcu.externaltools.gnu-tools-for-stm32.13.3.rel1.win32_1.0.0.202411081344/tools/bin/../lib/gcc/arm-none-eabi/13.3.1/../../../../arm-none-eabi/lib/thumb/v7e-m+fp/hard\libc_nano.a(libc_a-memset.o)
 .debug_frame   0x00003bf8       0x2c C:/ST/STM32CubeIDE_1.12.0/STM32CubeIDE/plugins/com.st.stm32cube.ide.mcu.externaltools.gnu-tools-for-stm32.13.3.rel1.win32_1.0.0.202411081344/tools/bin/../lib/gcc/arm-none-eabi/13.3.1/../../../../arm-none-eabi/lib/thumb/v7e-m+fp/hard\libc_nano.a(libc_a-init.o)
 .debug_frame   0x00003c24       0x28 C:/ST/STM32CubeIDE_1.12.0/STM32CubeIDE/plugins/com.st.stm32cube.ide.mcu.externaltools.gnu-tools-for-stm32.13.3.rel1.win32_1.0.0.202411081344/tools/bin/../lib/gcc/arm-none-eabi/13.3.1/../../../../arm-none-eabi/lib/thumb/v7e-m+fp/hard\libc_nano.a(libc_a-memcpy-stub.o)
 .debug_frame   0x00003c4c       0x2c C:/ST/STM32CubeIDE_1.12.0/STM32CubeIDE/plugins/com.st.stm32cube.ide.mcu.externaltools.gnu-tools-for-stm32.13.3.rel1.win32_1.0.0.202411081344/tools/bin/../lib/gcc/arm-none-eabi/13.3.1/thumb/v7e-m+fp/hard\libgcc.a(_aeabi_uldivmod.o)
 .debug_frame   0x00003c78       0x34 C:/ST/STM32CubeIDE_1.12.0/STM32CubeIDE/plugins/com.st.stm32cube.ide.mcu.externaltools.gnu-tools-for-stm32.13.3.rel1.win32_1.0.0.202411081344/tools/bin/../lib/gcc/arm-none-eabi/13.3.1/thumb/v7e-m+fp/hard\libgcc.a(_udivmoddi4.o)

.debug_line_str
                0x00000000       0x8a
 .debug_line_str
                0x00000000       0x8a ./Core/Startup/startup_stm32f411ceux.o
