../Core/Src/crsf_serial.c:10:6:CrsfSerial_Init	24	static
../Core/Src/crsf_serial.c:31:6:CrsfSerial_Begin	16	static
../Core/Src/crsf_serial.c:36:13:ShiftBuffer	16	static
../Core/Src/crsf_serial.c:45:13:CrsfSerial_UnpackChannels	56	static
../Core/Src/crsf_serial.c:73:13:HandlePacket	24	static
../Core/Src/crsf_serial.c:113:6:ProcessByte	24	static
../Core/Src/crsf_serial.c:132:6:CrsfSerial_Loop	16	static
../Core/Src/crsf_serial.c:158:6:CrsfSerial_UART_IdleCallback	32	static
../Core/Src/crsf_serial.c:184:6:CrsfSerial_WriteByte	16	static
../Core/Src/crsf_serial.c:189:9:CrsfSerial_WriteBuffer	24	static
../Core/Src/crsf_serial.c:199:9:CrsfSerial_QueuePacket	96	static
../Core/Src/crsf_serial.c:213:6:CrsfSerial_QueuePacketChannels	40	static
../Core/Src/crsf_serial.c:220:19:Crsf_QueueTelemetryPacket	40	static
../Core/Src/crsf_serial.c:241:19:Crsf_TransmitPacket	24	static
../Core/Src/crsf_serial.c:256:5:CrsfSerial_GetChannel	16	static
../Core/Src/crsf_serial.c:260:6:CrsfSerial_SetChannel	24	static
../Core/Src/crsf_serial.c:265:29:CrsfSerial_GetLinkStatistics	16	static
../Core/Src/crsf_serial.c:269:26:CrsfSerial_GetGpsSensor	16	static
../Core/Src/crsf_serial.c:273:6:CrsfSerial_IsLinkUp	16	static
../Core/Src/crsf_serial.c:277:6:CrsfSerial_GetPassthroughMode	16	static
../Core/Src/crsf_serial.c:281:6:CrsfSerial_SetPassthroughMode	24	static
