../Core/Src/stm32f4xx_it.c:89:6:NMI_Handler	4	static
../Core/Src/stm32f4xx_it.c:104:6:HardFault_Handler	4	static
../Core/Src/stm32f4xx_it.c:119:6:MemManage_Handler	4	static
../Core/Src/stm32f4xx_it.c:134:6:BusFault_Handler	4	static
../Core/Src/stm32f4xx_it.c:149:6:UsageFault_Handler	4	static
../Core/Src/stm32f4xx_it.c:164:6:SVC_Handler	4	static
../Core/Src/stm32f4xx_it.c:177:6:DebugMon_Handler	4	static
../Core/Src/stm32f4xx_it.c:190:6:PendSV_Handler	4	static
../Core/Src/stm32f4xx_it.c:203:6:SysTick_Handler	8	static
../Core/Src/stm32f4xx_it.c:224:6:ADC_IRQHandler	8	static
../Core/Src/stm32f4xx_it.c:238:6:USART1_IRQHandler	16	static
../Core/Src/stm32f4xx_it.c:256:6:DMA2_Stream0_IRQHandler	8	static
../Core/Src/stm32f4xx_it.c:270:6:DMA2_Stream1_IRQHandler	8	static
../Core/Src/stm32f4xx_it.c:284:6:DMA2_Stream2_IRQHandler	8	static
../Core/Src/stm32f4xx_it.c:298:6:DMA2_Stream7_IRQHandler	8	static
../Core/Src/stm32f4xx_it.c:315:6:USART6_IRQHandler	24	static
