12:36:11 **** Incremental Build of configuration Debug for project STM32_RX_Elrs ****
make -j4 all 
arm-none-eabi-gcc "../Core/Src/main.c" -mcpu=cortex-m4 -std=gnu11 -g3 -DDEBUG -DUSE_HAL_DRIVER -DSTM32F411xE -c -I../Core/Inc -I../Drivers/STM32F4xx_HAL_Driver/Inc -I../Drivers/STM32F4xx_HAL_Driver/Inc/Legacy -I../Drivers/CMSIS/Device/ST/STM32F4xx/Include -I../Drivers/CMSIS/Include -O0 -ffunction-sections -fdata-sections -Wall -fstack-usage -fcyclomatic-complexity -MMD -MP -MF"Core/Src/main.d" -MT"Core/Src/main.o" --specs=nano.specs -mfpu=fpv4-sp-d16 -mfloat-abi=hard -mthumb -o "Core/Src/main.o"
arm-none-eabi-gcc -o "STM32_RX_Elrs.elf" @"objects.list"   -mcpu=cortex-m4 -T"C:\Users\khali\OneDrive\Desktop\MQ-9 Reaper\Software\ExpressLRS\STM32_RX_Elrs\STM32_RX_Elrs\STM32F411CEUX_FLASH.ld" --specs=nosys.specs -Wl,-Map="STM32_RX_Elrs.map" -Wl,--gc-sections -static --specs=nano.specs -mfpu=fpv4-sp-d16 -mfloat-abi=hard -mthumb -Wl,--start-group -lc -lm -Wl,--end-group
Finished building target: STM32_RX_Elrs.elf
 
arm-none-eabi-size  STM32_RX_Elrs.elf 
arm-none-eabi-objdump -h -S STM32_RX_Elrs.elf  > "STM32_RX_Elrs.list"
   text	   data	    bss	    dec	    hex	filename
  22320	     12	   2724	  25056	   61e0	STM32_RX_Elrs.elf
Finished building: default.size.stdout
 
Finished building: STM32_RX_Elrs.list
 
